******************************************************************************
                  TI ARM Linker PC v18.1.3                     
******************************************************************************
>> Linked Fri Mar 15 16:29:06 2019

OUTPUT FILE NAME:   <GETworking.out>
ENTRY POINT SYMBOL: "_c_int00_noargs"  address: 2000c59d


MEMORY CONFIGURATION

         name            origin    length      used     unused   attr    fill
----------------------  --------  ---------  --------  --------  ----  --------
  SRAM_CODE             20004000   00013000  00009614  000099ec  RW X
  SRAM_DATA             20017000   00019000  00009ac2  0000f53e  RW X


SEGMENT ALLOCATION MAP

run origin  load origin   length   init length attrs members
----------  ----------- ---------- ----------- ----- -------
20004000    20004000    00009618   00009618    r-x
  20004000    20004000    00000400   00000400    r-- .intvecs
  20004400    20004400    00008b72   00008b72    r-x .text
  2000cf74    2000cf74    00000642   00000642    r-- .const
  2000d5b8    2000d5b8    00000060   00000060    r-- .cinit
20017000    20017000    00008ac4   00000000    rw-
  20017000    20017000    00008000   00000000    rw- .sysmem
  2001f000    2001f000    00000a1a   00000000    rw- .bss
  2001fa1c    2001fa1c    000000a8   00000000    rw- .data
2002f000    2002f000    00001000   00000000    rw-
  2002f000    2002f000    00001000   00000000    rw- .stack


SECTION ALLOCATION MAP

 output                                  attributes/
section   page    origin      length       input sections
--------  ----  ----------  ----------   ----------------
.intvecs   0    20004000    00000400     
                  20004000    00000400     startup_ccs.obj (.intvecs)

.init_array 
*          0    20004000    00000000     UNINITIALIZED

.text      0    20004400    00008b72     
                  20004400    00001464     main.obj (.text)
                  20005864    00000a5e     rtsv7M4_T_le_v4SPD16_eabi.lib : _printfi.c.obj (.text:__TI_printfi)
                  200062c2    00000002     driverlib.a : interrupt.obj (.text:IntDefaultHandler)
                  200062c4    00000590     simplelink.a : driver.obj (.text:_SlDrvMsgRead)
                  20006854    00000398     gpio_if.obj (.text)
                  20006bec    00000280     uart_if.obj (.text)
                  20006e6c    0000027c     simplelink.a : wlan.obj (.text:sl_WlanConnect)
                  200070e8    00000270     rtsv7M4_T_le_v4SPD16_eabi.lib : _printfi.c.obj (.text:_pconv_a)
                  20007358    0000024c     simplelink.a : driver.obj (.text:_SlDrvRxHdrRead)
                  200075a4    000001e4                  : driver.obj (.text:_SlDrvDataReadOp)
                  20007788    000001d0                  : driver.obj (.text:_SlDrvReleasePoolObj)
                  20007958    000001d0     rtsv7M4_T_le_v4SPD16_eabi.lib : _printfi.c.obj (.text:_pconv_g)
                  20007b28    000001b6                                   : fd_add_t2.asm.obj (.text)
                  20007cde    00000002                                   : _lock.c.obj (.text:_nop)
                  20007ce0    000001b4     simplelink.a : driver.obj (.text:_SlDrvDriverCBInit)
                  20007e94    0000019c                  : driver.obj (.text:_SlDrvMsgWrite)
                  20008030    00000190                  : driver.obj (.text:_SlDrvWaitForPoolObj)
                  200081c0    0000018c                  : socket.obj (.text:sl_Connect)
                  2000834c    00000178     driverlib.a : prcm.obj (.text:PRCMCC3200MCUInit)
                  200084c4    00000170     simplelink.a : driver.obj (.text:_SlFindAndSetActiveObj)
                  20008634    00000150                  : driver.obj (.text:_SlDrvDataWriteOp)
                  20008784    00000148                  : cc_pal.obj (.text:spi_Open)
                  200088cc    00000144                  : driver.obj (.text:_SlDrvMsgReadCmdCtx)
                  20008a10    00000144                  : netapp.obj (.text:sl_NetAppDnsGetHostByName)
                  20008b54    0000013c     rtsv7M4_T_le_v4SPD16_eabi.lib : _printfi.c.obj (.text:_pconv_e)
                  20008c90    00000136                                   : fd_div_t2.asm.obj (.text)
                  20008dc6    00000002                                   : div0.asm.obj (.text)
                  20008dc8    00000134     simplelink.a : socket.obj (.text:sl_Send)
                  20008efc    00000130                  : driver.obj (.text:_SlDrvDriverCBDeinit)
                  2000902c    00000120     rtsv7M4_T_le_v4SPD16_eabi.lib : _printfi.c.obj (.text:fcvt)
                  2000914c    00000114                                   : memory.c.obj (.text:realloc)
                  20009260    00000110                                   : s_scalbn.c.obj (.text:scalbn)
                  20009370    00000104     simplelink.a : netapp.obj (.text:_SlDrvNetAppEventHandler)
                  20009474    000000fc     rtsv7M4_T_le_v4SPD16_eabi.lib : fd_mul_t2.asm.obj (.text)
                  20009570    000000f0     simplelink.a : device.obj (.text:sl_Stop)
                  20009660    000000f0                  : cc_pal.obj (.text:spi_Read)
                  20009750    000000f0     driverlib.a : udma.obj (.text:uDMAChannelTransferSet)
                  20009840    000000ec     simplelink.a : device.obj (.text:sl_Start)
                  2000992c    000000e8                  : driver.obj (.text:_SlAsyncEventGenericHandler)
                  20009a14    000000e8                  : driver.obj (.text:_SlDrvMsgReadSpawnCtx)
                  20009afc    000000e4                  : netapp.obj (.text:sl_NetAppMDNSRegisterUnregisterService)
                  20009be0    000000dc                  : driver.obj (.text:_SlDrvClassifyRxMsg)
                  20009cbc    000000d8     rtsv7M4_T_le_v4SPD16_eabi.lib : memory.c.obj (.text:free)
                  20009d94    000000cc     simplelink.a : netapp.obj (.text:_sl_HandleAsync_DnsGetHostByService)
                  20009e60    000000cc                  : device.obj (.text:sl_DevGet)
                  20009f2c    000000c4                  : driver.obj (.text:_SlRemoveFromList)
                  20009ff0    000000c0                  : driver.obj (.text:_SlDrvCmdOp)
                  2000a0b0    000000b1     rtsv7M4_T_le_v4SPD16_eabi.lib : _printfi.c.obj (.text:_ltostr)
                  2000a161    00000003     --HOLE-- [fill = 0]
                  2000a164    000000b0     simplelink.a : nonos.obj (.text:_SlNonOsSemGet)
                  2000a214    000000a8     driverlib.a : interrupt.obj (.text:IntDisable)
                  2000a2bc    000000a8                 : interrupt.obj (.text:IntEnable)
                  2000a364    000000a4     simplelink.a : driver.obj (.text:_SlDriverHandleError)
                  2000a408    000000a0     driverlib.a : spi.obj (.text:SPIConfigSetExpClk)
                  2000a4a8    000000a0     simplelink.a : socket.obj (.text:sl_Recv)
                  2000a548    0000009c     rtsv7M4_T_le_v4SPD16_eabi.lib : memcpy_t2.asm.obj (.text)
                  2000a5e4    0000009a     simplelink.a : device.obj (.text:_SlDrvDeviceEventHandler)
                  2000a67e    00000002     --HOLE-- [fill = 0]
                  2000a680    00000098                  : device.obj (.text:sl_DevSet)
                  2000a718    00000098                  : netcfg.obj (.text:sl_NetCfgSet)
                  2000a7b0    00000098                  : socket.obj (.text:sl_SetSockOpt)
                  2000a848    00000098                  : wlan.obj (.text:sl_WlanSet)
                  2000a8e0    00000098                  : cc_pal.obj (.text:spi_Write)
                  2000a978    00000096     rtsv7M4_T_le_v4SPD16_eabi.lib : ull_div_t2.asm.obj (.text)
                  2000aa0e    00000002     --HOLE-- [fill = 0]
                  2000aa10    00000094     driverlib.a : prcm.obj (.text:PRCMPeripheralClockGet)
                  2000aaa4    00000090     simplelink.a : netapp.obj (.text:_sl_HandleAsync_DnsGetHostByName)
                  2000ab34    00000090                  : netapp.obj (.text:_sl_HandleAsync_PingResponse)
                  2000abc4    00000090                  : wlan.obj (.text:sl_WlanPolicySet)
                  2000ac54    0000008c                  : cc_pal.obj (.text:SetupDMAReceive)
                  2000ace0    0000008c                  : cc_pal.obj (.text:SetupDMASend)
                  2000ad6c    0000008c                  : driver.obj (.text:_SlDrvIsTimeoutExpired)
                  2000adf8    0000008c                  : device.obj (.text:_sl_HandleAsync_InitComplete)
                  2000ae84    0000008c                  : socket.obj (.text:sl_Socket)
                  2000af10    00000088     driverlib.a : pin.obj (.text:PinConfigSet)
                  2000af98    00000086     rtsv7M4_T_le_v4SPD16_eabi.lib : fd_cmp_t2.asm.obj (.text:__aeabi_cdcmple)
                  2000b01e    00000086                                   : fd_cmp_t2.asm.obj (.text:__aeabi_cdrcmple)
                  2000b0a4    00000084     simplelink.a : wlan.obj (.text:sl_WlanRxFilterSet)
                  2000b128    00000082     driverlib.a : gpio.obj (.text:GPIOIntTypeSet)
                  2000b1aa    00000002     --HOLE-- [fill = 0]
                  2000b1ac    00000080     simplelink.a : socket.obj (.text:_sl_HandleAsync_Connect)
                  2000b22c    00000080                  : cc_pal.obj (.text:spi_Read_CPU)
                  2000b2ac    00000080                  : cc_pal.obj (.text:spi_Write_CPU)
                  2000b32c    0000007a     rtsv7M4_T_le_v4SPD16_eabi.lib : memset_t2.asm.obj (.text)
                  2000b3a6    00000002     --HOLE-- [fill = 0]
                  2000b3a8    00000078                                   : memory.c.obj (.text:malloc)
                  2000b420    00000078     simplelink.a : cc_pal.obj (.text:spi_Close)
                  2000b498    00000076     driverlib.a : uart.obj (.text:UARTConfigSetExpClk)
                  2000b50e    00000002     --HOLE-- [fill = 0]
                  2000b510    00000074     simplelink.a : nonos.obj (.text:_SlNonOsMainLoopTask)
                  2000b584    0000006e     rtsv7M4_T_le_v4SPD16_eabi.lib : _printfi.c.obj (.text:_mcpy)
                  2000b5f2    00000002     --HOLE-- [fill = 0]
                  2000b5f4    0000006c     simplelink.a : driver.obj (.text:_SlDrvCmdSend)
                  2000b660    0000006c                  : netapp.obj (.text:_sl_NetAppSendTokenValue)
                  2000b6cc    00000068     rtsv7M4_T_le_v4SPD16_eabi.lib : copy_decompress_lzss.c.obj (.text:decompress:lzss:__TI_decompress_lzss)
                  2000b734    00000064     simplelink.a : nonos.obj (.text:_SlNonOsSpawn)
                  2000b798    00000064                  : socket.obj (.text:_sl_HandleAsync_Accept)
                  2000b7fc    00000064     rtsv7M4_T_le_v4SPD16_eabi.lib : s_frexp.c.obj (.text:frexp)
                  2000b860    00000064     simplelink.a : netapp.obj (.text:sl_NetAppMDNSUnRegisterService)
                  2000b8c4    00000064     driverlib.a : udma.obj (.text:uDMAChannelAttributeDisable)
                  2000b928    00000064                 : udma.obj (.text:uDMAChannelAttributeEnable)
                  2000b98c    00000060     simplelink.a : socket.obj (.text:sl_Close)
                  2000b9ec    00000060                  : wlan.obj (.text:sl_WlanProfileDel)
                  2000ba4c    00000060                  : wlan.obj (.text:sl_WlanSetMode)
                  2000baac    00000058     driverlib.a : interrupt.obj (.text:IntPendClear)
                  2000bb04    00000058                 : prcm.obj (.text:PRCMPeripheralReset)
                  2000bb5c    00000058     pinmux.obj (.text)
                  2000bbb4    00000056     rtsv7M4_T_le_v4SPD16_eabi.lib : _printfi.c.obj (.text:_pconv_f)
                  2000bc0a    00000002     --HOLE-- [fill = 0]
                  2000bc0c    00000054     driverlib.a : interrupt.obj (.text:IntPrioritySet)
                  2000bc60    00000054     simplelink.a : driver.obj (.text:_SlDrvRxIrqHandler)
                  2000bcb4    00000054                  : socket.obj (.text:_sl_HandleAsync_Select)
                  2000bd08    00000054     rtsv7M4_T_le_v4SPD16_eabi.lib : ltoa.c.obj (.text:ltoa)
                  2000bd5c    00000052                                   : _printfi.c.obj (.text:_ecpy)
                  2000bdae    00000002     --HOLE-- [fill = 0]
                  2000bdb0    00000050     simplelink.a : device.obj (.text:_sl_HandleAsync_Stop)
                  2000be00    0000004c     driverlib.a : spi.obj (.text:SPIIntEnable)
                  2000be4c    0000004c                 : spi.obj (.text:SPIIntNumberGet)
                  2000be98    0000004c     simplelink.a : driver.obj (.text:_SlDrvProtectAsyncRespSetting)
                  2000bee4    0000004c                  : socket.obj (.text:_sl_BuildAddress)
                  2000bf30    0000004c     rtsv7M4_T_le_v4SPD16_eabi.lib : atoi.c.obj (.text:atoi)
                  2000bf7c    0000004c     driverlib.a : udma.obj (.text:uDMAChannelAssign)
                  2000bfc8    00000048                 : gpio.obj (.text:GPIOGetIntNumber)
                  2000c010    00000048                 : spi.obj (.text:SPIIntClear)
                  2000c058    00000048     simplelink.a : driver.obj (.text:_SlDrvBasicCmd)
                  2000c0a0    00000048     rtsv7M4_T_le_v4SPD16_eabi.lib : fd_toi_t2.asm.obj (.text)
                  2000c0e8    00000044     driverlib.a : spi.obj (.text:SPIDmaMaskGet)
                  2000c12c    00000044                 : timer.obj (.text:TimerConfigure)
                  2000c170    00000044     simplelink.a : driver.obj (.text:_SlDrvSyncObjWaitTimeout)
                  2000c1b4    00000044     rtsv7M4_T_le_v4SPD16_eabi.lib : autoinit.c.obj (.text:__TI_auto_init_nobinit_nopinit:__TI_auto_init_nobinit_nopinit)
                  2000c1f8    00000044     simplelink.a : cc_pal.obj (.text:cc_SetupTransfer)
                  2000c23c    00000042                  : socket.obj (.text:sl_Htonl)
                  2000c27e    00000002     --HOLE-- [fill = 0]
                  2000c280    00000040     driverlib.a : pin.obj (.text:PinModeSet)
                  2000c2c0    00000040     simplelink.a : socket.obj (.text:_sl_TruncatePayloadByProtocol)
                  2000c300    00000040     rtsv7M4_T_le_v4SPD16_eabi.lib : strtok.c.obj (.text:strtok)
                  2000c340    00000040                                   : vsnprintf.c.obj (.text:vsnprintf)
                  2000c380    0000003e     simplelink.a : cc_pal.obj (.text:NwpRegisterInterruptHandler)
                  2000c3be    0000003e     rtsv7M4_T_le_v4SPD16_eabi.lib : _printfi.c.obj (.text:_fcpy)
                  2000c3fc    0000003c     simplelink.a : netapp.obj (.text:CopyPingResultsToReport)
                  2000c438    0000003c     driverlib.a : prcm.obj (.text:PRCMPeripheralClkEnable)
                  2000c474    0000003c     rtsv7M4_T_le_v4SPD16_eabi.lib : memory.c.obj (.text:minsert)
                  2000c4b0    0000003c     simplelink.a : cc_pal.obj (.text:simplelink_timerA2_start)
                  2000c4ec    0000003c                  : socket.obj (.text:sl_Htons)
                  2000c528    0000003c     driverlib.a : udma.obj (.text:uDMAChannelControlSet)
                  2000c564    00000038     simplelink.a : cc_pal.obj (.text:NwpPowerOff)
                  2000c59c    00000038     rtsv7M4_T_le_v4SPD16_eabi.lib : boot_cortex_m.c.obj (.text:_c_int00_noargs:_c_int00_noargs)
                  2000c5d4    00000038                                   : memory.c.obj (.text:minit)
                  2000c60c    00000038     simplelink.a : wlan.obj (.text:sl_WlanDisconnect)
                  2000c644    00000036     driverlib.a : gpio.obj (.text:GPIODirModeSet)
                  2000c67a    00000002     --HOLE-- [fill = 0]
                  2000c67c    00000034                 : prcm.obj (.text:PRCMPeripheralStatusGet)
                  2000c6b0    00000034                 : spi.obj (.text:SPIFIFOLevelSet)
                  2000c6e4    00000030                 : pin.obj (.text:PinTypeGPIO)
                  2000c714    00000030                 : uart.obj (.text:UARTDisable)
                  2000c744    00000030     rtsv7M4_T_le_v4SPD16_eabi.lib : vsnprintf.c.obj (.text:_outs)
                  2000c774    0000002e                                   : i_tofd_t2.asm.obj (.text)
                  2000c7a2    00000002     --HOLE-- [fill = 0]
                  2000c7a4    0000002c     simplelink.a : cc_pal.obj (.text:NwpPowerOn)
                  2000c7d0    0000002c     driverlib.a : prcm.obj (.text:PRCMSysResetCauseGet)
                  2000c7fc    0000002c     simplelink.a : driver.obj (.text:_SlDrvObjGlobalLockWaitForever)
                  2000c828    0000002c                  : driver.obj (.text:_SlDrvProtectionObjLockWaitForever)
                  2000c854    0000002a     driverlib.a : timer.obj (.text:TimerLoadSet)
                  2000c87e    0000002a                 : timer.obj (.text:TimerPrescaleSet)
                  2000c8a8    0000002a     rtsv7M4_T_le_v4SPD16_eabi.lib : strspn.c.obj (.text:strspn)
                  2000c8d2    00000002     --HOLE-- [fill = 0]
                  2000c8d4    00000028     driverlib.a : prcm.obj (.text:PRCMPeripheralClkDisable)
                  2000c8fc    00000028     simplelink.a : driver.obj (.text:_SlDrvGlobalObjUnLock)
                  2000c924    00000028                  : driver.obj (.text:_SlDrvProtectionObjUnLock)
                  2000c94c    00000028                  : driver.obj (.text:_SlDrvSyncObjWaitForever)
                  2000c974    00000028     rtsv7M4_T_le_v4SPD16_eabi.lib : memory.c.obj (.text:mremove)
                  2000c99c    00000026     simplelink.a : driver.obj (.text:_SlDrvObjLockWaitForever)
                  2000c9c2    00000002     --HOLE-- [fill = 0]
                  2000c9c4    00000024                  : cc_pal.obj (.text:DmaSpiSwIntHandler)
                  2000c9e8    00000024     driverlib.a : interrupt.obj (.text:IntUnregister)
                  2000ca0c    00000024                 : uart.obj (.text:UARTEnable)
                  2000ca30    00000024     rtsv7M4_T_le_v4SPD16_eabi.lib : memmov.c.obj (.text:memmove)
                  2000ca54    00000024                                   : strcspn.c.obj (.text:strcspn)
                  2000ca78    00000022     driverlib.a : spi.obj (.text:SPIReset)
                  2000ca9a    00000022                 : spi.obj (.text:SPIWordCountSet)
                  2000cabc    00000020                 : gpio.obj (.text:GPIOPinWrite)
                  2000cadc    00000020                 : interrupt.obj (.text:IntRegister)
                  2000cafc    00000020     simplelink.a : cc_pal.obj (.text:NwpPrePowerOffTimout0)
                  2000cb1c    00000020                  : cc_pal.obj (.text:TimerGetCurrentTimestamp)
                  2000cb3c    00000020                  : driver.obj (.text:_SlDrvObjUnLock)
                  2000cb5c    00000020                  : driver.obj (.text:_SlDrvSyncObjSignal)
                  2000cb7c    0000001e     driverlib.a : gpio.obj (.text:GPIOIntRegister)
                  2000cb9a    0000001e                 : timer.obj (.text:TimerEnable)
                  2000cbb8    0000001e                 : uart.obj (.text:UARTCharPut)
                  2000cbd6    0000001e     simplelink.a : cc_pal.obj (.text:cc_UDMAChannelSelect)
                  2000cbf4    0000001c     driverlib.a : timer.obj (.text:TimerValueGet)
                  2000cc10    0000001c                 : uart.obj (.text:UARTCharGetNonBlocking)
                  2000cc2c    0000001c     simplelink.a : driver.obj (.text:_SlDrvStartMeasureTimeout)
                  2000cc48    0000001c     rtsv7M4_T_le_v4SPD16_eabi.lib : memccpy.c.obj (.text:memccpy)
                  2000cc64    0000001c     driverlib.a : udma.obj (.text:uDMAChannelEnable)
                  2000cc80    0000001a                 : gpio.obj (.text:GPIOIntEnable)
                  2000cc9a    0000001a                 : pin.obj (.text:PinTypeUART)
                  2000ccb4    0000001a                 : spi.obj (.text:SPIDmaDisable)
                  2000ccce    0000001a                 : spi.obj (.text:SPIDmaEnable)
                  2000cce8    0000001a                 : spi.obj (.text:SPIFIFODisable)
                  2000cd02    0000001a                 : spi.obj (.text:SPIFIFOEnable)
                  2000cd1c    0000001a                 : spi.obj (.text:SPIIntUnregister)
                  2000cd36    00000018                 : gpio.obj (.text:GPIOPinRead)
                  2000cd4e    00000018                 : spi.obj (.text:SPICSDisable)
                  2000cd66    00000018                 : spi.obj (.text:SPICSEnable)
                  2000cd7e    00000018                 : spi.obj (.text:SPIDisable)
                  2000cd96    00000018                 : spi.obj (.text:SPIEnable)
                  2000cdae    00000018                 : uart.obj (.text:UARTCharsAvail)
                  2000cdc6    00000018     simplelink.a : nonos.obj (.text:_SlNonOsSemSet)
                  2000cdde    00000018     rtsv7M4_T_le_v4SPD16_eabi.lib : vsnprintf.c.obj (.text:_outc)
                  2000cdf6    00000002     --HOLE-- [fill = 0]
                  2000cdf8    00000018     simplelink.a : device.obj (.text:_sl_GetStartResponseConvert)
                  2000ce10    00000016     driverlib.a : prcm.obj (.text:PRCMHIBRegRead)
                  2000ce26    00000016                 : prcm.obj (.text:PRCMHIBRegWrite)
                  2000ce3c    00000016     simplelink.a : driver.obj (.text:_SlDrvMemZero)
                  2000ce52    00000016     rtsv7M4_T_le_v4SPD16_eabi.lib : strchr.c.obj (.text:strchr)
                  2000ce68    00000014     driverlib.a : cpu.obj (.text:CPUcpsie)
                  2000ce7c    00000014                 : gpio.obj (.text:GPIOIntClear)
                  2000ce90    00000014                 : interrupt.obj (.text:IntVTableBaseSet)
                  2000cea4    00000014     rtsv7M4_T_le_v4SPD16_eabi.lib : s_copysign.c.obj (.text:copysign)
                  2000ceb8    00000014                                   : strcpy.c.obj (.text:strcpy)
                  2000cecc    00000014                                   : strlen.c.obj (.text:strlen)
                  2000cee0    00000012                                   : wcslen.c.obj (.text:wcslen)
                  2000cef2    00000010     simplelink.a : driver.obj (.text:_SlDrvDispatchHttpServerEvents)
                  2000cf02    0000000e                  : driver.obj (.text:_SlDrvResetCmdExt)
                  2000cf10    0000000e     rtsv7M4_T_le_v4SPD16_eabi.lib : copy_decompress_none.c.obj (.text:decompress:none:__TI_decompress_none)
                  2000cf1e    0000000e     startup_ccs.obj (.text)
                  2000cf2c    0000000c     simplelink.a : cc_pal.obj (.text:NwpMaskInterrupt)
                  2000cf38    0000000c                  : cc_pal.obj (.text:NwpUnMaskInterrupt)
                  2000cf44    0000000c     rtsv7M4_T_le_v4SPD16_eabi.lib : copy_zero_init.c.obj (.text:decompress:ZI:__TI_zero_init)
                  2000cf50    0000000a     driverlib.a : interrupt.obj (.text:IntMasterEnable)
                  2000cf5a    00000002     --HOLE-- [fill = 0]
                  2000cf5c    00000008     rtsv7M4_T_le_v4SPD16_eabi.lib : errno.c.obj (.text:__aeabi_errno_addr)
                  2000cf64    00000006     driverlib.a : utils.obj (.text:UtilsDelay)
                  2000cf6a    00000004     rtsv7M4_T_le_v4SPD16_eabi.lib : pre_init.c.obj (.text:_system_pre_init)
                  2000cf6e    00000004                                   : exit.c.obj (.text:abort:abort)

.const     0    2000cf74    00000642     
                  2000cf74    00000101     rtsv7M4_T_le_v4SPD16_eabi.lib : ctype.c.obj (.const:.string:_ctypes_)
                  2000d075    00000003     --HOLE-- [fill = 0]
                  2000d078    00000100     driverlib.a : pin.obj (.const:g_ulPinToPadMap)
                  2000d178    000000d4                 : interrupt.obj (.const:g_pulRegs)
                  2000d24c    000000a8                 : prcm.obj (.const:PRCM_PeriphRegsList)
                  2000d2f4    00000080                 : interrupt.obj (.const)
                  2000d374    0000003c     simplelink.a : driver.obj (.const:OpcodeTranslateTable)
                  2000d3b0    00000038                  : driver.obj (.const:_SlActionLookupTable)
                  2000d3e8    00000030     main.obj (.const:.string)
                  2000d418    0000002c     main.obj (.const:$P$T1$2)
                  2000d444    00000024     driverlib.a : spi.obj (.const:g_ppulSPIIntMap)
                  2000d468    00000022     main.obj (.const:.string:$P$T0$1)
                  2000d48a    00000002     --HOLE-- [fill = 0]
                  2000d48c    00000020     simplelink.a : driver.obj (.const:RxMsgClassLUT)
                  2000d4ac    00000018     driverlib.a : spi.obj (.const)
                  2000d4c4    00000015     main.obj (.const:.string:$P$T6$7)
                  2000d4d9    00000003     --HOLE-- [fill = 0]
                  2000d4dc    00000014     simplelink.a : driver.obj (.const:$P$T0$1)
                  2000d4f0    00000014                  : nonos.obj (.const:$P$T0$1)
                  2000d504    00000014     main.obj (.const:$P$T2$3)
                  2000d518    00000010     simplelink.a : socket.obj (.const:.string:_SlPayloadByProtocolLUT)
                  2000d528    0000000c     main.obj (.const:$P$T4$5)
                  2000d534    0000000c     main.obj (.const:.string:$P$T3$4)
                  2000d540    00000009     main.obj (.const:.string:$P$T5$6)
                  2000d549    00000008     simplelink.a : device.obj (.const:StartResponseLUT)
                  2000d551    00000003     --HOLE-- [fill = 0]
                  2000d554    00000008                  : driver.obj (.const:g_H2NCnysPattern)
                  2000d55c    00000008                  : driver.obj (.const:g_H2NSyncPattern)
                  2000d564    00000005     main.obj (.const:.string:$P$T7$8)
                  2000d569    00000001     --HOLE-- [fill = 0]
                  2000d56a    00000004     simplelink.a : wlan.obj (.const:$P$T0$1)
                  2000d56e    00000004                  : socket.obj (.const:$P$T2$3)
                  2000d572    00000004                  : device.obj (.const:_SlDeviceGetCmdCtrl)
                  2000d576    00000004                  : device.obj (.const:_SlDeviceSetCmdCtrl)
                  2000d57a    00000004                  : netapp.obj (.const:_SlGetHostByNameCtrl)
                  2000d57e    00000004                  : netapp.obj (.const:_SlNetAppSendTokenValueCmdCtrl)
                  2000d582    00000004                  : netcfg.obj (.const:_SlNetCfgSetCmdCtrl)
                  2000d586    00000004                  : wlan.obj (.const:_SlPolicySetCmdCtrl)
                  2000d58a    00000004                  : wlan.obj (.const:_SlProfileDelCmdCtrl)
                  2000d58e    00000004                  : socket.obj (.const:_SlRecvCmdCtrl)
                  2000d592    00000004                  : netapp.obj (.const:_SlRegisterServiceCtrl)
                  2000d596    00000004                  : wlan.obj (.const:_SlRxFilterSetCmdCtrl)
                  2000d59a    00000004                  : socket.obj (.const:_SlSendCmdCtrl)
                  2000d59e    00000004                  : socket.obj (.const:_SlSetSockOptCmdCtrl)
                  2000d5a2    00000004                  : socket.obj (.const:_SlSockCloseCmdCtrl)
                  2000d5a6    00000004                  : socket.obj (.const:_SlSockSocketCmdCtrl)
                  2000d5aa    00000004                  : device.obj (.const:_SlStopCmdCtrl)
                  2000d5ae    00000004                  : wlan.obj (.const:_SlWlanCfgSetCmdCtrl)
                  2000d5b2    00000004                  : wlan.obj (.const:_SlWlanSetModeCmdCtrl)

.cinit     0    2000d5b8    00000060     
                  2000d5b8    00000038     (.cinit..data.load) [load image, compression = lzss]
                  2000d5f0    0000000c     (__TI_handler_table)
                  2000d5fc    00000004     --HOLE-- [fill = 0]
                  2000d600    00000008     (.cinit..bss.load) [load image, compression = zero_init]
                  2000d608    00000010     (__TI_cinit_table)

.sysmem    0    20017000    00008000     UNINITIALIZED
                  20017000    00000008     rtsv7M4_T_le_v4SPD16_eabi.lib : memory.c.obj (.sysmem)
                  20017008    00007ff8     --HOLE--

.bss       0    2001f000    00000a1a     UNINITIALIZED
                  2001f000    00000800     (.common:DataBuff)
                  2001f800    00000168     simplelink.a : driver.obj (.bss:g_StatMem)
                  2001f968    00000050     (.common:g_ucDinDout)
                  2001f9b8    0000002c     (.common:g_time)
                  2001f9e4    00000024     (.common:g_ucConnectionSSID)
                  2001fa08    00000008     (.common:g_ucConnectionBSSID)
                  2001fa10    00000004     uart_if.obj (.bss)
                  2001fa14    00000001     (.common:RxIrqCnt)
                  2001fa15    00000001     (.common:g_bDeviceRestartIsRequired)
                  2001fa16    00000001     (.common:g_cDummy)
                  2001fa17    00000001     (.common:g_ucLED1Pin)
                  2001fa18    00000001     (.common:g_ucLED2Pin)
                  2001fa19    00000001     (.common:g_ucLED3Pin)

.data      0    2001fa1c    000000a8     UNINITIALIZED
                  2001fa1c    0000003c     simplelink.a : nonos.obj (.data:g__SlNonOsCB)
                  2001fa58    00000014     main.obj (.data)
                  2001fa6c    00000014     gpio_if.obj (.data:ulReg)
                  2001fa80    0000000d     simplelink.a : driver.obj (.data)
                  2001fa8d    00000003     --HOLE--
                  2001fa90    0000000c     rtsv7M4_T_le_v4SPD16_eabi.lib : memory.c.obj (.data:$O1$$)
                  2001fa9c    0000000c     gpio_if.obj (.data)
                  2001faa8    00000009     simplelink.a : cc_pal.obj (.data)
                  2001fab1    00000003     --HOLE--
                  2001fab4    00000008     rtsv7M4_T_le_v4SPD16_eabi.lib : _lock.c.obj (.data:$O1$$)
                  2001fabc    00000004                                   : errno.c.obj (.data)
                  2001fac0    00000004                                   : strtok.c.obj (.data)

.stack     0    2002f000    00001000     UNINITIALIZED
                  2002f000    00000004     rtsv7M4_T_le_v4SPD16_eabi.lib : boot_cortex_m.c.obj (.stack)
                  2002f004    00000ffc     --HOLE--

MODULE SUMMARY

       Module                       code    ro data   rw data
       ------                       ----    -------   -------
    .\
       main.obj                     5220    205       2156   
       startup_ccs.obj              14      1024      0      
       gpio_if.obj                  920     0         35     
       uart_if.obj                  640     0         4      
       pinmux.obj                   88      0         0      
    +--+----------------------------+-------+---------+---------+
       Total:                       6882    1229      2195   
                                                             
    C:/ti/CC3200SDK_1.3.0/cc3200-sdk/driverlib/ccs/Release/driverlib.a
       prcm.obj                     852     168       0      
       interrupt.obj                608     340       0      
       spi.obj                      798     60        0      
       udma.obj                     604     0         0      
       pin.obj                      274     256       0      
       gpio.obj                     388     0         0      
       uart.obj                     284     0         0      
       timer.obj                    210     0         0      
       cpu.obj                      20      0         0      
       utils.obj                    6       0         0      
    +--+----------------------------+-------+---------+---------+
       Total:                       4044    824       0      
                                                             
    C:/ti/CC3200SDK_1.3.0/cc3200-sdk/simplelink/ccs/NON_OS/simplelink.a
       driver.obj                   7714    184       375    
       cc_pal.obj                   1820    0         90     
       socket.obj                   1830    40        0      
       netapp.obj                   1572    12        0      
       wlan.obj                     1312    24        0      
       device.obj                   1230    20        0      
       nonos.obj                    416     20        60     
       netcfg.obj                   152     4         0      
    +--+----------------------------+-------+---------+---------+
       Total:                       16046   304       525    
                                                             
    C:\ti\ccsv8\tools\compiler\ti-cgt-arm_18.1.3.LTS\lib\rtsv7M4_T_le_v4SPD16_eabi.lib
       _printfi.c.obj               4863    0         0      
       memory.c.obj                 768     0         12     
       fd_add_t2.asm.obj            438     0         0      
       fd_div_t2.asm.obj            310     0         0      
       s_scalbn.c.obj               272     0         0      
       fd_cmp_t2.asm.obj            268     0         0      
       ctype.c.obj                  0       257       0      
       fd_mul_t2.asm.obj            252     0         0      
       memcpy_t2.asm.obj            156     0         0      
       ull_div_t2.asm.obj           150     0         0      
       vsnprintf.c.obj              136     0         0      
       memset_t2.asm.obj            122     0         0      
       copy_decompress_lzss.c.obj   104     0         0      
       s_frexp.c.obj                100     0         0      
       ltoa.c.obj                   84      0         0      
       atoi.c.obj                   76      0         0      
       fd_toi_t2.asm.obj            72      0         0      
       autoinit.c.obj               68      0         0      
       strtok.c.obj                 64      0         4      
       boot_cortex_m.c.obj          56      0         0      
       i_tofd_t2.asm.obj            46      0         0      
       strspn.c.obj                 42      0         0      
       memmov.c.obj                 36      0         0      
       strcspn.c.obj                36      0         0      
       memccpy.c.obj                28      0         0      
       strchr.c.obj                 22      0         0      
       s_copysign.c.obj             20      0         0      
       strcpy.c.obj                 20      0         0      
       strlen.c.obj                 20      0         0      
       wcslen.c.obj                 18      0         0      
       copy_decompress_none.c.obj   14      0         0      
       copy_zero_init.c.obj         12      0         0      
       errno.c.obj                  8       0         4      
       _lock.c.obj                  2       0         8      
       exit.c.obj                   4       0         0      
       pre_init.c.obj               4       0         0      
       div0.asm.obj                 2       0         0      
    +--+----------------------------+-------+---------+---------+
       Total:                       8693    257       28     
                                                             
       Heap:                        0       0         32768  
       Stack:                       0       0         4096   
       Linker Generated:            0       92        0      
    +--+----------------------------+-------+---------+---------+
       Grand Total:                 35665   2706      39612  


LINKER GENERATED COPY TABLES

__TI_cinit_table @ 2000d608 records: 2, size/record: 8, table size: 16
	.data: load addr=2000d5b8, load size=00000038 bytes, run addr=2001fa1c, run size=000000a8 bytes, compression=lzss
	.bss: load addr=2000d600, load size=00000008 bytes, run addr=2001f000, run size=00000a1a bytes, compression=zero_init


LINKER GENERATED HANDLER TABLE

__TI_handler_table @ 2000d5f0 records: 3, size/record: 4, table size: 12
	index: 0, handler: __TI_decompress_lzss
	index: 1, handler: __TI_decompress_none
	index: 2, handler: __TI_zero_init


GLOBAL SYMBOLS: SORTED ALPHABETICALLY BY Name 

address   name                                  
-------   ----                                  
2000cf6f  C$$EXIT                               
2000ce69  CPUcpsie                              
20006c2d  ClearTerm                             
2001f000  DataBuff                              
2000c9c5  DmaSpiSwIntHandler                    
20006c37  Error                                 
2000c645  GPIODirModeSet                        
2000ce7d  GPIOIntClear                          
2000cc81  GPIOIntEnable                         
2000cb7d  GPIOIntRegister                       
2000b129  GPIOIntTypeSet                        
2000cd37  GPIOPinRead                           
2000cabd  GPIOPinWrite                          
20006b15  GPIO_IF_ConfigureNIntEnable           
20006ba1  GPIO_IF_Get                           
20006acf  GPIO_IF_GetPortNPin                   
20006891  GPIO_IF_LedConfigure                  
20006983  GPIO_IF_LedOff                        
200068cf  GPIO_IF_LedOn                         
20006a37  GPIO_IF_LedStatus                     
20006aa1  GPIO_IF_LedToggle                     
20006b5d  GPIO_IF_Set                           
20006c6f  GetCmd                                
20006bed  InitTerm                              
2000a215  IntDisable                            
2000a2bd  IntEnable                             
2000cf51  IntMasterEnable                       
2000baad  IntPendClear                          
2000bc0d  IntPrioritySet                        
2000cadd  IntRegister                           
2000c9e9  IntUnregister                         
2000ce91  IntVTableBaseSet                      
20006c0b  Message                               
2000cf2d  NwpMaskInterrupt                      
2000c565  NwpPowerOff                           
2000c7a5  NwpPowerOn                            
2000cafd  NwpPrePowerOffTimout0                 
2000c381  NwpRegisterInterruptHandler           
2000cf39  NwpUnMaskInterrupt                    
2000d374  OpcodeTranslateTable                  
2000834d  PRCMCC3200MCUInit                     
2000ce11  PRCMHIBRegRead                        
2000ce27  PRCMHIBRegWrite                       
2000c8d5  PRCMPeripheralClkDisable              
2000c439  PRCMPeripheralClkEnable               
2000aa11  PRCMPeripheralClockGet                
2000bb05  PRCMPeripheralReset                   
2000c67d  PRCMPeripheralStatusGet               
2000c7d1  PRCMSysResetCauseGet                  
2000af11  PinConfigSet                          
2000c281  PinModeSet                            
2000bb5d  PinMuxConfig                          
2000c6e5  PinTypeGPIO                           
2000cc9b  PinTypeUART                           
20006dad  Report                                
2000cf1f  ResetISR                              
2001fa14  RxIrqCnt                              
2000cd4f  SPICSDisable                          
2000cd67  SPICSEnable                           
2000a409  SPIConfigSetExpClk                    
2000cd7f  SPIDisable                            
2000ccb5  SPIDmaDisable                         
2000cccf  SPIDmaEnable                          
2000cd97  SPIEnable                             
2000cce9  SPIFIFODisable                        
2000cd03  SPIFIFOEnable                         
2000c6b1  SPIFIFOLevelSet                       
2000c011  SPIIntClear                           
2000be01  SPIIntEnable                          
2000cd1d  SPIIntUnregister                      
2000ca79  SPIReset                              
2000ca9b  SPIWordCountSet                       
200045d5  SimpleLinkGeneralEventHandler         
200045b1  SimpleLinkHttpServerCallback          
2000450f  SimpleLinkNetAppEventHandler          
200045f5  SimpleLinkSockEventHandler            
20004401  SimpleLinkWlanEventHandler            
2000c12d  TimerConfigure                        
2000cb9b  TimerEnable                           
2000cb1d  TimerGetCurrentTimestamp              
2000c855  TimerLoadSet                          
2000c87f  TimerPrescaleSet                      
2000cbf5  TimerValueGet                         
20006d15  TrimSpace                             
2000cc11  UARTCharGetNonBlocking                
2000cbb9  UARTCharPut                           
2000cdaf  UARTCharsAvail                        
2000b499  UARTConfigSetExpClk                   
2000c715  UARTDisable                           
2000ca0d  UARTEnable                            
2000cf65  UtilsDelay                            
2000d3b0  _SlActionLookupTable                  
2000a365  _SlDriverHandleError                  
2000c059  _SlDrvBasicCmd                        
20009ff1  _SlDrvCmdOp                           
2000b5f5  _SlDrvCmdSend                         
200075a5  _SlDrvDataReadOp                      
20008635  _SlDrvDataWriteOp                     
2000a5e5  _SlDrvDeviceEventHandler              
2000cef3  _SlDrvDispatchHttpServerEvents        
20008efd  _SlDrvDriverCBDeinit                  
20007ce1  _SlDrvDriverCBInit                    
2000c8fd  _SlDrvGlobalObjUnLock                 
2000ad6d  _SlDrvIsTimeoutExpired                
2000ce3d  _SlDrvMemZero                         
20009a15  _SlDrvMsgReadSpawnCtx                 
20009371  _SlDrvNetAppEventHandler              
2000c99d  _SlDrvObjLockWaitForever              
2000cb3d  _SlDrvObjUnLock                       
2000be99  _SlDrvProtectAsyncRespSetting         
2000c829  _SlDrvProtectionObjLockWaitForever    
2000c925  _SlDrvProtectionObjUnLock             
20007789  _SlDrvReleasePoolObj                  
2000cf03  _SlDrvResetCmdExt                     
2000bc61  _SlDrvRxIrqHandler                    
2000cc2d  _SlDrvStartMeasureTimeout             
2000cb5d  _SlDrvSyncObjSignal                   
2000c94d  _SlDrvSyncObjWaitForever              
2000c171  _SlDrvSyncObjWaitTimeout              
20008031  _SlDrvWaitForPoolObj                  
2000d57e  _SlNetAppSendTokenValueCmdCtrl        
2000b511  _SlNonOsMainLoopTask                  
2000a165  _SlNonOsSemGet                        
2000cdc7  _SlNonOsSemSet                        
2000b735  _SlNonOsSpawn                         
20030000  __STACK_END                           
00001000  __STACK_SIZE                          
00008000  __SYSMEM_SIZE                         
2000d608  __TI_CINIT_Base                       
2000d618  __TI_CINIT_Limit                      
2000d5f0  __TI_Handler_Table_Base               
2000d5fc  __TI_Handler_Table_Limit              
2000c1b5  __TI_auto_init_nobinit_nopinit        
2000b6cd  __TI_decompress_lzss                  
2000cf11  __TI_decompress_none                  
ffffffff  __TI_pprof_out_hndl                   
20005865  __TI_printfi                          
ffffffff  __TI_prof_data_size                   
ffffffff  __TI_prof_data_start                  
2000d5b8  __TI_static_base__                    
2000cf45  __TI_zero_init                        
2000af99  __aeabi_cdcmpeq                       
2000af99  __aeabi_cdcmple                       
2000b01f  __aeabi_cdrcmple                      
2000c0a1  __aeabi_d2iz                          
20007b33  __aeabi_dadd                          
20008c91  __aeabi_ddiv                          
20009475  __aeabi_dmul                          
20007b29  __aeabi_dsub                          
2000cf5d  __aeabi_errno_addr                    
2000c775  __aeabi_i2d                           
20008dc7  __aeabi_idiv0                         
20008dc7  __aeabi_ldiv0                         
2000b32d  __aeabi_memclr                        
2000b32d  __aeabi_memclr4                       
2000b32d  __aeabi_memclr8                       
2000a549  __aeabi_memcpy                        
2000a549  __aeabi_memcpy4                       
2000a549  __aeabi_memcpy8                       
2000b32f  __aeabi_memset                        
2000b32f  __aeabi_memset4                       
2000b32f  __aeabi_memset8                       
2000a979  __aeabi_uldivmod                      
ffffffff  __binit__                             
ffffffff  __c_args__                            
UNDEFED   __mpu_init                            
2002f000  __stack                               
2000c59d  _c_int00_noargs                       
2000cf74  _ctypes_                              
2001fab4  _lock                                 
20007cdf  _nop                                  
2000b799  _sl_HandleAsync_Accept                
2000b1ad  _sl_HandleAsync_Connect               
2000aaa5  _sl_HandleAsync_DnsGetHostByName      
20009d95  _sl_HandleAsync_DnsGetHostByService   
2000adf9  _sl_HandleAsync_InitComplete          
2000ab35  _sl_HandleAsync_PingResponse          
2000bcb5  _sl_HandleAsync_Select                
2000bdb1  _sl_HandleAsync_Stop                  
2000b661  _sl_NetAppSendTokenValue              
20017000  _sys_memory                           
UNDEFED   _system_post_cinit                    
2000cf6b  _system_pre_init                      
2001fab8  _unlock                               
2000cf6f  abort                                 
2000bf31  atoi                                  
ffffffff  binit                                 
2000cea5  copysign                              
2000cea5  copysignl                             
2001fa68  current_ID                            
2001fabc  errno                                 
20009cbd  free                                  
2000b7fd  frexp                                 
2000b7fd  frexpl                                
2001fa64  g_Host                                
2001fa80  g_SlDeviceStatus                      
2001faa8  g_SpiFd                               
2001fa1c  g__SlNonOsCB                          
2001fa15  g_bDeviceRestartIsRequired            
2001fa16  g_cDummy                              
2001fa84  g_pCB                                 
2001faac  g_pHostIntHdl                         
20004000  g_pfnVectors                          
2001f9b8  g_time                                
2001fa08  g_ucConnectionBSSID                   
2001f9e4  g_ucConnectionSSID                    
2001fab0  g_ucDMAEnabled                        
2001f968  g_ucDinDout                           
2001fa17  g_ucLED1Pin                           
2001fa18  g_ucLED2Pin                           
2001fa19  g_ucLED3Pin                           
2001fa9c  g_uiLED1Port                          
2001faa0  g_uiLED2Port                          
2001faa4  g_uiLED3Port                          
2001fa60  g_ulGatewayIP                         
2001fa5c  g_ulPingPacketsRecv                   
2001fa58  g_ulStatus                            
20009261  ldexp                                 
20009261  ldexpl                                
2000bd09  ltoa                                  
2000514d  main                                  
2000b3a9  malloc                                
2000cc49  memccpy                               
2000a549  memcpy                                
2000ca31  memmove                               
2000b335  memset                                
2000c5d5  minit                                 
2001fa88  pPingCallBackFunc                     
20004d3b  printErrConvenience                   
2000914d  realloc                               
20009261  scalbn                                
20009261  scalbnl                               
2000c4b1  simplelink_timerA2_start              
2000b98d  sl_Close                              
200081c1  sl_Connect                            
20009e61  sl_DevGet                             
2000a681  sl_DevSet                             
2000c23d  sl_Htonl                              
2000c4ed  sl_Htons                              
20008a11  sl_NetAppDnsGetHostByName             
20009afd  sl_NetAppMDNSRegisterUnregisterService
2000b861  sl_NetAppMDNSUnRegisterService        
2000a719  sl_NetCfgSet                          
2000a4a9  sl_Recv                               
20008dc9  sl_Send                               
2000a7b1  sl_SetSockOpt                         
2000ae85  sl_Socket                             
20009841  sl_Start                              
20009571  sl_Stop                               
20006e6d  sl_WlanConnect                        
2000c60d  sl_WlanDisconnect                     
2000abc5  sl_WlanPolicySet                      
2000b9ed  sl_WlanProfileDel                     
2000b0a5  sl_WlanRxFilterSet                    
2000a849  sl_WlanSet                            
2000ba4d  sl_WlanSetMode                        
2000b421  spi_Close                             
20008785  spi_Open                              
20009661  spi_Read                              
2000a8e1  spi_Write                             
2000ce53  strchr                                
2000ceb9  strcpy                                
2000ca55  strcspn                               
2000cecd  strlen                                
2000c8a9  strspn                                
2000c301  strtok                                
2000bf7d  uDMAChannelAssign                     
2000b8c5  uDMAChannelAttributeDisable           
2000b929  uDMAChannelAttributeEnable            
2000c529  uDMAChannelControlSet                 
2000cc65  uDMAChannelEnable                     
20009751  uDMAChannelTransferSet                
2000c341  vsnprintf                             
2000cee1  wcslen                                


GLOBAL SYMBOLS: SORTED BY Symbol Address 

address   name                                  
-------   ----                                  
00001000  __STACK_SIZE                          
00008000  __SYSMEM_SIZE                         
20004000  g_pfnVectors                          
20004401  SimpleLinkWlanEventHandler            
2000450f  SimpleLinkNetAppEventHandler          
200045b1  SimpleLinkHttpServerCallback          
200045d5  SimpleLinkGeneralEventHandler         
200045f5  SimpleLinkSockEventHandler            
20004d3b  printErrConvenience                   
2000514d  main                                  
20005865  __TI_printfi                          
20006891  GPIO_IF_LedConfigure                  
200068cf  GPIO_IF_LedOn                         
20006983  GPIO_IF_LedOff                        
20006a37  GPIO_IF_LedStatus                     
20006aa1  GPIO_IF_LedToggle                     
20006acf  GPIO_IF_GetPortNPin                   
20006b15  GPIO_IF_ConfigureNIntEnable           
20006b5d  GPIO_IF_Set                           
20006ba1  GPIO_IF_Get                           
20006bed  InitTerm                              
20006c0b  Message                               
20006c2d  ClearTerm                             
20006c37  Error                                 
20006c6f  GetCmd                                
20006d15  TrimSpace                             
20006dad  Report                                
20006e6d  sl_WlanConnect                        
200075a5  _SlDrvDataReadOp                      
20007789  _SlDrvReleasePoolObj                  
20007b29  __aeabi_dsub                          
20007b33  __aeabi_dadd                          
20007cdf  _nop                                  
20007ce1  _SlDrvDriverCBInit                    
20008031  _SlDrvWaitForPoolObj                  
200081c1  sl_Connect                            
2000834d  PRCMCC3200MCUInit                     
20008635  _SlDrvDataWriteOp                     
20008785  spi_Open                              
20008a11  sl_NetAppDnsGetHostByName             
20008c91  __aeabi_ddiv                          
20008dc7  __aeabi_idiv0                         
20008dc7  __aeabi_ldiv0                         
20008dc9  sl_Send                               
20008efd  _SlDrvDriverCBDeinit                  
2000914d  realloc                               
20009261  ldexp                                 
20009261  ldexpl                                
20009261  scalbn                                
20009261  scalbnl                               
20009371  _SlDrvNetAppEventHandler              
20009475  __aeabi_dmul                          
20009571  sl_Stop                               
20009661  spi_Read                              
20009751  uDMAChannelTransferSet                
20009841  sl_Start                              
20009a15  _SlDrvMsgReadSpawnCtx                 
20009afd  sl_NetAppMDNSRegisterUnregisterService
20009cbd  free                                  
20009d95  _sl_HandleAsync_DnsGetHostByService   
20009e61  sl_DevGet                             
20009ff1  _SlDrvCmdOp                           
2000a165  _SlNonOsSemGet                        
2000a215  IntDisable                            
2000a2bd  IntEnable                             
2000a365  _SlDriverHandleError                  
2000a409  SPIConfigSetExpClk                    
2000a4a9  sl_Recv                               
2000a549  __aeabi_memcpy                        
2000a549  __aeabi_memcpy4                       
2000a549  __aeabi_memcpy8                       
2000a549  memcpy                                
2000a5e5  _SlDrvDeviceEventHandler              
2000a681  sl_DevSet                             
2000a719  sl_NetCfgSet                          
2000a7b1  sl_SetSockOpt                         
2000a849  sl_WlanSet                            
2000a8e1  spi_Write                             
2000a979  __aeabi_uldivmod                      
2000aa11  PRCMPeripheralClockGet                
2000aaa5  _sl_HandleAsync_DnsGetHostByName      
2000ab35  _sl_HandleAsync_PingResponse          
2000abc5  sl_WlanPolicySet                      
2000ad6d  _SlDrvIsTimeoutExpired                
2000adf9  _sl_HandleAsync_InitComplete          
2000ae85  sl_Socket                             
2000af11  PinConfigSet                          
2000af99  __aeabi_cdcmpeq                       
2000af99  __aeabi_cdcmple                       
2000b01f  __aeabi_cdrcmple                      
2000b0a5  sl_WlanRxFilterSet                    
2000b129  GPIOIntTypeSet                        
2000b1ad  _sl_HandleAsync_Connect               
2000b32d  __aeabi_memclr                        
2000b32d  __aeabi_memclr4                       
2000b32d  __aeabi_memclr8                       
2000b32f  __aeabi_memset                        
2000b32f  __aeabi_memset4                       
2000b32f  __aeabi_memset8                       
2000b335  memset                                
2000b3a9  malloc                                
2000b421  spi_Close                             
2000b499  UARTConfigSetExpClk                   
2000b511  _SlNonOsMainLoopTask                  
2000b5f5  _SlDrvCmdSend                         
2000b661  _sl_NetAppSendTokenValue              
2000b6cd  __TI_decompress_lzss                  
2000b735  _SlNonOsSpawn                         
2000b799  _sl_HandleAsync_Accept                
2000b7fd  frexp                                 
2000b7fd  frexpl                                
2000b861  sl_NetAppMDNSUnRegisterService        
2000b8c5  uDMAChannelAttributeDisable           
2000b929  uDMAChannelAttributeEnable            
2000b98d  sl_Close                              
2000b9ed  sl_WlanProfileDel                     
2000ba4d  sl_WlanSetMode                        
2000baad  IntPendClear                          
2000bb05  PRCMPeripheralReset                   
2000bb5d  PinMuxConfig                          
2000bc0d  IntPrioritySet                        
2000bc61  _SlDrvRxIrqHandler                    
2000bcb5  _sl_HandleAsync_Select                
2000bd09  ltoa                                  
2000bdb1  _sl_HandleAsync_Stop                  
2000be01  SPIIntEnable                          
2000be99  _SlDrvProtectAsyncRespSetting         
2000bf31  atoi                                  
2000bf7d  uDMAChannelAssign                     
2000c011  SPIIntClear                           
2000c059  _SlDrvBasicCmd                        
2000c0a1  __aeabi_d2iz                          
2000c12d  TimerConfigure                        
2000c171  _SlDrvSyncObjWaitTimeout              
2000c1b5  __TI_auto_init_nobinit_nopinit        
2000c23d  sl_Htonl                              
2000c281  PinModeSet                            
2000c301  strtok                                
2000c341  vsnprintf                             
2000c381  NwpRegisterInterruptHandler           
2000c439  PRCMPeripheralClkEnable               
2000c4b1  simplelink_timerA2_start              
2000c4ed  sl_Htons                              
2000c529  uDMAChannelControlSet                 
2000c565  NwpPowerOff                           
2000c59d  _c_int00_noargs                       
2000c5d5  minit                                 
2000c60d  sl_WlanDisconnect                     
2000c645  GPIODirModeSet                        
2000c67d  PRCMPeripheralStatusGet               
2000c6b1  SPIFIFOLevelSet                       
2000c6e5  PinTypeGPIO                           
2000c715  UARTDisable                           
2000c775  __aeabi_i2d                           
2000c7a5  NwpPowerOn                            
2000c7d1  PRCMSysResetCauseGet                  
2000c829  _SlDrvProtectionObjLockWaitForever    
2000c855  TimerLoadSet                          
2000c87f  TimerPrescaleSet                      
2000c8a9  strspn                                
2000c8d5  PRCMPeripheralClkDisable              
2000c8fd  _SlDrvGlobalObjUnLock                 
2000c925  _SlDrvProtectionObjUnLock             
2000c94d  _SlDrvSyncObjWaitForever              
2000c99d  _SlDrvObjLockWaitForever              
2000c9c5  DmaSpiSwIntHandler                    
2000c9e9  IntUnregister                         
2000ca0d  UARTEnable                            
2000ca31  memmove                               
2000ca55  strcspn                               
2000ca79  SPIReset                              
2000ca9b  SPIWordCountSet                       
2000cabd  GPIOPinWrite                          
2000cadd  IntRegister                           
2000cafd  NwpPrePowerOffTimout0                 
2000cb1d  TimerGetCurrentTimestamp              
2000cb3d  _SlDrvObjUnLock                       
2000cb5d  _SlDrvSyncObjSignal                   
2000cb7d  GPIOIntRegister                       
2000cb9b  TimerEnable                           
2000cbb9  UARTCharPut                           
2000cbf5  TimerValueGet                         
2000cc11  UARTCharGetNonBlocking                
2000cc2d  _SlDrvStartMeasureTimeout             
2000cc49  memccpy                               
2000cc65  uDMAChannelEnable                     
2000cc81  GPIOIntEnable                         
2000cc9b  PinTypeUART                           
2000ccb5  SPIDmaDisable                         
2000cccf  SPIDmaEnable                          
2000cce9  SPIFIFODisable                        
2000cd03  SPIFIFOEnable                         
2000cd1d  SPIIntUnregister                      
2000cd37  GPIOPinRead                           
2000cd4f  SPICSDisable                          
2000cd67  SPICSEnable                           
2000cd7f  SPIDisable                            
2000cd97  SPIEnable                             
2000cdaf  UARTCharsAvail                        
2000cdc7  _SlNonOsSemSet                        
2000ce11  PRCMHIBRegRead                        
2000ce27  PRCMHIBRegWrite                       
2000ce3d  _SlDrvMemZero                         
2000ce53  strchr                                
2000ce69  CPUcpsie                              
2000ce7d  GPIOIntClear                          
2000ce91  IntVTableBaseSet                      
2000cea5  copysign                              
2000cea5  copysignl                             
2000ceb9  strcpy                                
2000cecd  strlen                                
2000cee1  wcslen                                
2000cef3  _SlDrvDispatchHttpServerEvents        
2000cf03  _SlDrvResetCmdExt                     
2000cf11  __TI_decompress_none                  
2000cf1f  ResetISR                              
2000cf2d  NwpMaskInterrupt                      
2000cf39  NwpUnMaskInterrupt                    
2000cf45  __TI_zero_init                        
2000cf51  IntMasterEnable                       
2000cf5d  __aeabi_errno_addr                    
2000cf65  UtilsDelay                            
2000cf6b  _system_pre_init                      
2000cf6f  C$$EXIT                               
2000cf6f  abort                                 
2000cf74  _ctypes_                              
2000d374  OpcodeTranslateTable                  
2000d3b0  _SlActionLookupTable                  
2000d57e  _SlNetAppSendTokenValueCmdCtrl        
2000d5b8  __TI_static_base__                    
2000d5f0  __TI_Handler_Table_Base               
2000d5fc  __TI_Handler_Table_Limit              
2000d608  __TI_CINIT_Base                       
2000d618  __TI_CINIT_Limit                      
20017000  _sys_memory                           
2001f000  DataBuff                              
2001f968  g_ucDinDout                           
2001f9b8  g_time                                
2001f9e4  g_ucConnectionSSID                    
2001fa08  g_ucConnectionBSSID                   
2001fa14  RxIrqCnt                              
2001fa15  g_bDeviceRestartIsRequired            
2001fa16  g_cDummy                              
2001fa17  g_ucLED1Pin                           
2001fa18  g_ucLED2Pin                           
2001fa19  g_ucLED3Pin                           
2001fa1c  g__SlNonOsCB                          
2001fa58  g_ulStatus                            
2001fa5c  g_ulPingPacketsRecv                   
2001fa60  g_ulGatewayIP                         
2001fa64  g_Host                                
2001fa68  current_ID                            
2001fa80  g_SlDeviceStatus                      
2001fa84  g_pCB                                 
2001fa88  pPingCallBackFunc                     
2001fa9c  g_uiLED1Port                          
2001faa0  g_uiLED2Port                          
2001faa4  g_uiLED3Port                          
2001faa8  g_SpiFd                               
2001faac  g_pHostIntHdl                         
2001fab0  g_ucDMAEnabled                        
2001fab4  _lock                                 
2001fab8  _unlock                               
2001fabc  errno                                 
2002f000  __stack                               
20030000  __STACK_END                           
ffffffff  __TI_pprof_out_hndl                   
ffffffff  __TI_prof_data_size                   
ffffffff  __TI_prof_data_start                  
ffffffff  __binit__                             
ffffffff  __c_args__                            
ffffffff  binit                                 
UNDEFED   __mpu_init                            
UNDEFED   _system_post_cinit                    

[274 symbols]
