<?xml version="1.0" encoding="ISO-8859-1" ?>
<link_info>
   <banner>TI ARM Linker PC v18.1.3.LTS</banner>
   <copyright>Copyright (c) 1996-2017 Texas Instruments Incorporated</copyright>
   <link_time>0x5c8c3542</link_time>
   <link_errors>0x0</link_errors>
   <output_file>GETworking.out</output_file>
   <entry_point>
      <name>_c_int00_noargs</name>
      <address>0x2000c59d</address>
   </entry_point>
   <input_file_list>
      <input_file id="fl-2">
         <path>.\</path>
         <kind>object</kind>
         <file>gpio_if.obj</file>
         <name>gpio_if.obj</name>
      </input_file>
      <input_file id="fl-3">
         <path>.\</path>
         <kind>object</kind>
         <file>main.obj</file>
         <name>main.obj</name>
      </input_file>
      <input_file id="fl-4">
         <path>.\</path>
         <kind>object</kind>
         <file>network_common.obj</file>
         <name>network_common.obj</name>
      </input_file>
      <input_file id="fl-5">
         <path>.\</path>
         <kind>object</kind>
         <file>pinmux.obj</file>
         <name>pinmux.obj</name>
      </input_file>
      <input_file id="fl-6">
         <path>.\</path>
         <kind>object</kind>
         <file>startup_ccs.obj</file>
         <name>startup_ccs.obj</name>
      </input_file>
      <input_file id="fl-7">
         <path>.\</path>
         <kind>object</kind>
         <file>uart_if.obj</file>
         <name>uart_if.obj</name>
      </input_file>
      <input_file id="fl-d">
         <kind>object</kind>
         <file>&lt;internal&gt;</file>
         <name>&lt;internal&gt;</name>
      </input_file>
      <input_file id="fl-c3">
         <path>C:\ti\ccsv8\tools\compiler\ti-cgt-arm_18.1.3.LTS\lib\</path>
         <kind>archive</kind>
         <file>rtsv7M4_T_le_v4SPD16_eabi.lib</file>
         <name>memset_t2.asm.obj</name>
      </input_file>
      <input_file id="fl-c4">
         <path>C:\ti\ccsv8\tools\compiler\ti-cgt-arm_18.1.3.LTS\lib\</path>
         <kind>archive</kind>
         <file>rtsv7M4_T_le_v4SPD16_eabi.lib</file>
         <name>memcpy_t2.asm.obj</name>
      </input_file>
      <input_file id="fl-c5">
         <path>C:\ti\ccsv8\tools\compiler\ti-cgt-arm_18.1.3.LTS\lib\</path>
         <kind>archive</kind>
         <file>rtsv7M4_T_le_v4SPD16_eabi.lib</file>
         <name>copy_zero_init.c.obj</name>
      </input_file>
      <input_file id="fl-c6">
         <path>C:\ti\ccsv8\tools\compiler\ti-cgt-arm_18.1.3.LTS\lib\</path>
         <kind>archive</kind>
         <file>rtsv7M4_T_le_v4SPD16_eabi.lib</file>
         <name>copy_decompress_none.c.obj</name>
      </input_file>
      <input_file id="fl-c7">
         <path>C:\ti\ccsv8\tools\compiler\ti-cgt-arm_18.1.3.LTS\lib\</path>
         <kind>archive</kind>
         <file>rtsv7M4_T_le_v4SPD16_eabi.lib</file>
         <name>copy_decompress_lzss.c.obj</name>
      </input_file>
      <input_file id="fl-c8">
         <path>C:\ti\ccsv8\tools\compiler\ti-cgt-arm_18.1.3.LTS\lib\</path>
         <kind>archive</kind>
         <file>rtsv7M4_T_le_v4SPD16_eabi.lib</file>
         <name>memory.c.obj</name>
      </input_file>
      <input_file id="fl-c9">
         <path>C:\ti\ccsv8\tools\compiler\ti-cgt-arm_18.1.3.LTS\lib\</path>
         <kind>archive</kind>
         <file>rtsv7M4_T_le_v4SPD16_eabi.lib</file>
         <name>_lock.c.obj</name>
      </input_file>
      <input_file id="fl-ca">
         <path>C:\ti\ccsv8\tools\compiler\ti-cgt-arm_18.1.3.LTS\lib\</path>
         <kind>archive</kind>
         <file>rtsv7M4_T_le_v4SPD16_eabi.lib</file>
         <name>memmov.c.obj</name>
      </input_file>
      <input_file id="fl-cb">
         <path>C:\ti\ccsv8\tools\compiler\ti-cgt-arm_18.1.3.LTS\lib\</path>
         <kind>archive</kind>
         <file>rtsv7M4_T_le_v4SPD16_eabi.lib</file>
         <name>strchr.c.obj</name>
      </input_file>
      <input_file id="fl-cc">
         <path>C:\ti\ccsv8\tools\compiler\ti-cgt-arm_18.1.3.LTS\lib\</path>
         <kind>archive</kind>
         <file>rtsv7M4_T_le_v4SPD16_eabi.lib</file>
         <name>strcpy.c.obj</name>
      </input_file>
      <input_file id="fl-cd">
         <path>C:\ti\ccsv8\tools\compiler\ti-cgt-arm_18.1.3.LTS\lib\</path>
         <kind>archive</kind>
         <file>rtsv7M4_T_le_v4SPD16_eabi.lib</file>
         <name>strlen.c.obj</name>
      </input_file>
      <input_file id="fl-ce">
         <path>C:\ti\ccsv8\tools\compiler\ti-cgt-arm_18.1.3.LTS\lib\</path>
         <kind>archive</kind>
         <file>rtsv7M4_T_le_v4SPD16_eabi.lib</file>
         <name>strtok.c.obj</name>
      </input_file>
      <input_file id="fl-cf">
         <path>C:\ti\ccsv8\tools\compiler\ti-cgt-arm_18.1.3.LTS\lib\</path>
         <kind>archive</kind>
         <file>rtsv7M4_T_le_v4SPD16_eabi.lib</file>
         <name>vsnprintf.c.obj</name>
      </input_file>
      <input_file id="fl-d0">
         <path>C:\ti\ccsv8\tools\compiler\ti-cgt-arm_18.1.3.LTS\lib\</path>
         <kind>archive</kind>
         <file>rtsv7M4_T_le_v4SPD16_eabi.lib</file>
         <name>boot_cortex_m.c.obj</name>
      </input_file>
      <input_file id="fl-d1">
         <path>C:\ti\ccsv8\tools\compiler\ti-cgt-arm_18.1.3.LTS\lib\</path>
         <kind>archive</kind>
         <file>rtsv7M4_T_le_v4SPD16_eabi.lib</file>
         <name>autoinit.c.obj</name>
      </input_file>
      <input_file id="fl-d2">
         <path>C:\ti\ccsv8\tools\compiler\ti-cgt-arm_18.1.3.LTS\lib\</path>
         <kind>archive</kind>
         <file>rtsv7M4_T_le_v4SPD16_eabi.lib</file>
         <name>pre_init.c.obj</name>
      </input_file>
      <input_file id="fl-d3">
         <path>C:\ti\ccsv8\tools\compiler\ti-cgt-arm_18.1.3.LTS\lib\</path>
         <kind>archive</kind>
         <file>rtsv7M4_T_le_v4SPD16_eabi.lib</file>
         <name>cpy_tbl.c.obj</name>
      </input_file>
      <input_file id="fl-d4">
         <path>C:\ti\ccsv8\tools\compiler\ti-cgt-arm_18.1.3.LTS\lib\</path>
         <kind>archive</kind>
         <file>rtsv7M4_T_le_v4SPD16_eabi.lib</file>
         <name>exit.c.obj</name>
      </input_file>
      <input_file id="fl-d5">
         <path>C:\ti\ccsv8\tools\compiler\ti-cgt-arm_18.1.3.LTS\lib\</path>
         <kind>archive</kind>
         <file>rtsv7M4_T_le_v4SPD16_eabi.lib</file>
         <name>_printfi.c.obj</name>
      </input_file>
      <input_file id="fl-d6">
         <path>C:\ti\ccsv8\tools\compiler\ti-cgt-arm_18.1.3.LTS\lib\</path>
         <kind>archive</kind>
         <file>rtsv7M4_T_le_v4SPD16_eabi.lib</file>
         <name>args_main.c.obj</name>
      </input_file>
      <input_file id="fl-d7">
         <path>C:\ti\ccsv8\tools\compiler\ti-cgt-arm_18.1.3.LTS\lib\</path>
         <kind>archive</kind>
         <file>rtsv7M4_T_le_v4SPD16_eabi.lib</file>
         <name>atoi.c.obj</name>
      </input_file>
      <input_file id="fl-d8">
         <path>C:\ti\ccsv8\tools\compiler\ti-cgt-arm_18.1.3.LTS\lib\</path>
         <kind>archive</kind>
         <file>rtsv7M4_T_le_v4SPD16_eabi.lib</file>
         <name>ctype.c.obj</name>
      </input_file>
      <input_file id="fl-d9">
         <path>C:\ti\ccsv8\tools\compiler\ti-cgt-arm_18.1.3.LTS\lib\</path>
         <kind>archive</kind>
         <file>rtsv7M4_T_le_v4SPD16_eabi.lib</file>
         <name>ltoa.c.obj</name>
      </input_file>
      <input_file id="fl-da">
         <path>C:\ti\ccsv8\tools\compiler\ti-cgt-arm_18.1.3.LTS\lib\</path>
         <kind>archive</kind>
         <file>rtsv7M4_T_le_v4SPD16_eabi.lib</file>
         <name>memccpy.c.obj</name>
      </input_file>
      <input_file id="fl-db">
         <path>C:\ti\ccsv8\tools\compiler\ti-cgt-arm_18.1.3.LTS\lib\</path>
         <kind>archive</kind>
         <file>rtsv7M4_T_le_v4SPD16_eabi.lib</file>
         <name>strcspn.c.obj</name>
      </input_file>
      <input_file id="fl-dc">
         <path>C:\ti\ccsv8\tools\compiler\ti-cgt-arm_18.1.3.LTS\lib\</path>
         <kind>archive</kind>
         <file>rtsv7M4_T_le_v4SPD16_eabi.lib</file>
         <name>strspn.c.obj</name>
      </input_file>
      <input_file id="fl-dd">
         <path>C:\ti\ccsv8\tools\compiler\ti-cgt-arm_18.1.3.LTS\lib\</path>
         <kind>archive</kind>
         <file>rtsv7M4_T_le_v4SPD16_eabi.lib</file>
         <name>errno.c.obj</name>
      </input_file>
      <input_file id="fl-de">
         <path>C:\ti\ccsv8\tools\compiler\ti-cgt-arm_18.1.3.LTS\lib\</path>
         <kind>archive</kind>
         <file>rtsv7M4_T_le_v4SPD16_eabi.lib</file>
         <name>s_frexp.c.obj</name>
      </input_file>
      <input_file id="fl-df">
         <path>C:\ti\ccsv8\tools\compiler\ti-cgt-arm_18.1.3.LTS\lib\</path>
         <kind>archive</kind>
         <file>rtsv7M4_T_le_v4SPD16_eabi.lib</file>
         <name>s_scalbn.c.obj</name>
      </input_file>
      <input_file id="fl-e0">
         <path>C:\ti\ccsv8\tools\compiler\ti-cgt-arm_18.1.3.LTS\lib\</path>
         <kind>archive</kind>
         <file>rtsv7M4_T_le_v4SPD16_eabi.lib</file>
         <name>wcslen.c.obj</name>
      </input_file>
      <input_file id="fl-e1">
         <path>C:\ti\ccsv8\tools\compiler\ti-cgt-arm_18.1.3.LTS\lib\</path>
         <kind>archive</kind>
         <file>rtsv7M4_T_le_v4SPD16_eabi.lib</file>
         <name>s_copysign.c.obj</name>
      </input_file>
      <input_file id="fl-e2">
         <path>C:\ti\ccsv8\tools\compiler\ti-cgt-arm_18.1.3.LTS\lib\</path>
         <kind>archive</kind>
         <file>rtsv7M4_T_le_v4SPD16_eabi.lib</file>
         <name>ull_div_t2.asm.obj</name>
      </input_file>
      <input_file id="fl-e3">
         <path>C:\ti\ccsv8\tools\compiler\ti-cgt-arm_18.1.3.LTS\lib\</path>
         <kind>archive</kind>
         <file>rtsv7M4_T_le_v4SPD16_eabi.lib</file>
         <name>fd_add_t2.asm.obj</name>
      </input_file>
      <input_file id="fl-e4">
         <path>C:\ti\ccsv8\tools\compiler\ti-cgt-arm_18.1.3.LTS\lib\</path>
         <kind>archive</kind>
         <file>rtsv7M4_T_le_v4SPD16_eabi.lib</file>
         <name>fd_cmp_t2.asm.obj</name>
      </input_file>
      <input_file id="fl-e5">
         <path>C:\ti\ccsv8\tools\compiler\ti-cgt-arm_18.1.3.LTS\lib\</path>
         <kind>archive</kind>
         <file>rtsv7M4_T_le_v4SPD16_eabi.lib</file>
         <name>fd_div_t2.asm.obj</name>
      </input_file>
      <input_file id="fl-e6">
         <path>C:\ti\ccsv8\tools\compiler\ti-cgt-arm_18.1.3.LTS\lib\</path>
         <kind>archive</kind>
         <file>rtsv7M4_T_le_v4SPD16_eabi.lib</file>
         <name>fd_mul_t2.asm.obj</name>
      </input_file>
      <input_file id="fl-e7">
         <path>C:\ti\ccsv8\tools\compiler\ti-cgt-arm_18.1.3.LTS\lib\</path>
         <kind>archive</kind>
         <file>rtsv7M4_T_le_v4SPD16_eabi.lib</file>
         <name>fd_toi_t2.asm.obj</name>
      </input_file>
      <input_file id="fl-e8">
         <path>C:\ti\ccsv8\tools\compiler\ti-cgt-arm_18.1.3.LTS\lib\</path>
         <kind>archive</kind>
         <file>rtsv7M4_T_le_v4SPD16_eabi.lib</file>
         <name>i_tofd_t2.asm.obj</name>
      </input_file>
      <input_file id="fl-e9">
         <path>C:\ti\ccsv8\tools\compiler\ti-cgt-arm_18.1.3.LTS\lib\</path>
         <kind>archive</kind>
         <file>rtsv7M4_T_le_v4SPD16_eabi.lib</file>
         <name>div0.asm.obj</name>
      </input_file>
      <input_file id="fl-ea">
         <path>C:\ti\CC3200SDK_1.3.0\cc3200-sdk\driverlib\ccs\Release\</path>
         <kind>archive</kind>
         <file>driverlib.a</file>
         <name>gpio.obj</name>
      </input_file>
      <input_file id="fl-eb">
         <path>C:\ti\CC3200SDK_1.3.0\cc3200-sdk\driverlib\ccs\Release\</path>
         <kind>archive</kind>
         <file>driverlib.a</file>
         <name>interrupt.obj</name>
      </input_file>
      <input_file id="fl-ec">
         <path>C:\ti\CC3200SDK_1.3.0\cc3200-sdk\driverlib\ccs\Release\</path>
         <kind>archive</kind>
         <file>driverlib.a</file>
         <name>pin.obj</name>
      </input_file>
      <input_file id="fl-ed">
         <path>C:\ti\CC3200SDK_1.3.0\cc3200-sdk\driverlib\ccs\Release\</path>
         <kind>archive</kind>
         <file>driverlib.a</file>
         <name>prcm.obj</name>
      </input_file>
      <input_file id="fl-ee">
         <path>C:\ti\CC3200SDK_1.3.0\cc3200-sdk\driverlib\ccs\Release\</path>
         <kind>archive</kind>
         <file>driverlib.a</file>
         <name>uart.obj</name>
      </input_file>
      <input_file id="fl-ef">
         <path>C:\ti\CC3200SDK_1.3.0\cc3200-sdk\driverlib\ccs\Release\</path>
         <kind>archive</kind>
         <file>driverlib.a</file>
         <name>utils.obj</name>
      </input_file>
      <input_file id="fl-f0">
         <path>C:\ti\CC3200SDK_1.3.0\cc3200-sdk\driverlib\ccs\Release\</path>
         <kind>archive</kind>
         <file>driverlib.a</file>
         <name>cpu.obj</name>
      </input_file>
      <input_file id="fl-f1">
         <path>C:\ti\CC3200SDK_1.3.0\cc3200-sdk\driverlib\ccs\Release\</path>
         <kind>archive</kind>
         <file>driverlib.a</file>
         <name>flash.obj</name>
      </input_file>
      <input_file id="fl-f2">
         <path>C:\ti\CC3200SDK_1.3.0\cc3200-sdk\simplelink\ccs\NON_OS\</path>
         <kind>archive</kind>
         <file>simplelink.a</file>
         <name>device.obj</name>
      </input_file>
      <input_file id="fl-f3">
         <path>C:\ti\CC3200SDK_1.3.0\cc3200-sdk\simplelink\ccs\NON_OS\</path>
         <kind>archive</kind>
         <file>simplelink.a</file>
         <name>driver.obj</name>
      </input_file>
      <input_file id="fl-f4">
         <path>C:\ti\CC3200SDK_1.3.0\cc3200-sdk\simplelink\ccs\NON_OS\</path>
         <kind>archive</kind>
         <file>simplelink.a</file>
         <name>netapp.obj</name>
      </input_file>
      <input_file id="fl-f5">
         <path>C:\ti\CC3200SDK_1.3.0\cc3200-sdk\simplelink\ccs\NON_OS\</path>
         <kind>archive</kind>
         <file>simplelink.a</file>
         <name>netcfg.obj</name>
      </input_file>
      <input_file id="fl-f6">
         <path>C:\ti\CC3200SDK_1.3.0\cc3200-sdk\simplelink\ccs\NON_OS\</path>
         <kind>archive</kind>
         <file>simplelink.a</file>
         <name>nonos.obj</name>
      </input_file>
      <input_file id="fl-f7">
         <path>C:\ti\CC3200SDK_1.3.0\cc3200-sdk\simplelink\ccs\NON_OS\</path>
         <kind>archive</kind>
         <file>simplelink.a</file>
         <name>socket.obj</name>
      </input_file>
      <input_file id="fl-f8">
         <path>C:\ti\CC3200SDK_1.3.0\cc3200-sdk\simplelink\ccs\NON_OS\</path>
         <kind>archive</kind>
         <file>simplelink.a</file>
         <name>wlan.obj</name>
      </input_file>
      <input_file id="fl-f9">
         <path>C:\ti\CC3200SDK_1.3.0\cc3200-sdk\simplelink\ccs\NON_OS\</path>
         <kind>archive</kind>
         <file>simplelink.a</file>
         <name>cc_pal.obj</name>
      </input_file>
      <input_file id="fl-fa">
         <path>C:\ti\CC3200SDK_1.3.0\cc3200-sdk\driverlib\ccs\Release\</path>
         <kind>archive</kind>
         <file>driverlib.a</file>
         <name>spi.obj</name>
      </input_file>
      <input_file id="fl-fb">
         <path>C:\ti\CC3200SDK_1.3.0\cc3200-sdk\driverlib\ccs\Release\</path>
         <kind>archive</kind>
         <file>driverlib.a</file>
         <name>timer.obj</name>
      </input_file>
      <input_file id="fl-fc">
         <path>C:\ti\CC3200SDK_1.3.0\cc3200-sdk\driverlib\ccs\Release\</path>
         <kind>archive</kind>
         <file>driverlib.a</file>
         <name>udma.obj</name>
      </input_file>
   </input_file_list>
   <object_component_list>
      <object_component id="oc-f">
         <name>.intvecs</name>
         <load_address>0x20004000</load_address>
         <run_address>0x20004000</run_address>
         <size>0x400</size>
         <input_file_ref idref="fl-6"/>
      </object_component>
      <object_component id="oc-94">
         <name>.text</name>
         <load_address>0x20004400</load_address>
         <run_address>0x20004400</run_address>
         <size>0x1464</size>
         <input_file_ref idref="fl-3"/>
      </object_component>
      <object_component id="oc-461">
         <name>.text:__TI_printfi</name>
         <load_address>0x20005864</load_address>
         <run_address>0x20005864</run_address>
         <size>0xa5e</size>
         <input_file_ref idref="fl-d5"/>
      </object_component>
      <object_component id="oc-6c2">
         <name>.text:IntDefaultHandler</name>
         <load_address>0x200062c2</load_address>
         <run_address>0x200062c2</run_address>
         <size>0x2</size>
         <input_file_ref idref="fl-eb"/>
      </object_component>
      <object_component id="oc-6d1">
         <name>.text:_SlDrvMsgRead</name>
         <load_address>0x200062c4</load_address>
         <run_address>0x200062c4</run_address>
         <size>0x590</size>
         <input_file_ref idref="fl-f3"/>
      </object_component>
      <object_component id="oc-173">
         <name>.text</name>
         <load_address>0x20006854</load_address>
         <run_address>0x20006854</run_address>
         <size>0x398</size>
         <input_file_ref idref="fl-2"/>
      </object_component>
      <object_component id="oc-c2">
         <name>.text</name>
         <load_address>0x20006bec</load_address>
         <run_address>0x20006bec</run_address>
         <size>0x280</size>
         <input_file_ref idref="fl-7"/>
      </object_component>
      <object_component id="oc-13c">
         <name>.text:sl_WlanConnect</name>
         <load_address>0x20006e6c</load_address>
         <run_address>0x20006e6c</run_address>
         <size>0x27c</size>
         <input_file_ref idref="fl-f8"/>
      </object_component>
      <object_component id="oc-653">
         <name>.text:_pconv_a</name>
         <load_address>0x200070e8</load_address>
         <run_address>0x200070e8</run_address>
         <size>0x270</size>
         <input_file_ref idref="fl-d5"/>
      </object_component>
      <object_component id="oc-7a6">
         <name>.text:_SlDrvRxHdrRead</name>
         <load_address>0x20007358</load_address>
         <run_address>0x20007358</run_address>
         <size>0x24c</size>
         <input_file_ref idref="fl-f3"/>
      </object_component>
      <object_component id="oc-3fe">
         <name>.text:_SlDrvDataReadOp</name>
         <load_address>0x200075a4</load_address>
         <run_address>0x200075a4</run_address>
         <size>0x1e4</size>
         <input_file_ref idref="fl-f3"/>
      </object_component>
      <object_component id="oc-291">
         <name>.text:_SlDrvReleasePoolObj</name>
         <load_address>0x20007788</load_address>
         <run_address>0x20007788</run_address>
         <size>0x1d0</size>
         <input_file_ref idref="fl-f3"/>
      </object_component>
      <object_component id="oc-641">
         <name>.text:_pconv_g</name>
         <load_address>0x20007958</load_address>
         <run_address>0x20007958</run_address>
         <size>0x1d0</size>
         <input_file_ref idref="fl-d5"/>
      </object_component>
      <object_component id="oc-74d">
         <name>.text</name>
         <load_address>0x20007b28</load_address>
         <run_address>0x20007b28</run_address>
         <size>0x1b6</size>
         <input_file_ref idref="fl-e3"/>
      </object_component>
      <object_component id="oc-601">
         <name>.text:_nop</name>
         <load_address>0x20007cde</load_address>
         <run_address>0x20007cde</run_address>
         <size>0x2</size>
         <input_file_ref idref="fl-c9"/>
      </object_component>
      <object_component id="oc-267">
         <name>.text:_SlDrvDriverCBInit</name>
         <load_address>0x20007ce0</load_address>
         <run_address>0x20007ce0</run_address>
         <size>0x1b4</size>
         <input_file_ref idref="fl-f3"/>
      </object_component>
      <object_component id="oc-55c">
         <name>.text:_SlDrvMsgWrite</name>
         <load_address>0x20007e94</load_address>
         <run_address>0x20007e94</run_address>
         <size>0x19c</size>
         <input_file_ref idref="fl-f3"/>
      </object_component>
      <object_component id="oc-364">
         <name>.text:_SlDrvWaitForPoolObj</name>
         <load_address>0x20008030</load_address>
         <run_address>0x20008030</run_address>
         <size>0x190</size>
         <input_file_ref idref="fl-f3"/>
      </object_component>
      <object_component id="oc-16d">
         <name>.text:sl_Connect</name>
         <load_address>0x200081c0</load_address>
         <run_address>0x200081c0</run_address>
         <size>0x18c</size>
         <input_file_ref idref="fl-f7"/>
      </object_component>
      <object_component id="oc-130">
         <name>.text:PRCMCC3200MCUInit</name>
         <load_address>0x2000834c</load_address>
         <run_address>0x2000834c</run_address>
         <size>0x178</size>
         <input_file_ref idref="fl-ed"/>
      </object_component>
      <object_component id="oc-7b8">
         <name>.text:_SlFindAndSetActiveObj</name>
         <load_address>0x200084c4</load_address>
         <run_address>0x200084c4</run_address>
         <size>0x170</size>
         <input_file_ref idref="fl-f3"/>
      </object_component>
      <object_component id="oc-3f0">
         <name>.text:_SlDrvDataWriteOp</name>
         <load_address>0x20008634</load_address>
         <run_address>0x20008634</run_address>
         <size>0x150</size>
         <input_file_ref idref="fl-f3"/>
      </object_component>
      <object_component id="oc-26d">
         <name>.text:spi_Open</name>
         <load_address>0x20008784</load_address>
         <run_address>0x20008784</run_address>
         <size>0x148</size>
         <input_file_ref idref="fl-f9"/>
      </object_component>
      <object_component id="oc-562">
         <name>.text:_SlDrvMsgReadCmdCtx</name>
         <load_address>0x200088cc</load_address>
         <run_address>0x200088cc</run_address>
         <size>0x144</size>
         <input_file_ref idref="fl-f3"/>
      </object_component>
      <object_component id="oc-14f">
         <name>.text:sl_NetAppDnsGetHostByName</name>
         <load_address>0x20008a10</load_address>
         <run_address>0x20008a10</run_address>
         <size>0x144</size>
         <input_file_ref idref="fl-f4"/>
      </object_component>
      <object_component id="oc-64d">
         <name>.text:_pconv_e</name>
         <load_address>0x20008b54</load_address>
         <run_address>0x20008b54</run_address>
         <size>0x13c</size>
         <input_file_ref idref="fl-d5"/>
      </object_component>
      <object_component id="oc-733">
         <name>.text</name>
         <load_address>0x20008c90</load_address>
         <run_address>0x20008c90</run_address>
         <size>0x136</size>
         <input_file_ref idref="fl-e5"/>
      </object_component>
      <object_component id="oc-7ea">
         <name>.text</name>
         <load_address>0x20008dc6</load_address>
         <run_address>0x20008dc6</run_address>
         <size>0x2</size>
         <input_file_ref idref="fl-e9"/>
      </object_component>
      <object_component id="oc-188">
         <name>.text:sl_Send</name>
         <load_address>0x20008dc8</load_address>
         <run_address>0x20008dc8</run_address>
         <size>0x134</size>
         <input_file_ref idref="fl-f7"/>
      </object_component>
      <object_component id="oc-2d6">
         <name>.text:_SlDrvDriverCBDeinit</name>
         <load_address>0x20008efc</load_address>
         <run_address>0x20008efc</run_address>
         <size>0x130</size>
         <input_file_ref idref="fl-f3"/>
      </object_component>
      <object_component id="oc-75f">
         <name>.text:fcvt</name>
         <load_address>0x2000902c</load_address>
         <run_address>0x2000902c</run_address>
         <size>0x120</size>
         <input_file_ref idref="fl-d5"/>
      </object_component>
      <object_component id="oc-22f">
         <name>.text:realloc</name>
         <load_address>0x2000914c</load_address>
         <run_address>0x2000914c</run_address>
         <size>0x114</size>
         <input_file_ref idref="fl-c8"/>
      </object_component>
      <object_component id="oc-773">
         <name>.text:scalbn</name>
         <load_address>0x20009260</load_address>
         <run_address>0x20009260</run_address>
         <size>0x110</size>
         <input_file_ref idref="fl-df"/>
      </object_component>
      <object_component id="oc-837">
         <name>.text:_SlDrvNetAppEventHandler</name>
         <load_address>0x20009370</load_address>
         <run_address>0x20009370</run_address>
         <size>0x104</size>
         <input_file_ref idref="fl-f4"/>
      </object_component>
      <object_component id="oc-72e">
         <name>.text</name>
         <load_address>0x20009474</load_address>
         <run_address>0x20009474</run_address>
         <size>0xfc</size>
         <input_file_ref idref="fl-e6"/>
      </object_component>
      <object_component id="oc-e1">
         <name>.text:sl_Stop</name>
         <load_address>0x20009570</load_address>
         <run_address>0x20009570</run_address>
         <size>0xf0</size>
         <input_file_ref idref="fl-f2"/>
      </object_component>
      <object_component id="oc-7b2">
         <name>.text:spi_Read</name>
         <load_address>0x20009660</load_address>
         <run_address>0x20009660</run_address>
         <size>0xf0</size>
         <input_file_ref idref="fl-f9"/>
      </object_component>
      <object_component id="oc-8e4">
         <name>.text:uDMAChannelTransferSet</name>
         <load_address>0x20009750</load_address>
         <run_address>0x20009750</run_address>
         <size>0xf0</size>
         <input_file_ref idref="fl-fc"/>
      </object_component>
      <object_component id="oc-cf">
         <name>.text:sl_Start</name>
         <load_address>0x20009840</load_address>
         <run_address>0x20009840</run_address>
         <size>0xec</size>
         <input_file_ref idref="fl-f2"/>
      </object_component>
      <object_component id="oc-6d7">
         <name>.text:_SlAsyncEventGenericHandler</name>
         <load_address>0x2000992c</load_address>
         <run_address>0x2000992c</run_address>
         <size>0xe8</size>
         <input_file_ref idref="fl-f3"/>
      </object_component>
      <object_component id="oc-543">
         <name>.text:_SlDrvMsgReadSpawnCtx</name>
         <load_address>0x20009a14</load_address>
         <run_address>0x20009a14</run_address>
         <size>0xe8</size>
         <input_file_ref idref="fl-f3"/>
      </object_component>
      <object_component id="oc-311">
         <name>.text:sl_NetAppMDNSRegisterUnregisterService</name>
         <load_address>0x20009afc</load_address>
         <run_address>0x20009afc</run_address>
         <size>0xe4</size>
         <input_file_ref idref="fl-f4"/>
      </object_component>
      <object_component id="oc-7ac">
         <name>.text:_SlDrvClassifyRxMsg</name>
         <load_address>0x20009be0</load_address>
         <run_address>0x20009be0</run_address>
         <size>0xdc</size>
         <input_file_ref idref="fl-f3"/>
      </object_component>
      <object_component id="oc-1ac">
         <name>.text:free</name>
         <load_address>0x20009cbc</load_address>
         <run_address>0x20009cbc</run_address>
         <size>0xd8</size>
         <input_file_ref idref="fl-c8"/>
      </object_component>
      <object_component id="oc-8a2">
         <name>.text:_sl_HandleAsync_DnsGetHostByService</name>
         <load_address>0x20009d94</load_address>
         <run_address>0x20009d94</run_address>
         <size>0xcc</size>
         <input_file_ref idref="fl-f4"/>
      </object_component>
      <object_component id="oc-e7">
         <name>.text:sl_DevGet</name>
         <load_address>0x20009e60</load_address>
         <run_address>0x20009e60</run_address>
         <size>0xcc</size>
         <input_file_ref idref="fl-f2"/>
      </object_component>
      <object_component id="oc-523">
         <name>.text:_SlRemoveFromList</name>
         <load_address>0x20009f2c</load_address>
         <run_address>0x20009f2c</run_address>
         <size>0xc4</size>
         <input_file_ref idref="fl-f3"/>
      </object_component>
      <object_component id="oc-2ba">
         <name>.text:_SlDrvCmdOp</name>
         <load_address>0x20009ff0</load_address>
         <run_address>0x20009ff0</run_address>
         <size>0xc0</size>
         <input_file_ref idref="fl-f3"/>
      </object_component>
      <object_component id="oc-636">
         <name>.text:_ltostr</name>
         <load_address>0x2000a0b0</load_address>
         <run_address>0x2000a0b0</run_address>
         <size>0xb1</size>
         <input_file_ref idref="fl-d5"/>
      </object_component>
      <object_component id="oc-494">
         <name>.text:_SlNonOsSemGet</name>
         <load_address>0x2000a164</load_address>
         <run_address>0x2000a164</run_address>
         <size>0xb0</size>
         <input_file_ref idref="fl-f6"/>
      </object_component>
      <object_component id="oc-502">
         <name>.text:IntDisable</name>
         <load_address>0x2000a214</load_address>
         <run_address>0x2000a214</run_address>
         <size>0xa8</size>
         <input_file_ref idref="fl-eb"/>
      </object_component>
      <object_component id="oc-12a">
         <name>.text:IntEnable</name>
         <load_address>0x2000a2bc</load_address>
         <run_address>0x2000a2bc</run_address>
         <size>0xa8</size>
         <input_file_ref idref="fl-eb"/>
      </object_component>
      <object_component id="oc-51c">
         <name>.text:_SlDriverHandleError</name>
         <load_address>0x2000a364</load_address>
         <run_address>0x2000a364</run_address>
         <size>0xa4</size>
         <input_file_ref idref="fl-f3"/>
      </object_component>
      <object_component id="oc-4b1">
         <name>.text:SPIConfigSetExpClk</name>
         <load_address>0x2000a408</load_address>
         <run_address>0x2000a408</run_address>
         <size>0xa0</size>
         <input_file_ref idref="fl-fa"/>
      </object_component>
      <object_component id="oc-194">
         <name>.text:sl_Recv</name>
         <load_address>0x2000a4a8</load_address>
         <run_address>0x2000a4a8</run_address>
         <size>0xa0</size>
         <input_file_ref idref="fl-f7"/>
      </object_component>
      <object_component id="oc-3a">
         <name>.text</name>
         <load_address>0x2000a548</load_address>
         <run_address>0x2000a548</run_address>
         <size>0x9c</size>
         <input_file_ref idref="fl-c4"/>
      </object_component>
      <object_component id="oc-894">
         <name>.text:_SlDrvDeviceEventHandler</name>
         <load_address>0x2000a5e4</load_address>
         <run_address>0x2000a5e4</run_address>
         <size>0x9a</size>
         <input_file_ref idref="fl-f2"/>
      </object_component>
      <object_component id="oc-143">
         <name>.text:sl_DevSet</name>
         <load_address>0x2000a680</load_address>
         <run_address>0x2000a680</run_address>
         <size>0x98</size>
         <input_file_ref idref="fl-f2"/>
      </object_component>
      <object_component id="oc-ff">
         <name>.text:sl_NetCfgSet</name>
         <load_address>0x2000a718</load_address>
         <run_address>0x2000a718</run_address>
         <size>0x98</size>
         <input_file_ref idref="fl-f5"/>
      </object_component>
      <object_component id="oc-167">
         <name>.text:sl_SetSockOpt</name>
         <load_address>0x2000a7b0</load_address>
         <run_address>0x2000a7b0</run_address>
         <size>0x98</size>
         <input_file_ref idref="fl-f7"/>
      </object_component>
      <object_component id="oc-105">
         <name>.text:sl_WlanSet</name>
         <load_address>0x2000a848</load_address>
         <run_address>0x2000a848</run_address>
         <size>0x98</size>
         <input_file_ref idref="fl-f8"/>
      </object_component>
      <object_component id="oc-6e0">
         <name>.text:spi_Write</name>
         <load_address>0x2000a8e0</load_address>
         <run_address>0x2000a8e0</run_address>
         <size>0x98</size>
         <input_file_ref idref="fl-f9"/>
      </object_component>
      <object_component id="oc-727">
         <name>.text</name>
         <load_address>0x2000a978</load_address>
         <run_address>0x2000a978</run_address>
         <size>0x96</size>
         <input_file_ref idref="fl-e2"/>
      </object_component>
      <object_component id="oc-205">
         <name>.text:PRCMPeripheralClockGet</name>
         <load_address>0x2000aa10</load_address>
         <run_address>0x2000aa10</run_address>
         <size>0x94</size>
         <input_file_ref idref="fl-ed"/>
      </object_component>
      <object_component id="oc-89c">
         <name>.text:_sl_HandleAsync_DnsGetHostByName</name>
         <load_address>0x2000aaa4</load_address>
         <run_address>0x2000aaa4</run_address>
         <size>0x90</size>
         <input_file_ref idref="fl-f4"/>
      </object_component>
      <object_component id="oc-83d">
         <name>.text:_sl_HandleAsync_PingResponse</name>
         <load_address>0x2000ab34</load_address>
         <run_address>0x2000ab34</run_address>
         <size>0x90</size>
         <input_file_ref idref="fl-f4"/>
      </object_component>
      <object_component id="oc-ed">
         <name>.text:sl_WlanPolicySet</name>
         <load_address>0x2000abc4</load_address>
         <run_address>0x2000abc4</run_address>
         <size>0x90</size>
         <input_file_ref idref="fl-f8"/>
      </object_component>
      <object_component id="oc-844">
         <name>.text:SetupDMAReceive</name>
         <load_address>0x2000ac54</load_address>
         <run_address>0x2000ac54</run_address>
         <size>0x8c</size>
         <input_file_ref idref="fl-f9"/>
      </object_component>
      <object_component id="oc-7c3">
         <name>.text:SetupDMASend</name>
         <load_address>0x2000ace0</load_address>
         <run_address>0x2000ace0</run_address>
         <size>0x8c</size>
         <input_file_ref idref="fl-f9"/>
      </object_component>
      <object_component id="oc-686">
         <name>.text:_SlDrvIsTimeoutExpired</name>
         <load_address>0x2000ad6c</load_address>
         <run_address>0x2000ad6c</run_address>
         <size>0x8c</size>
         <input_file_ref idref="fl-f3"/>
      </object_component>
      <object_component id="oc-8f5">
         <name>.text:_sl_HandleAsync_InitComplete</name>
         <load_address>0x2000adf8</load_address>
         <run_address>0x2000adf8</run_address>
         <size>0x8c</size>
         <input_file_ref idref="fl-f2"/>
      </object_component>
      <object_component id="oc-161">
         <name>.text:sl_Socket</name>
         <load_address>0x2000ae84</load_address>
         <run_address>0x2000ae84</run_address>
         <size>0x8c</size>
         <input_file_ref idref="fl-f7"/>
      </object_component>
      <object_component id="oc-5d5">
         <name>.text:PinConfigSet</name>
         <load_address>0x2000af10</load_address>
         <run_address>0x2000af10</run_address>
         <size>0x88</size>
         <input_file_ref idref="fl-ec"/>
      </object_component>
      <object_component id="oc-63c">
         <name>.text:__aeabi_cdcmple</name>
         <load_address>0x2000af98</load_address>
         <run_address>0x2000af98</run_address>
         <size>0x86</size>
         <input_file_ref idref="fl-e4"/>
      </object_component>
      <object_component id="oc-738">
         <name>.text:__aeabi_cdrcmple</name>
         <load_address>0x2000b01e</load_address>
         <run_address>0x2000b01e</run_address>
         <size>0x86</size>
         <input_file_ref idref="fl-e4"/>
      </object_component>
      <object_component id="oc-117">
         <name>.text:sl_WlanRxFilterSet</name>
         <load_address>0x2000b0a4</load_address>
         <run_address>0x2000b0a4</run_address>
         <size>0x84</size>
         <input_file_ref idref="fl-f8"/>
      </object_component>
      <object_component id="oc-39f">
         <name>.text:GPIOIntTypeSet</name>
         <load_address>0x2000b128</load_address>
         <run_address>0x2000b128</run_address>
         <size>0x82</size>
         <input_file_ref idref="fl-ea"/>
      </object_component>
      <object_component id="oc-8c4">
         <name>.text:_sl_HandleAsync_Connect</name>
         <load_address>0x2000b1ac</load_address>
         <run_address>0x2000b1ac</run_address>
         <size>0x80</size>
         <input_file_ref idref="fl-f7"/>
      </object_component>
      <object_component id="oc-84a">
         <name>.text:spi_Read_CPU</name>
         <load_address>0x2000b22c</load_address>
         <run_address>0x2000b22c</run_address>
         <size>0x80</size>
         <input_file_ref idref="fl-f9"/>
      </object_component>
      <object_component id="oc-7d5">
         <name>.text:spi_Write_CPU</name>
         <load_address>0x2000b2ac</load_address>
         <run_address>0x2000b2ac</run_address>
         <size>0x80</size>
         <input_file_ref idref="fl-f9"/>
      </object_component>
      <object_component id="oc-88">
         <name>.text</name>
         <load_address>0x2000b32c</load_address>
         <run_address>0x2000b32c</run_address>
         <size>0x7a</size>
         <input_file_ref idref="fl-c3"/>
      </object_component>
      <object_component id="oc-19a">
         <name>.text:malloc</name>
         <load_address>0x2000b3a8</load_address>
         <run_address>0x2000b3a8</run_address>
         <size>0x78</size>
         <input_file_ref idref="fl-c8"/>
      </object_component>
      <object_component id="oc-2d0">
         <name>.text:spi_Close</name>
         <load_address>0x2000b420</load_address>
         <run_address>0x2000b420</run_address>
         <size>0x78</size>
         <input_file_ref idref="fl-f9"/>
      </object_component>
      <object_component id="oc-20b">
         <name>.text:UARTConfigSetExpClk</name>
         <load_address>0x2000b498</load_address>
         <run_address>0x2000b498</run_address>
         <size>0x76</size>
         <input_file_ref idref="fl-ee"/>
      </object_component>
      <object_component id="oc-d5">
         <name>.text:_SlNonOsMainLoopTask</name>
         <load_address>0x2000b510</load_address>
         <run_address>0x2000b510</run_address>
         <size>0x74</size>
         <input_file_ref idref="fl-f6"/>
      </object_component>
      <object_component id="oc-758">
         <name>.text:_mcpy</name>
         <load_address>0x2000b584</load_address>
         <run_address>0x2000b584</run_address>
         <size>0x6e</size>
         <input_file_ref idref="fl-d5"/>
      </object_component>
      <object_component id="oc-8ff">
         <name>.text:_SlDrvCmdSend</name>
         <load_address>0x2000b5f4</load_address>
         <run_address>0x2000b5f4</run_address>
         <size>0x6c</size>
         <input_file_ref idref="fl-f3"/>
      </object_component>
      <object_component id="oc-8ae">
         <name>.text:_sl_NetAppSendTokenValue</name>
         <load_address>0x2000b660</load_address>
         <run_address>0x2000b660</run_address>
         <size>0x6c</size>
         <input_file_ref idref="fl-f4"/>
      </object_component>
      <object_component id="oc-12">
         <name>.text:decompress:lzss:__TI_decompress_lzss</name>
         <load_address>0x2000b6cc</load_address>
         <run_address>0x2000b6cc</run_address>
         <size>0x68</size>
         <input_file_ref idref="fl-c7"/>
      </object_component>
      <object_component id="oc-53d">
         <name>.text:_SlNonOsSpawn</name>
         <load_address>0x2000b734</load_address>
         <run_address>0x2000b734</run_address>
         <size>0x64</size>
         <input_file_ref idref="fl-f6"/>
      </object_component>
      <object_component id="oc-8be">
         <name>.text:_sl_HandleAsync_Accept</name>
         <load_address>0x2000b798</load_address>
         <run_address>0x2000b798</run_address>
         <size>0x64</size>
         <input_file_ref idref="fl-f7"/>
      </object_component>
      <object_component id="oc-76d">
         <name>.text:frexp</name>
         <load_address>0x2000b7fc</load_address>
         <run_address>0x2000b7fc</run_address>
         <size>0x64</size>
         <input_file_ref idref="fl-de"/>
      </object_component>
      <object_component id="oc-10b">
         <name>.text:sl_NetAppMDNSUnRegisterService</name>
         <load_address>0x2000b860</load_address>
         <run_address>0x2000b860</run_address>
         <size>0x64</size>
         <input_file_ref idref="fl-f4"/>
      </object_component>
      <object_component id="oc-69d">
         <name>.text:uDMAChannelAttributeDisable</name>
         <load_address>0x2000b8c4</load_address>
         <run_address>0x2000b8c4</run_address>
         <size>0x64</size>
         <input_file_ref idref="fl-fc"/>
      </object_component>
      <object_component id="oc-8de">
         <name>.text:uDMAChannelAttributeEnable</name>
         <load_address>0x2000b928</load_address>
         <run_address>0x2000b928</run_address>
         <size>0x64</size>
         <input_file_ref idref="fl-fc"/>
      </object_component>
      <object_component id="oc-18e">
         <name>.text:sl_Close</name>
         <load_address>0x2000b98c</load_address>
         <run_address>0x2000b98c</run_address>
         <size>0x60</size>
         <input_file_ref idref="fl-f7"/>
      </object_component>
      <object_component id="oc-f3">
         <name>.text:sl_WlanProfileDel</name>
         <load_address>0x2000b9ec</load_address>
         <run_address>0x2000b9ec</run_address>
         <size>0x60</size>
         <input_file_ref idref="fl-f8"/>
      </object_component>
      <object_component id="oc-db">
         <name>.text:sl_WlanSetMode</name>
         <load_address>0x2000ba4c</load_address>
         <run_address>0x2000ba4c</run_address>
         <size>0x60</size>
         <input_file_ref idref="fl-f8"/>
      </object_component>
      <object_component id="oc-50e">
         <name>.text:IntPendClear</name>
         <load_address>0x2000baac</load_address>
         <run_address>0x2000baac</run_address>
         <size>0x58</size>
         <input_file_ref idref="fl-eb"/>
      </object_component>
      <object_component id="oc-345">
         <name>.text:PRCMPeripheralReset</name>
         <load_address>0x2000bb04</load_address>
         <run_address>0x2000bb04</run_address>
         <size>0x58</size>
         <input_file_ref idref="fl-ed"/>
      </object_component>
      <object_component id="oc-17a">
         <name>.text</name>
         <load_address>0x2000bb5c</load_address>
         <run_address>0x2000bb5c</run_address>
         <size>0x58</size>
         <input_file_ref idref="fl-5"/>
      </object_component>
      <object_component id="oc-647">
         <name>.text:_pconv_f</name>
         <load_address>0x2000bbb4</load_address>
         <run_address>0x2000bbb4</run_address>
         <size>0x56</size>
         <input_file_ref idref="fl-d5"/>
      </object_component>
      <object_component id="oc-3a5">
         <name>.text:IntPrioritySet</name>
         <load_address>0x2000bc0c</load_address>
         <run_address>0x2000bc0c</run_address>
         <size>0x54</size>
         <input_file_ref idref="fl-eb"/>
      </object_component>
      <object_component id="oc-2a3">
         <name>.text:_SlDrvRxIrqHandler</name>
         <load_address>0x2000bc60</load_address>
         <run_address>0x2000bc60</run_address>
         <size>0x54</size>
         <input_file_ref idref="fl-f3"/>
      </object_component>
      <object_component id="oc-8ca">
         <name>.text:_sl_HandleAsync_Select</name>
         <load_address>0x2000bcb4</load_address>
         <run_address>0x2000bcb4</run_address>
         <size>0x54</size>
         <input_file_ref idref="fl-f7"/>
      </object_component>
      <object_component id="oc-742">
         <name>.text:ltoa</name>
         <load_address>0x2000bd08</load_address>
         <run_address>0x2000bd08</run_address>
         <size>0x54</size>
         <input_file_ref idref="fl-d9"/>
      </object_component>
      <object_component id="oc-752">
         <name>.text:_ecpy</name>
         <load_address>0x2000bd5c</load_address>
         <run_address>0x2000bd5c</run_address>
         <size>0x52</size>
         <input_file_ref idref="fl-d5"/>
      </object_component>
      <object_component id="oc-8d0">
         <name>.text:_sl_HandleAsync_Stop</name>
         <load_address>0x2000bdb0</load_address>
         <run_address>0x2000bdb0</run_address>
         <size>0x50</size>
         <input_file_ref idref="fl-f2"/>
      </object_component>
      <object_component id="oc-4db">
         <name>.text:SPIIntEnable</name>
         <load_address>0x2000be00</load_address>
         <run_address>0x2000be00</run_address>
         <size>0x4c</size>
         <input_file_ref idref="fl-fa"/>
      </object_component>
      <object_component id="oc-6eb">
         <name>.text:SPIIntNumberGet</name>
         <load_address>0x2000be4c</load_address>
         <run_address>0x2000be4c</run_address>
         <size>0x4c</size>
         <input_file_ref idref="fl-fa"/>
      </object_component>
      <object_component id="oc-273">
         <name>.text:_SlDrvProtectAsyncRespSetting</name>
         <load_address>0x2000be98</load_address>
         <run_address>0x2000be98</run_address>
         <size>0x4c</size>
         <input_file_ref idref="fl-f3"/>
      </object_component>
      <object_component id="oc-395">
         <name>.text:_sl_BuildAddress</name>
         <load_address>0x2000bee4</load_address>
         <run_address>0x2000bee4</run_address>
         <size>0x4c</size>
         <input_file_ref idref="fl-f7"/>
      </object_component>
      <object_component id="oc-630">
         <name>.text:atoi</name>
         <load_address>0x2000bf30</load_address>
         <run_address>0x2000bf30</run_address>
         <size>0x4c</size>
         <input_file_ref idref="fl-d7"/>
      </object_component>
      <object_component id="oc-697">
         <name>.text:uDMAChannelAssign</name>
         <load_address>0x2000bf7c</load_address>
         <run_address>0x2000bf7c</run_address>
         <size>0x4c</size>
         <input_file_ref idref="fl-fc"/>
      </object_component>
      <object_component id="oc-5c3">
         <name>.text:GPIOGetIntNumber</name>
         <load_address>0x2000bfc8</load_address>
         <run_address>0x2000bfc8</run_address>
         <size>0x48</size>
         <input_file_ref idref="fl-ea"/>
      </object_component>
      <object_component id="oc-6b9">
         <name>.text:SPIIntClear</name>
         <load_address>0x2000c010</load_address>
         <run_address>0x2000c010</run_address>
         <size>0x48</size>
         <input_file_ref idref="fl-fa"/>
      </object_component>
      <object_component id="oc-2fc">
         <name>.text:_SlDrvBasicCmd</name>
         <load_address>0x2000c058</load_address>
         <run_address>0x2000c058</run_address>
         <size>0x48</size>
         <input_file_ref idref="fl-f3"/>
      </object_component>
      <object_component id="oc-73d">
         <name>.text</name>
         <load_address>0x2000c0a0</load_address>
         <run_address>0x2000c0a0</run_address>
         <size>0x48</size>
         <input_file_ref idref="fl-e7"/>
      </object_component>
      <object_component id="oc-6a8">
         <name>.text:SPIDmaMaskGet</name>
         <load_address>0x2000c0e8</load_address>
         <run_address>0x2000c0e8</run_address>
         <size>0x44</size>
         <input_file_ref idref="fl-fa"/>
      </object_component>
      <object_component id="oc-874">
         <name>.text:TimerConfigure</name>
         <load_address>0x2000c12c</load_address>
         <run_address>0x2000c12c</run_address>
         <size>0x44</size>
         <input_file_ref idref="fl-fb"/>
      </object_component>
      <object_component id="oc-28b">
         <name>.text:_SlDrvSyncObjWaitTimeout</name>
         <load_address>0x2000c170</load_address>
         <run_address>0x2000c170</run_address>
         <size>0x44</size>
         <input_file_ref idref="fl-f3"/>
      </object_component>
      <object_component id="oc-1d3">
         <name>.text:__TI_auto_init_nobinit_nopinit:__TI_auto_init_nobinit_nopinit</name>
         <load_address>0x2000c1b4</load_address>
         <run_address>0x2000c1b4</run_address>
         <size>0x44</size>
         <input_file_ref idref="fl-d1"/>
      </object_component>
      <object_component id="oc-857">
         <name>.text:cc_SetupTransfer</name>
         <load_address>0x2000c1f8</load_address>
         <run_address>0x2000c1f8</run_address>
         <size>0x44</size>
         <input_file_ref idref="fl-f9"/>
      </object_component>
      <object_component id="oc-15b">
         <name>.text:sl_Htonl</name>
         <load_address>0x2000c23c</load_address>
         <run_address>0x2000c23c</run_address>
         <size>0x42</size>
         <input_file_ref idref="fl-f7"/>
      </object_component>
      <object_component id="oc-5db">
         <name>.text:PinModeSet</name>
         <load_address>0x2000c280</load_address>
         <run_address>0x2000c280</run_address>
         <size>0x40</size>
         <input_file_ref idref="fl-ec"/>
      </object_component>
      <object_component id="oc-3ea">
         <name>.text:_sl_TruncatePayloadByProtocol</name>
         <load_address>0x2000c2c0</load_address>
         <run_address>0x2000c2c0</run_address>
         <size>0x40</size>
         <input_file_ref idref="fl-f7"/>
      </object_component>
      <object_component id="oc-1a6">
         <name>.text:strtok</name>
         <load_address>0x2000c300</load_address>
         <run_address>0x2000c300</run_address>
         <size>0x40</size>
         <input_file_ref idref="fl-ce"/>
      </object_component>
      <object_component id="oc-217">
         <name>.text:vsnprintf</name>
         <load_address>0x2000c340</load_address>
         <run_address>0x2000c340</run_address>
         <size>0x40</size>
         <input_file_ref idref="fl-cf"/>
      </object_component>
      <object_component id="oc-27f">
         <name>.text:NwpRegisterInterruptHandler</name>
         <load_address>0x2000c380</load_address>
         <run_address>0x2000c380</run_address>
         <size>0x3e</size>
         <input_file_ref idref="fl-f9"/>
      </object_component>
      <object_component id="oc-765">
         <name>.text:_fcpy</name>
         <load_address>0x2000c3be</load_address>
         <run_address>0x2000c3be</run_address>
         <size>0x3e</size>
         <input_file_ref idref="fl-d5"/>
      </object_component>
      <object_component id="oc-8b5">
         <name>.text:CopyPingResultsToReport</name>
         <load_address>0x2000c3fc</load_address>
         <run_address>0x2000c3fc</run_address>
         <size>0x3c</size>
         <input_file_ref idref="fl-f4"/>
      </object_component>
      <object_component id="oc-33f">
         <name>.text:PRCMPeripheralClkEnable</name>
         <load_address>0x2000c438</load_address>
         <run_address>0x2000c438</run_address>
         <size>0x3c</size>
         <input_file_ref idref="fl-ed"/>
      </object_component>
      <object_component id="oc-414">
         <name>.text:minsert</name>
         <load_address>0x2000c474</load_address>
         <run_address>0x2000c474</run_address>
         <size>0x3c</size>
         <input_file_ref idref="fl-c8"/>
      </object_component>
      <object_component id="oc-81d">
         <name>.text:simplelink_timerA2_start</name>
         <load_address>0x2000c4b0</load_address>
         <run_address>0x2000c4b0</run_address>
         <size>0x3c</size>
         <input_file_ref idref="fl-f9"/>
      </object_component>
      <object_component id="oc-155">
         <name>.text:sl_Htons</name>
         <load_address>0x2000c4ec</load_address>
         <run_address>0x2000c4ec</run_address>
         <size>0x3c</size>
         <input_file_ref idref="fl-f7"/>
      </object_component>
      <object_component id="oc-8d8">
         <name>.text:uDMAChannelControlSet</name>
         <load_address>0x2000c528</load_address>
         <run_address>0x2000c528</run_address>
         <size>0x3c</size>
         <input_file_ref idref="fl-fc"/>
      </object_component>
      <object_component id="oc-279">
         <name>.text:NwpPowerOff</name>
         <load_address>0x2000c564</load_address>
         <run_address>0x2000c564</run_address>
         <size>0x38</size>
         <input_file_ref idref="fl-f9"/>
      </object_component>
      <object_component id="oc-58">
         <name>.text:_c_int00_noargs:_c_int00_noargs</name>
         <load_address>0x2000c59c</load_address>
         <run_address>0x2000c59c</run_address>
         <size>0x38</size>
         <input_file_ref idref="fl-d0"/>
      </object_component>
      <object_component id="oc-408">
         <name>.text:minit</name>
         <load_address>0x2000c5d4</load_address>
         <run_address>0x2000c5d4</run_address>
         <size>0x38</size>
         <input_file_ref idref="fl-c8"/>
      </object_component>
      <object_component id="oc-f9">
         <name>.text:sl_WlanDisconnect</name>
         <load_address>0x2000c60c</load_address>
         <run_address>0x2000c60c</run_address>
         <size>0x38</size>
         <input_file_ref idref="fl-f8"/>
      </object_component>
      <object_component id="oc-3db">
         <name>.text:GPIODirModeSet</name>
         <load_address>0x2000c644</load_address>
         <run_address>0x2000c644</run_address>
         <size>0x36</size>
         <input_file_ref idref="fl-ea"/>
      </object_component>
      <object_component id="oc-4b7">
         <name>.text:PRCMPeripheralStatusGet</name>
         <load_address>0x2000c67c</load_address>
         <run_address>0x2000c67c</run_address>
         <size>0x34</size>
         <input_file_ref idref="fl-ed"/>
      </object_component>
      <object_component id="oc-4cf">
         <name>.text:SPIFIFOLevelSet</name>
         <load_address>0x2000c6b0</load_address>
         <run_address>0x2000c6b0</run_address>
         <size>0x34</size>
         <input_file_ref idref="fl-fa"/>
      </object_component>
      <object_component id="oc-3d5">
         <name>.text:PinTypeGPIO</name>
         <load_address>0x2000c6e4</load_address>
         <run_address>0x2000c6e4</run_address>
         <size>0x30</size>
         <input_file_ref idref="fl-ec"/>
      </object_component>
      <object_component id="oc-453">
         <name>.text:UARTDisable</name>
         <load_address>0x2000c714</load_address>
         <run_address>0x2000c714</run_address>
         <size>0x30</size>
         <input_file_ref idref="fl-ee"/>
      </object_component>
      <object_component id="oc-467">
         <name>.text:_outs</name>
         <load_address>0x2000c744</load_address>
         <run_address>0x2000c744</run_address>
         <size>0x30</size>
         <input_file_ref idref="fl-cf"/>
      </object_component>
      <object_component id="oc-748">
         <name>.text</name>
         <load_address>0x2000c774</load_address>
         <run_address>0x2000c774</run_address>
         <size>0x2e</size>
         <input_file_ref idref="fl-e8"/>
      </object_component>
      <object_component id="oc-285">
         <name>.text:NwpPowerOn</name>
         <load_address>0x2000c7a4</load_address>
         <run_address>0x2000c7a4</run_address>
         <size>0x2c</size>
         <input_file_ref idref="fl-f9"/>
      </object_component>
      <object_component id="oc-32d">
         <name>.text:PRCMSysResetCauseGet</name>
         <load_address>0x2000c7d0</load_address>
         <run_address>0x2000c7d0</run_address>
         <size>0x2c</size>
         <input_file_ref idref="fl-ed"/>
      </object_component>
      <object_component id="oc-550">
         <name>.text:_SlDrvObjGlobalLockWaitForever</name>
         <load_address>0x2000c7fc</load_address>
         <run_address>0x2000c7fc</run_address>
         <size>0x2c</size>
         <input_file_ref idref="fl-f3"/>
      </object_component>
      <object_component id="oc-36a">
         <name>.text:_SlDrvProtectionObjLockWaitForever</name>
         <load_address>0x2000c828</load_address>
         <run_address>0x2000c828</run_address>
         <size>0x2c</size>
         <input_file_ref idref="fl-f3"/>
      </object_component>
      <object_component id="oc-880">
         <name>.text:TimerLoadSet</name>
         <load_address>0x2000c854</load_address>
         <run_address>0x2000c854</run_address>
         <size>0x2a</size>
         <input_file_ref idref="fl-fb"/>
      </object_component>
      <object_component id="oc-87a">
         <name>.text:TimerPrescaleSet</name>
         <load_address>0x2000c87e</load_address>
         <run_address>0x2000c87e</run_address>
         <size>0x2a</size>
         <input_file_ref idref="fl-fb"/>
      </object_component>
      <object_component id="oc-423">
         <name>.text:strspn</name>
         <load_address>0x2000c8a8</load_address>
         <run_address>0x2000c8a8</run_address>
         <size>0x2a</size>
         <input_file_ref idref="fl-dc"/>
      </object_component>
      <object_component id="oc-34b">
         <name>.text:PRCMPeripheralClkDisable</name>
         <load_address>0x2000c8d4</load_address>
         <run_address>0x2000c8d4</run_address>
         <size>0x28</size>
         <input_file_ref idref="fl-ed"/>
      </object_component>
      <object_component id="oc-556">
         <name>.text:_SlDrvGlobalObjUnLock</name>
         <load_address>0x2000c8fc</load_address>
         <run_address>0x2000c8fc</run_address>
         <size>0x28</size>
         <input_file_ref idref="fl-f3"/>
      </object_component>
      <object_component id="oc-370">
         <name>.text:_SlDrvProtectionObjUnLock</name>
         <load_address>0x2000c924</load_address>
         <run_address>0x2000c924</run_address>
         <size>0x28</size>
         <input_file_ref idref="fl-f3"/>
      </object_component>
      <object_component id="oc-376">
         <name>.text:_SlDrvSyncObjWaitForever</name>
         <load_address>0x2000c94c</load_address>
         <run_address>0x2000c94c</run_address>
         <size>0x28</size>
         <input_file_ref idref="fl-f3"/>
      </object_component>
      <object_component id="oc-40e">
         <name>.text:mremove</name>
         <load_address>0x2000c974</load_address>
         <run_address>0x2000c974</run_address>
         <size>0x28</size>
         <input_file_ref idref="fl-c8"/>
      </object_component>
      <object_component id="oc-5ea">
         <name>.text:_SlDrvObjLockWaitForever</name>
         <load_address>0x2000c99c</load_address>
         <run_address>0x2000c99c</run_address>
         <size>0x26</size>
         <input_file_ref idref="fl-f3"/>
      </object_component>
      <object_component id="oc-4ed">
         <name>.text:DmaSpiSwIntHandler</name>
         <load_address>0x2000c9c4</load_address>
         <run_address>0x2000c9c4</run_address>
         <size>0x24</size>
         <input_file_ref idref="fl-f9"/>
      </object_component>
      <object_component id="oc-508">
         <name>.text:IntUnregister</name>
         <load_address>0x2000c9e8</load_address>
         <run_address>0x2000c9e8</run_address>
         <size>0x24</size>
         <input_file_ref idref="fl-eb"/>
      </object_component>
      <object_component id="oc-459">
         <name>.text:UARTEnable</name>
         <load_address>0x2000ca0c</load_address>
         <run_address>0x2000ca0c</run_address>
         <size>0x24</size>
         <input_file_ref idref="fl-ee"/>
      </object_component>
      <object_component id="oc-229">
         <name>.text:memmove</name>
         <load_address>0x2000ca30</load_address>
         <run_address>0x2000ca30</run_address>
         <size>0x24</size>
         <input_file_ref idref="fl-ca"/>
      </object_component>
      <object_component id="oc-429">
         <name>.text:strcspn</name>
         <load_address>0x2000ca54</load_address>
         <run_address>0x2000ca54</run_address>
         <size>0x24</size>
         <input_file_ref idref="fl-db"/>
      </object_component>
      <object_component id="oc-4ab">
         <name>.text:SPIReset</name>
         <load_address>0x2000ca78</load_address>
         <run_address>0x2000ca78</run_address>
         <size>0x22</size>
         <input_file_ref idref="fl-fa"/>
      </object_component>
      <object_component id="oc-7cf">
         <name>.text:SPIWordCountSet</name>
         <load_address>0x2000ca9a</load_address>
         <run_address>0x2000ca9a</run_address>
         <size>0x22</size>
         <input_file_ref idref="fl-fa"/>
      </object_component>
      <object_component id="oc-3bd">
         <name>.text:GPIOPinWrite</name>
         <load_address>0x2000cabc</load_address>
         <run_address>0x2000cabc</run_address>
         <size>0x20</size>
         <input_file_ref idref="fl-ea"/>
      </object_component>
      <object_component id="oc-4d5">
         <name>.text:IntRegister</name>
         <load_address>0x2000cadc</load_address>
         <run_address>0x2000cadc</run_address>
         <size>0x20</size>
         <input_file_ref idref="fl-eb"/>
      </object_component>
      <object_component id="oc-2ca">
         <name>.text:NwpPrePowerOffTimout0</name>
         <load_address>0x2000cafc</load_address>
         <run_address>0x2000cafc</run_address>
         <size>0x20</size>
         <input_file_ref idref="fl-f9"/>
      </object_component>
      <object_component id="oc-794">
         <name>.text:TimerGetCurrentTimestamp</name>
         <load_address>0x2000cb1c</load_address>
         <run_address>0x2000cb1c</run_address>
         <size>0x20</size>
         <input_file_ref idref="fl-f9"/>
      </object_component>
      <object_component id="oc-5f0">
         <name>.text:_SlDrvObjUnLock</name>
         <load_address>0x2000cb3c</load_address>
         <run_address>0x2000cb3c</run_address>
         <size>0x20</size>
         <input_file_ref idref="fl-f3"/>
      </object_component>
      <object_component id="oc-529">
         <name>.text:_SlDrvSyncObjSignal</name>
         <load_address>0x2000cb5c</load_address>
         <run_address>0x2000cb5c</run_address>
         <size>0x20</size>
         <input_file_ref idref="fl-f3"/>
      </object_component>
      <object_component id="oc-3ab">
         <name>.text:GPIOIntRegister</name>
         <load_address>0x2000cb7c</load_address>
         <run_address>0x2000cb7c</run_address>
         <size>0x1e</size>
         <input_file_ref idref="fl-ea"/>
      </object_component>
      <object_component id="oc-886">
         <name>.text:TimerEnable</name>
         <load_address>0x2000cb9a</load_address>
         <run_address>0x2000cb9a</run_address>
         <size>0x1e</size>
         <input_file_ref idref="fl-fb"/>
      </object_component>
      <object_component id="oc-211">
         <name>.text:UARTCharPut</name>
         <load_address>0x2000cbb8</load_address>
         <run_address>0x2000cbb8</run_address>
         <size>0x1e</size>
         <input_file_ref idref="fl-ee"/>
      </object_component>
      <object_component id="oc-4bd">
         <name>.text:cc_UDMAChannelSelect</name>
         <load_address>0x2000cbd6</load_address>
         <run_address>0x2000cbd6</run_address>
         <size>0x1e</size>
         <input_file_ref idref="fl-f9"/>
      </object_component>
      <object_component id="oc-823">
         <name>.text:TimerValueGet</name>
         <load_address>0x2000cbf4</load_address>
         <run_address>0x2000cbf4</run_address>
         <size>0x1c</size>
         <input_file_ref idref="fl-fb"/>
      </object_component>
      <object_component id="oc-223">
         <name>.text:UARTCharGetNonBlocking</name>
         <load_address>0x2000cc10</load_address>
         <run_address>0x2000cc10</run_address>
         <size>0x1c</size>
         <input_file_ref idref="fl-ee"/>
      </object_component>
      <object_component id="oc-680">
         <name>.text:_SlDrvStartMeasureTimeout</name>
         <load_address>0x2000cc2c</load_address>
         <run_address>0x2000cc2c</run_address>
         <size>0x1c</size>
         <input_file_ref idref="fl-f3"/>
      </object_component>
      <object_component id="oc-659">
         <name>.text:memccpy</name>
         <load_address>0x2000cc48</load_address>
         <run_address>0x2000cc48</run_address>
         <size>0x1c</size>
         <input_file_ref idref="fl-da"/>
      </object_component>
      <object_component id="oc-8ea">
         <name>.text:uDMAChannelEnable</name>
         <load_address>0x2000cc64</load_address>
         <run_address>0x2000cc64</run_address>
         <size>0x1c</size>
         <input_file_ref idref="fl-fc"/>
      </object_component>
      <object_component id="oc-3b7">
         <name>.text:GPIOIntEnable</name>
         <load_address>0x2000cc80</load_address>
         <run_address>0x2000cc80</run_address>
         <size>0x1a</size>
         <input_file_ref idref="fl-ea"/>
      </object_component>
      <object_component id="oc-3e1">
         <name>.text:PinTypeUART</name>
         <load_address>0x2000cc9a</load_address>
         <run_address>0x2000cc9a</run_address>
         <size>0x1a</size>
         <input_file_ref idref="fl-ec"/>
      </object_component>
      <object_component id="oc-57a">
         <name>.text:SPIDmaDisable</name>
         <load_address>0x2000ccb4</load_address>
         <run_address>0x2000ccb4</run_address>
         <size>0x1a</size>
         <input_file_ref idref="fl-fa"/>
      </object_component>
      <object_component id="oc-4c9">
         <name>.text:SPIDmaEnable</name>
         <load_address>0x2000ccce</load_address>
         <run_address>0x2000ccce</run_address>
         <size>0x1a</size>
         <input_file_ref idref="fl-fa"/>
      </object_component>
      <object_component id="oc-574">
         <name>.text:SPIFIFODisable</name>
         <load_address>0x2000cce8</load_address>
         <run_address>0x2000cce8</run_address>
         <size>0x1a</size>
         <input_file_ref idref="fl-fa"/>
      </object_component>
      <object_component id="oc-4c3">
         <name>.text:SPIFIFOEnable</name>
         <load_address>0x2000cd02</load_address>
         <run_address>0x2000cd02</run_address>
         <size>0x1a</size>
         <input_file_ref idref="fl-fa"/>
      </object_component>
      <object_component id="oc-56e">
         <name>.text:SPIIntUnregister</name>
         <load_address>0x2000cd1c</load_address>
         <run_address>0x2000cd1c</run_address>
         <size>0x1a</size>
         <input_file_ref idref="fl-fa"/>
      </object_component>
      <object_component id="oc-3c9">
         <name>.text:GPIOPinRead</name>
         <load_address>0x2000cd36</load_address>
         <run_address>0x2000cd36</run_address>
         <size>0x18</size>
         <input_file_ref idref="fl-ea"/>
      </object_component>
      <object_component id="oc-49f">
         <name>.text:SPICSDisable</name>
         <load_address>0x2000cd4e</load_address>
         <run_address>0x2000cd4e</run_address>
         <size>0x18</size>
         <input_file_ref idref="fl-fa"/>
      </object_component>
      <object_component id="oc-7c9">
         <name>.text:SPICSEnable</name>
         <load_address>0x2000cd66</load_address>
         <run_address>0x2000cd66</run_address>
         <size>0x18</size>
         <input_file_ref idref="fl-fa"/>
      </object_component>
      <object_component id="oc-4a5">
         <name>.text:SPIDisable</name>
         <load_address>0x2000cd7e</load_address>
         <run_address>0x2000cd7e</run_address>
         <size>0x18</size>
         <input_file_ref idref="fl-fa"/>
      </object_component>
      <object_component id="oc-4e1">
         <name>.text:SPIEnable</name>
         <load_address>0x2000cd96</load_address>
         <run_address>0x2000cd96</run_address>
         <size>0x18</size>
         <input_file_ref idref="fl-fa"/>
      </object_component>
      <object_component id="oc-21d">
         <name>.text:UARTCharsAvail</name>
         <load_address>0x2000cdae</load_address>
         <run_address>0x2000cdae</run_address>
         <size>0x18</size>
         <input_file_ref idref="fl-ee"/>
      </object_component>
      <object_component id="oc-48e">
         <name>.text:_SlNonOsSemSet</name>
         <load_address>0x2000cdc6</load_address>
         <run_address>0x2000cdc6</run_address>
         <size>0x18</size>
         <input_file_ref idref="fl-f6"/>
      </object_component>
      <object_component id="oc-46d">
         <name>.text:_outc</name>
         <load_address>0x2000cdde</load_address>
         <run_address>0x2000cdde</run_address>
         <size>0x18</size>
         <input_file_ref idref="fl-cf"/>
      </object_component>
      <object_component id="oc-297">
         <name>.text:_sl_GetStartResponseConvert</name>
         <load_address>0x2000cdf8</load_address>
         <run_address>0x2000cdf8</run_address>
         <size>0x18</size>
         <input_file_ref idref="fl-f2"/>
      </object_component>
      <object_component id="oc-333">
         <name>.text:PRCMHIBRegRead</name>
         <load_address>0x2000ce10</load_address>
         <run_address>0x2000ce10</run_address>
         <size>0x16</size>
         <input_file_ref idref="fl-ed"/>
      </object_component>
      <object_component id="oc-339">
         <name>.text:PRCMHIBRegWrite</name>
         <load_address>0x2000ce26</load_address>
         <run_address>0x2000ce26</run_address>
         <size>0x16</size>
         <input_file_ref idref="fl-ed"/>
      </object_component>
      <object_component id="oc-354">
         <name>.text:_SlDrvMemZero</name>
         <load_address>0x2000ce3c</load_address>
         <run_address>0x2000ce3c</run_address>
         <size>0x16</size>
         <input_file_ref idref="fl-f3"/>
      </object_component>
      <object_component id="oc-1a0">
         <name>.text:strchr</name>
         <load_address>0x2000ce52</load_address>
         <run_address>0x2000ce52</run_address>
         <size>0x16</size>
         <input_file_ref idref="fl-cb"/>
      </object_component>
      <object_component id="oc-322">
         <name>.text:CPUcpsie</name>
         <load_address>0x2000ce68</load_address>
         <run_address>0x2000ce68</run_address>
         <size>0x14</size>
         <input_file_ref idref="fl-f0"/>
      </object_component>
      <object_component id="oc-3b1">
         <name>.text:GPIOIntClear</name>
         <load_address>0x2000ce7c</load_address>
         <run_address>0x2000ce7c</run_address>
         <size>0x14</size>
         <input_file_ref idref="fl-ea"/>
      </object_component>
      <object_component id="oc-11e">
         <name>.text:IntVTableBaseSet</name>
         <load_address>0x2000ce90</load_address>
         <run_address>0x2000ce90</run_address>
         <size>0x14</size>
         <input_file_ref idref="fl-eb"/>
      </object_component>
      <object_component id="oc-803">
         <name>.text:copysign</name>
         <load_address>0x2000cea4</load_address>
         <run_address>0x2000cea4</run_address>
         <size>0x14</size>
         <input_file_ref idref="fl-e1"/>
      </object_component>
      <object_component id="oc-182">
         <name>.text:strcpy</name>
         <load_address>0x2000ceb8</load_address>
         <run_address>0x2000ceb8</run_address>
         <size>0x14</size>
         <input_file_ref idref="fl-cc"/>
      </object_component>
      <object_component id="oc-136">
         <name>.text:strlen</name>
         <load_address>0x2000cecc</load_address>
         <run_address>0x2000cecc</run_address>
         <size>0x14</size>
         <input_file_ref idref="fl-cd"/>
      </object_component>
      <object_component id="oc-65f">
         <name>.text:wcslen</name>
         <load_address>0x2000cee0</load_address>
         <run_address>0x2000cee0</run_address>
         <size>0x12</size>
         <input_file_ref idref="fl-e0"/>
      </object_component>
      <object_component id="oc-8a8">
         <name>.text:_SlDrvDispatchHttpServerEvents</name>
         <load_address>0x2000cef2</load_address>
         <run_address>0x2000cef2</run_address>
         <size>0x10</size>
         <input_file_ref idref="fl-f3"/>
      </object_component>
      <object_component id="oc-2e5">
         <name>.text:_SlDrvResetCmdExt</name>
         <load_address>0x2000cf02</load_address>
         <run_address>0x2000cf02</run_address>
         <size>0xe</size>
         <input_file_ref idref="fl-f3"/>
      </object_component>
      <object_component id="oc-18">
         <name>.text:decompress:none:__TI_decompress_none</name>
         <load_address>0x2000cf10</load_address>
         <run_address>0x2000cf10</run_address>
         <size>0xe</size>
         <input_file_ref idref="fl-c6"/>
      </object_component>
      <object_component id="oc-26">
         <name>.text</name>
         <load_address>0x2000cf1e</load_address>
         <run_address>0x2000cf1e</run_address>
         <size>0xe</size>
         <input_file_ref idref="fl-6"/>
      </object_component>
      <object_component id="oc-4fb">
         <name>.text:NwpMaskInterrupt</name>
         <load_address>0x2000cf2c</load_address>
         <run_address>0x2000cf2c</run_address>
         <size>0xc</size>
         <input_file_ref idref="fl-f9"/>
      </object_component>
      <object_component id="oc-515">
         <name>.text:NwpUnMaskInterrupt</name>
         <load_address>0x2000cf38</load_address>
         <run_address>0x2000cf38</run_address>
         <size>0xc</size>
         <input_file_ref idref="fl-f9"/>
      </object_component>
      <object_component id="oc-4c">
         <name>.text:decompress:ZI:__TI_zero_init</name>
         <load_address>0x2000cf44</load_address>
         <run_address>0x2000cf44</run_address>
         <size>0xc</size>
         <input_file_ref idref="fl-c5"/>
      </object_component>
      <object_component id="oc-124">
         <name>.text:IntMasterEnable</name>
         <load_address>0x2000cf50</load_address>
         <run_address>0x2000cf50</run_address>
         <size>0xa</size>
         <input_file_ref idref="fl-eb"/>
      </object_component>
      <object_component id="oc-665">
         <name>.text:__aeabi_errno_addr</name>
         <load_address>0x2000cf5c</load_address>
         <run_address>0x2000cf5c</run_address>
         <size>0x8</size>
         <input_file_ref idref="fl-dd"/>
      </object_component>
      <object_component id="oc-142">
         <name>.text:UtilsDelay</name>
         <load_address>0x2000cf64</load_address>
         <run_address>0x2000cf64</run_address>
         <size>0x6</size>
         <input_file_ref idref="fl-ef"/>
      </object_component>
      <object_component id="oc-8e">
         <name>.text:_system_pre_init</name>
         <load_address>0x2000cf6a</load_address>
         <run_address>0x2000cf6a</run_address>
         <size>0x4</size>
         <input_file_ref idref="fl-d2"/>
      </object_component>
      <object_component id="oc-1c7">
         <name>.text:abort:abort</name>
         <load_address>0x2000cf6e</load_address>
         <run_address>0x2000cf6e</run_address>
         <size>0x4</size>
         <input_file_ref idref="fl-d4"/>
      </object_component>
      <object_component id="oc-722">
         <name>.const:.string:_ctypes_</name>
         <load_address>0x2000cf74</load_address>
         <run_address>0x2000cf74</run_address>
         <size>0x101</size>
         <input_file_ref idref="fl-d8"/>
      </object_component>
      <object_component id="oc-706">
         <name>.const:g_ulPinToPadMap</name>
         <load_address>0x2000d078</load_address>
         <run_address>0x2000d078</run_address>
         <size>0x100</size>
         <input_file_ref idref="fl-ec"/>
      </object_component>
      <object_component id="oc-5bf">
         <name>.const:g_pulRegs</name>
         <load_address>0x2000d178</load_address>
         <run_address>0x2000d178</run_address>
         <size>0xd4</size>
         <input_file_ref idref="fl-eb"/>
      </object_component>
      <object_component id="oc-5a1">
         <name>.const:PRCM_PeriphRegsList</name>
         <load_address>0x2000d24c</load_address>
         <run_address>0x2000d24c</run_address>
         <size>0xa8</size>
         <input_file_ref idref="fl-ed"/>
      </object_component>
      <object_component id="oc-329">
         <name>.const</name>
         <load_address>0x2000d2f4</load_address>
         <run_address>0x2000d2f4</run_address>
         <size>0x80</size>
         <input_file_ref idref="fl-eb"/>
      </object_component>
      <object_component id="oc-7bf">
         <name>.const:OpcodeTranslateTable</name>
         <load_address>0x2000d374</load_address>
         <run_address>0x2000d374</run_address>
         <size>0x3c</size>
         <input_file_ref idref="fl-f3"/>
      </object_component>
      <object_component id="oc-851">
         <name>.const:_SlActionLookupTable</name>
         <load_address>0x2000d3b0</load_address>
         <run_address>0x2000d3b0</run_address>
         <size>0x38</size>
         <input_file_ref idref="fl-f3"/>
      </object_component>
      <object_component id="oc-244">
         <name>.const:.string</name>
         <load_address>0x2000d3e8</load_address>
         <run_address>0x2000d3e8</run_address>
         <size>0x30</size>
         <input_file_ref idref="fl-3"/>
      </object_component>
      <object_component id="oc-111">
         <name>.const:$P$T1$2</name>
         <load_address>0x2000d418</load_address>
         <run_address>0x2000d418</run_address>
         <size>0x2c</size>
         <input_file_ref idref="fl-3"/>
      </object_component>
      <object_component id="oc-7de">
         <name>.const:g_ppulSPIIntMap</name>
         <load_address>0x2000d444</load_address>
         <run_address>0x2000d444</run_address>
         <size>0x24</size>
         <input_file_ref idref="fl-fa"/>
      </object_component>
      <object_component id="oc-11d">
         <name>.const:.string:$P$T0$1</name>
         <load_address>0x2000d468</load_address>
         <run_address>0x2000d468</run_address>
         <size>0x22</size>
         <input_file_ref idref="fl-3"/>
      </object_component>
      <object_component id="oc-834">
         <name>.const:RxMsgClassLUT</name>
         <load_address>0x2000d48c</load_address>
         <run_address>0x2000d48c</run_address>
         <size>0x20</size>
         <input_file_ref idref="fl-f3"/>
      </object_component>
      <object_component id="oc-7a0">
         <name>.const</name>
         <load_address>0x2000d4ac</load_address>
         <run_address>0x2000d4ac</run_address>
         <size>0x18</size>
         <input_file_ref idref="fl-fa"/>
      </object_component>
      <object_component id="oc-179">
         <name>.const:.string:$P$T6$7</name>
         <load_address>0x2000d4c4</load_address>
         <run_address>0x2000d4c4</run_address>
         <size>0x15</size>
         <input_file_ref idref="fl-3"/>
      </object_component>
      <object_component id="oc-82d">
         <name>.const:$P$T0$1</name>
         <load_address>0x2000d4dc</load_address>
         <run_address>0x2000d4dc</run_address>
         <size>0x14</size>
         <input_file_ref idref="fl-f3"/>
      </object_component>
      <object_component id="oc-68c">
         <name>.const:$P$T0$1</name>
         <load_address>0x2000d4f0</load_address>
         <run_address>0x2000d4f0</run_address>
         <size>0x14</size>
         <input_file_ref idref="fl-f6"/>
      </object_component>
      <object_component id="oc-114">
         <name>.const:$P$T2$3</name>
         <load_address>0x2000d504</load_address>
         <run_address>0x2000d504</run_address>
         <size>0x14</size>
         <input_file_ref idref="fl-3"/>
      </object_component>
      <object_component id="oc-5e6">
         <name>.const:.string:_SlPayloadByProtocolLUT</name>
         <load_address>0x2000d518</load_address>
[...]
      </symbol>
      <symbol id="sm-95e">
         <name>UtilsDelay</name>
         <value>0x2000cf65</value>
         <object_component_ref idref="oc-142"/>
      </symbol>
      <symbol id="sm-968">
         <name>CPUcpsie</name>
         <value>0x2000ce69</value>
         <object_component_ref idref="oc-322"/>
      </symbol>
      <symbol id="sm-a1f">
         <name>_sl_HandleAsync_InitComplete</name>
         <value>0x2000adf9</value>
         <object_component_ref idref="oc-8f5"/>
      </symbol>
      <symbol id="sm-a20">
         <name>_SlDrvDeviceEventHandler</name>
         <value>0x2000a5e5</value>
         <object_component_ref idref="oc-894"/>
      </symbol>
      <symbol id="sm-a21">
         <name>_sl_HandleAsync_Stop</name>
         <value>0x2000bdb1</value>
         <object_component_ref idref="oc-8d0"/>
      </symbol>
      <symbol id="sm-a22">
         <name>sl_DevSet</name>
         <value>0x2000a681</value>
         <object_component_ref idref="oc-143"/>
      </symbol>
      <symbol id="sm-a23">
         <name>sl_Stop</name>
         <value>0x20009571</value>
         <object_component_ref idref="oc-e1"/>
      </symbol>
      <symbol id="sm-a24">
         <name>sl_Start</name>
         <value>0x20009841</value>
         <object_component_ref idref="oc-cf"/>
      </symbol>
      <symbol id="sm-a25">
         <name>sl_DevGet</name>
         <value>0x20009e61</value>
         <object_component_ref idref="oc-e7"/>
      </symbol>
      <symbol id="sm-cd4">
         <name>RxIrqCnt</name>
         <value>0x2001fa14</value>
      </symbol>
      <symbol id="sm-cd5">
         <name>g_bDeviceRestartIsRequired</name>
         <value>0x2001fa15</value>
      </symbol>
      <symbol id="sm-cd6">
         <name>_SlDrvProtectionObjUnLock</name>
         <value>0x2000c925</value>
         <object_component_ref idref="oc-370"/>
      </symbol>
      <symbol id="sm-cd7">
         <name>_SlDrvBasicCmd</name>
         <value>0x2000c059</value>
         <object_component_ref idref="oc-2fc"/>
      </symbol>
      <symbol id="sm-cd8">
         <name>_SlDrvObjUnLock</name>
         <value>0x2000cb3d</value>
         <object_component_ref idref="oc-5f0"/>
      </symbol>
      <symbol id="sm-cd9">
         <name>_SlDrvObjLockWaitForever</name>
         <value>0x2000c99d</value>
         <object_component_ref idref="oc-5ea"/>
      </symbol>
      <symbol id="sm-cda">
         <name>_SlDrvMsgReadSpawnCtx</name>
         <value>0x20009a15</value>
         <object_component_ref idref="oc-543"/>
      </symbol>
      <symbol id="sm-cdb">
         <name>_SlDrvDispatchHttpServerEvents</name>
         <value>0x2000cef3</value>
         <object_component_ref idref="oc-8a8"/>
      </symbol>
      <symbol id="sm-cdc">
         <name>_SlDriverHandleError</name>
         <value>0x2000a365</value>
         <object_component_ref idref="oc-51c"/>
      </symbol>
      <symbol id="sm-cdd">
         <name>_SlDrvDriverCBDeinit</name>
         <value>0x20008efd</value>
         <object_component_ref idref="oc-2d6"/>
      </symbol>
      <symbol id="sm-cde">
         <name>_SlDrvStartMeasureTimeout</name>
         <value>0x2000cc2d</value>
         <object_component_ref idref="oc-680"/>
      </symbol>
      <symbol id="sm-cdf">
         <name>_SlDrvResetCmdExt</name>
         <value>0x2000cf03</value>
         <object_component_ref idref="oc-2e5"/>
      </symbol>
      <symbol id="sm-ce0">
         <name>_SlDrvIsTimeoutExpired</name>
         <value>0x2000ad6d</value>
         <object_component_ref idref="oc-686"/>
      </symbol>
      <symbol id="sm-ce1">
         <name>_SlDrvProtectAsyncRespSetting</name>
         <value>0x2000be99</value>
         <object_component_ref idref="oc-273"/>
      </symbol>
      <symbol id="sm-ce2">
         <name>_SlDrvReleasePoolObj</name>
         <value>0x20007789</value>
         <object_component_ref idref="oc-291"/>
      </symbol>
      <symbol id="sm-ce3">
         <name>OpcodeTranslateTable</name>
         <value>0x2000d374</value>
         <object_component_ref idref="oc-7bf"/>
      </symbol>
      <symbol id="sm-ce4">
         <name>pPingCallBackFunc</name>
         <value>0x2001fa88</value>
         <object_component_ref idref="oc-2a0"/>
      </symbol>
      <symbol id="sm-ce5">
         <name>_SlDrvDriverCBInit</name>
         <value>0x20007ce1</value>
         <object_component_ref idref="oc-267"/>
      </symbol>
      <symbol id="sm-ce6">
         <name>g_pCB</name>
         <value>0x2001fa84</value>
         <object_component_ref idref="oc-2a0"/>
      </symbol>
      <symbol id="sm-ce7">
         <name>_SlDrvProtectionObjLockWaitForever</name>
         <value>0x2000c829</value>
         <object_component_ref idref="oc-36a"/>
      </symbol>
      <symbol id="sm-ce8">
         <name>_SlDrvCmdOp</name>
         <value>0x20009ff1</value>
         <object_component_ref idref="oc-2ba"/>
      </symbol>
      <symbol id="sm-ce9">
         <name>_SlDrvSyncObjWaitTimeout</name>
         <value>0x2000c171</value>
         <object_component_ref idref="oc-28b"/>
      </symbol>
      <symbol id="sm-cea">
         <name>_SlDrvGlobalObjUnLock</name>
         <value>0x2000c8fd</value>
         <object_component_ref idref="oc-556"/>
      </symbol>
      <symbol id="sm-ceb">
         <name>_SlDrvMemZero</name>
         <value>0x2000ce3d</value>
         <object_component_ref idref="oc-354"/>
      </symbol>
      <symbol id="sm-cec">
         <name>_SlDrvWaitForPoolObj</name>
         <value>0x20008031</value>
         <object_component_ref idref="oc-364"/>
      </symbol>
      <symbol id="sm-ced">
         <name>_SlDrvSyncObjSignal</name>
         <value>0x2000cb5d</value>
         <object_component_ref idref="oc-529"/>
      </symbol>
      <symbol id="sm-cee">
         <name>_SlDrvDataReadOp</name>
         <value>0x200075a5</value>
         <object_component_ref idref="oc-3fe"/>
      </symbol>
      <symbol id="sm-cef">
         <name>_SlDrvDataWriteOp</name>
         <value>0x20008635</value>
         <object_component_ref idref="oc-3f0"/>
      </symbol>
      <symbol id="sm-cf0">
         <name>_SlDrvRxIrqHandler</name>
         <value>0x2000bc61</value>
         <object_component_ref idref="oc-2a3"/>
      </symbol>
      <symbol id="sm-cf1">
         <name>_SlDrvSyncObjWaitForever</name>
         <value>0x2000c94d</value>
         <object_component_ref idref="oc-376"/>
      </symbol>
      <symbol id="sm-cf2">
         <name>g_SlDeviceStatus</name>
         <value>0x2001fa80</value>
         <object_component_ref idref="oc-2a0"/>
      </symbol>
      <symbol id="sm-cf3">
         <name>_SlDrvCmdSend</name>
         <value>0x2000b5f5</value>
         <object_component_ref idref="oc-8ff"/>
      </symbol>
      <symbol id="sm-cf4">
         <name>_SlActionLookupTable</name>
         <value>0x2000d3b0</value>
         <object_component_ref idref="oc-851"/>
      </symbol>
      <symbol id="sm-d9c">
         <name>sl_NetAppMDNSUnRegisterService</name>
         <value>0x2000b861</value>
         <object_component_ref idref="oc-10b"/>
      </symbol>
      <symbol id="sm-d9d">
         <name>_SlNetAppSendTokenValueCmdCtrl</name>
         <value>0x2000d57e</value>
         <object_component_ref idref="oc-905"/>
      </symbol>
      <symbol id="sm-d9e">
         <name>sl_NetAppDnsGetHostByName</name>
         <value>0x20008a11</value>
         <object_component_ref idref="oc-14f"/>
      </symbol>
      <symbol id="sm-d9f">
         <name>_sl_HandleAsync_DnsGetHostByName</name>
         <value>0x2000aaa5</value>
         <object_component_ref idref="oc-89c"/>
      </symbol>
      <symbol id="sm-da0">
         <name>_sl_HandleAsync_PingResponse</name>
         <value>0x2000ab35</value>
         <object_component_ref idref="oc-83d"/>
      </symbol>
      <symbol id="sm-da1">
         <name>_SlDrvNetAppEventHandler</name>
         <value>0x20009371</value>
         <object_component_ref idref="oc-837"/>
      </symbol>
      <symbol id="sm-da2">
         <name>_sl_HandleAsync_DnsGetHostByService</name>
         <value>0x20009d95</value>
         <object_component_ref idref="oc-8a2"/>
      </symbol>
      <symbol id="sm-da3">
         <name>_sl_NetAppSendTokenValue</name>
         <value>0x2000b661</value>
         <object_component_ref idref="oc-8ae"/>
      </symbol>
      <symbol id="sm-da4">
         <name>sl_NetAppMDNSRegisterUnregisterService</name>
         <value>0x20009afd</value>
         <object_component_ref idref="oc-311"/>
      </symbol>
      <symbol id="sm-dc6">
         <name>sl_NetCfgSet</name>
         <value>0x2000a719</value>
         <object_component_ref idref="oc-ff"/>
      </symbol>
      <symbol id="sm-e0e">
         <name>_SlNonOsSemSet</name>
         <value>0x2000cdc7</value>
         <object_component_ref idref="oc-48e"/>
      </symbol>
      <symbol id="sm-e0f">
         <name>_SlNonOsSpawn</name>
         <value>0x2000b735</value>
         <object_component_ref idref="oc-53d"/>
      </symbol>
      <symbol id="sm-e10">
         <name>_SlNonOsSemGet</name>
         <value>0x2000a165</value>
         <object_component_ref idref="oc-494"/>
      </symbol>
      <symbol id="sm-e11">
         <name>_SlNonOsMainLoopTask</name>
         <value>0x2000b511</value>
         <object_component_ref idref="oc-d5"/>
      </symbol>
      <symbol id="sm-e12">
         <name>g__SlNonOsCB</name>
         <value>0x2001fa1c</value>
         <object_component_ref idref="oc-2b5"/>
      </symbol>
      <symbol id="sm-f13">
         <name>sl_Recv</name>
         <value>0x2000a4a9</value>
         <object_component_ref idref="oc-194"/>
      </symbol>
      <symbol id="sm-f14">
         <name>sl_Send</name>
         <value>0x20008dc9</value>
         <object_component_ref idref="oc-188"/>
      </symbol>
      <symbol id="sm-f15">
         <name>_sl_HandleAsync_Connect</name>
         <value>0x2000b1ad</value>
         <object_component_ref idref="oc-8c4"/>
      </symbol>
      <symbol id="sm-f16">
         <name>sl_Htonl</name>
         <value>0x2000c23d</value>
         <object_component_ref idref="oc-15b"/>
      </symbol>
      <symbol id="sm-f17">
         <name>sl_Htons</name>
         <value>0x2000c4ed</value>
         <object_component_ref idref="oc-155"/>
      </symbol>
      <symbol id="sm-f18">
         <name>sl_Connect</name>
         <value>0x200081c1</value>
         <object_component_ref idref="oc-16d"/>
      </symbol>
      <symbol id="sm-f19">
         <name>sl_Socket</name>
         <value>0x2000ae85</value>
         <object_component_ref idref="oc-161"/>
      </symbol>
      <symbol id="sm-f1a">
         <name>_sl_HandleAsync_Select</name>
         <value>0x2000bcb5</value>
         <object_component_ref idref="oc-8ca"/>
      </symbol>
      <symbol id="sm-f1b">
         <name>sl_Close</name>
         <value>0x2000b98d</value>
         <object_component_ref idref="oc-18e"/>
      </symbol>
      <symbol id="sm-f1c">
         <name>_sl_HandleAsync_Accept</name>
         <value>0x2000b799</value>
         <object_component_ref idref="oc-8be"/>
      </symbol>
      <symbol id="sm-f1d">
         <name>sl_SetSockOpt</name>
         <value>0x2000a7b1</value>
         <object_component_ref idref="oc-167"/>
      </symbol>
      <symbol id="sm-fd7">
         <name>sl_WlanDisconnect</name>
         <value>0x2000c60d</value>
         <object_component_ref idref="oc-f9"/>
      </symbol>
      <symbol id="sm-fd8">
         <name>sl_WlanPolicySet</name>
         <value>0x2000abc5</value>
         <object_component_ref idref="oc-ed"/>
      </symbol>
      <symbol id="sm-fd9">
         <name>sl_WlanProfileDel</name>
         <value>0x2000b9ed</value>
         <object_component_ref idref="oc-f3"/>
      </symbol>
      <symbol id="sm-fda">
         <name>sl_WlanRxFilterSet</name>
         <value>0x2000b0a5</value>
         <object_component_ref idref="oc-117"/>
      </symbol>
      <symbol id="sm-fdb">
         <name>sl_WlanConnect</name>
         <value>0x20006e6d</value>
         <object_component_ref idref="oc-13c"/>
      </symbol>
      <symbol id="sm-fdc">
         <name>sl_WlanSet</name>
         <value>0x2000a849</value>
         <object_component_ref idref="oc-105"/>
      </symbol>
      <symbol id="sm-fdd">
         <name>sl_WlanSetMode</name>
         <value>0x2000ba4d</value>
         <object_component_ref idref="oc-db"/>
      </symbol>
      <symbol id="sm-10fd">
         <name>g_ucDinDout</name>
         <value>0x2001f968</value>
      </symbol>
      <symbol id="sm-10fe">
         <name>g_cDummy</name>
         <value>0x2001fa16</value>
      </symbol>
      <symbol id="sm-10ff">
         <name>NwpMaskInterrupt</name>
         <value>0x2000cf2d</value>
         <object_component_ref idref="oc-4fb"/>
      </symbol>
      <symbol id="sm-1100">
         <name>NwpPrePowerOffTimout0</name>
         <value>0x2000cafd</value>
         <object_component_ref idref="oc-2ca"/>
      </symbol>
      <symbol id="sm-1101">
         <name>NwpRegisterInterruptHandler</name>
         <value>0x2000c381</value>
         <object_component_ref idref="oc-27f"/>
      </symbol>
      <symbol id="sm-1102">
         <name>g_pHostIntHdl</name>
         <value>0x2001faac</value>
         <object_component_ref idref="oc-4e7"/>
      </symbol>
      <symbol id="sm-1103">
         <name>simplelink_timerA2_start</name>
         <value>0x2000c4b1</value>
         <object_component_ref idref="oc-81d"/>
      </symbol>
      <symbol id="sm-1104">
         <name>NwpUnMaskInterrupt</name>
         <value>0x2000cf39</value>
         <object_component_ref idref="oc-515"/>
      </symbol>
      <symbol id="sm-1105">
         <name>NwpPowerOff</name>
         <value>0x2000c565</value>
         <object_component_ref idref="oc-279"/>
      </symbol>
      <symbol id="sm-1106">
         <name>TimerGetCurrentTimestamp</name>
         <value>0x2000cb1d</value>
         <object_component_ref idref="oc-794"/>
      </symbol>
      <symbol id="sm-1107">
         <name>spi_Read</name>
         <value>0x20009661</value>
         <object_component_ref idref="oc-7b2"/>
      </symbol>
      <symbol id="sm-1108">
         <name>DmaSpiSwIntHandler</name>
         <value>0x2000c9c5</value>
         <object_component_ref idref="oc-4ed"/>
      </symbol>
      <symbol id="sm-1109">
         <name>NwpPowerOn</name>
         <value>0x2000c7a5</value>
         <object_component_ref idref="oc-285"/>
      </symbol>
      <symbol id="sm-110a">
         <name>spi_Close</name>
         <value>0x2000b421</value>
         <object_component_ref idref="oc-2d0"/>
      </symbol>
      <symbol id="sm-110b">
         <name>spi_Write</name>
         <value>0x2000a8e1</value>
         <object_component_ref idref="oc-6e0"/>
      </symbol>
      <symbol id="sm-110c">
         <name>spi_Open</name>
         <value>0x20008785</value>
         <object_component_ref idref="oc-26d"/>
      </symbol>
      <symbol id="sm-110d">
         <name>g_ucDMAEnabled</name>
         <value>0x2001fab0</value>
         <object_component_ref idref="oc-4e7"/>
      </symbol>
      <symbol id="sm-110e">
         <name>g_SpiFd</name>
         <value>0x2001faa8</value>
         <object_component_ref idref="oc-4e7"/>
      </symbol>
      <symbol id="sm-11c9">
         <name>SPIFIFODisable</name>
         <value>0x2000cce9</value>
         <object_component_ref idref="oc-574"/>
      </symbol>
      <symbol id="sm-11ca">
         <name>SPICSEnable</name>
         <value>0x2000cd67</value>
         <object_component_ref idref="oc-7c9"/>
      </symbol>
      <symbol id="sm-11cb">
         <name>SPIDisable</name>
         <value>0x2000cd7f</value>
         <object_component_ref idref="oc-4a5"/>
      </symbol>
      <symbol id="sm-11cc">
         <name>SPIFIFOEnable</name>
         <value>0x2000cd03</value>
         <object_component_ref idref="oc-4c3"/>
      </symbol>
      <symbol id="sm-11cd">
         <name>SPIWordCountSet</name>
         <value>0x2000ca9b</value>
         <object_component_ref idref="oc-7cf"/>
      </symbol>
      <symbol id="sm-11ce">
         <name>SPIEnable</name>
         <value>0x2000cd97</value>
         <object_component_ref idref="oc-4e1"/>
      </symbol>
      <symbol id="sm-11cf">
         <name>SPIDmaEnable</name>
         <value>0x2000cccf</value>
         <object_component_ref idref="oc-4c9"/>
      </symbol>
      <symbol id="sm-11d0">
         <name>SPIConfigSetExpClk</name>
         <value>0x2000a409</value>
         <object_component_ref idref="oc-4b1"/>
      </symbol>
      <symbol id="sm-11d1">
         <name>SPIIntUnregister</name>
         <value>0x2000cd1d</value>
         <object_component_ref idref="oc-56e"/>
      </symbol>
      <symbol id="sm-11d2">
         <name>SPIFIFOLevelSet</name>
         <value>0x2000c6b1</value>
         <object_component_ref idref="oc-4cf"/>
      </symbol>
      <symbol id="sm-11d3">
         <name>SPIDmaDisable</name>
         <value>0x2000ccb5</value>
         <object_component_ref idref="oc-57a"/>
      </symbol>
      <symbol id="sm-11d4">
         <name>SPIReset</name>
         <value>0x2000ca79</value>
         <object_component_ref idref="oc-4ab"/>
      </symbol>
      <symbol id="sm-11d5">
         <name>SPIIntEnable</name>
         <value>0x2000be01</value>
         <object_component_ref idref="oc-4db"/>
      </symbol>
      <symbol id="sm-11d6">
         <name>SPIIntClear</name>
         <value>0x2000c011</value>
         <object_component_ref idref="oc-6b9"/>
      </symbol>
      <symbol id="sm-11d7">
         <name>SPICSDisable</name>
         <value>0x2000cd4f</value>
         <object_component_ref idref="oc-49f"/>
      </symbol>
      <symbol id="sm-120a">
         <name>TimerLoadSet</name>
         <value>0x2000c855</value>
         <object_component_ref idref="oc-880"/>
      </symbol>
      <symbol id="sm-120b">
         <name>TimerEnable</name>
         <value>0x2000cb9b</value>
         <object_component_ref idref="oc-886"/>
      </symbol>
      <symbol id="sm-120c">
         <name>TimerValueGet</name>
         <value>0x2000cbf5</value>
         <object_component_ref idref="oc-823"/>
      </symbol>
      <symbol id="sm-120d">
         <name>TimerPrescaleSet</name>
         <value>0x2000c87f</value>
         <object_component_ref idref="oc-87a"/>
      </symbol>
      <symbol id="sm-120e">
         <name>TimerConfigure</name>
         <value>0x2000c12d</value>
         <object_component_ref idref="oc-874"/>
      </symbol>
      <symbol id="sm-1265">
         <name>uDMAChannelControlSet</name>
         <value>0x2000c529</value>
         <object_component_ref idref="oc-8d8"/>
      </symbol>
      <symbol id="sm-1266">
         <name>uDMAChannelAttributeEnable</name>
         <value>0x2000b929</value>
         <object_component_ref idref="oc-8de"/>
      </symbol>
      <symbol id="sm-1267">
         <name>uDMAChannelTransferSet</name>
         <value>0x20009751</value>
         <object_component_ref idref="oc-8e4"/>
      </symbol>
      <symbol id="sm-1268">
         <name>uDMAChannelAssign</name>
         <value>0x2000bf7d</value>
         <object_component_ref idref="oc-697"/>
      </symbol>
      <symbol id="sm-1269">
         <name>uDMAChannelAttributeDisable</name>
         <value>0x2000b8c5</value>
         <object_component_ref idref="oc-69d"/>
      </symbol>
      <symbol id="sm-126a">
         <name>uDMAChannelEnable</name>
         <value>0x2000cc65</value>
         <object_component_ref idref="oc-8ea"/>
      </symbol>
      <symbol id="sm-126b">
         <name>__TI_static_base__</name>
         <value>0x2000d5b8</value>
      </symbol>
      <symbol id="sm-126e">
         <name>__mpu_init</name>
         <value>0x0</value>
      </symbol>
      <symbol id="sm-126f">
         <name>_system_post_cinit</name>
         <value>0x0</value>
      </symbol>
   </symbol_table>
   <title>Link successful</title>
</link_info>
