<?xml version="1.0" encoding="ISO-8859-1" ?>
<link_info>
   <banner>TI ARM Linker PC v18.1.3.LTS</banner>
   <copyright>Copyright (c) 1996-2017 Texas Instruments Incorporated</copyright>
   <link_time>0x5c8b4550</link_time>
   <link_errors>0x0</link_errors>
   <output_file>SSL_REST_API_AWS_W19.out</output_file>
   <entry_point>
      <name>_c_int00_noargs</name>
      <address>0x2000c579</address>
   </entry_point>
   <input_file_list>
      <input_file id="fl-2">
         <path>.\</path>
         <kind>object</kind>
         <file>gpio_if.obj</file>
         <name>gpio_if.obj</name>
      </input_file>
      <input_file id="fl-3">
         <path>.\</path>
         <kind>object</kind>
         <file>main.obj</file>
         <name>main.obj</name>
      </input_file>
      <input_file id="fl-4">
         <path>.\</path>
         <kind>object</kind>
         <file>network_common.obj</file>
         <name>network_common.obj</name>
      </input_file>
      <input_file id="fl-5">
         <path>.\</path>
         <kind>object</kind>
         <file>pinmux.obj</file>
         <name>pinmux.obj</name>
      </input_file>
      <input_file id="fl-6">
         <path>.\</path>
         <kind>object</kind>
         <file>startup_ccs.obj</file>
         <name>startup_ccs.obj</name>
      </input_file>
      <input_file id="fl-7">
         <path>.\</path>
         <kind>object</kind>
         <file>uart_if.obj</file>
         <name>uart_if.obj</name>
      </input_file>
      <input_file id="fl-d">
         <kind>object</kind>
         <file>&lt;internal&gt;</file>
         <name>&lt;internal&gt;</name>
      </input_file>
      <input_file id="fl-c3">
         <path>C:\ti\ccsv8\tools\compiler\ti-cgt-arm_18.1.3.LTS\lib\</path>
         <kind>archive</kind>
         <file>rtsv7M4_T_le_v4SPD16_eabi.lib</file>
         <name>memset_t2.asm.obj</name>
      </input_file>
      <input_file id="fl-c4">
         <path>C:\ti\ccsv8\tools\compiler\ti-cgt-arm_18.1.3.LTS\lib\</path>
         <kind>archive</kind>
         <file>rtsv7M4_T_le_v4SPD16_eabi.lib</file>
         <name>memcpy_t2.asm.obj</name>
      </input_file>
      <input_file id="fl-c5">
         <path>C:\ti\ccsv8\tools\compiler\ti-cgt-arm_18.1.3.LTS\lib\</path>
         <kind>archive</kind>
         <file>rtsv7M4_T_le_v4SPD16_eabi.lib</file>
         <name>copy_zero_init.c.obj</name>
      </input_file>
      <input_file id="fl-c6">
         <path>C:\ti\ccsv8\tools\compiler\ti-cgt-arm_18.1.3.LTS\lib\</path>
         <kind>archive</kind>
         <file>rtsv7M4_T_le_v4SPD16_eabi.lib</file>
         <name>copy_decompress_none.c.obj</name>
      </input_file>
      <input_file id="fl-c7">
         <path>C:\ti\ccsv8\tools\compiler\ti-cgt-arm_18.1.3.LTS\lib\</path>
         <kind>archive</kind>
         <file>rtsv7M4_T_le_v4SPD16_eabi.lib</file>
         <name>copy_decompress_lzss.c.obj</name>
      </input_file>
      <input_file id="fl-c8">
         <path>C:\ti\ccsv8\tools\compiler\ti-cgt-arm_18.1.3.LTS\lib\</path>
         <kind>archive</kind>
         <file>rtsv7M4_T_le_v4SPD16_eabi.lib</file>
         <name>memory.c.obj</name>
      </input_file>
      <input_file id="fl-c9">
         <path>C:\ti\ccsv8\tools\compiler\ti-cgt-arm_18.1.3.LTS\lib\</path>
         <kind>archive</kind>
         <file>rtsv7M4_T_le_v4SPD16_eabi.lib</file>
         <name>_lock.c.obj</name>
      </input_file>
      <input_file id="fl-ca">
         <path>C:\ti\ccsv8\tools\compiler\ti-cgt-arm_18.1.3.LTS\lib\</path>
         <kind>archive</kind>
         <file>rtsv7M4_T_le_v4SPD16_eabi.lib</file>
         <name>memmov.c.obj</name>
      </input_file>
      <input_file id="fl-cb">
         <path>C:\ti\ccsv8\tools\compiler\ti-cgt-arm_18.1.3.LTS\lib\</path>
         <kind>archive</kind>
         <file>rtsv7M4_T_le_v4SPD16_eabi.lib</file>
         <name>strchr.c.obj</name>
      </input_file>
      <input_file id="fl-cc">
         <path>C:\ti\ccsv8\tools\compiler\ti-cgt-arm_18.1.3.LTS\lib\</path>
         <kind>archive</kind>
         <file>rtsv7M4_T_le_v4SPD16_eabi.lib</file>
         <name>strcpy.c.obj</name>
      </input_file>
      <input_file id="fl-cd">
         <path>C:\ti\ccsv8\tools\compiler\ti-cgt-arm_18.1.3.LTS\lib\</path>
         <kind>archive</kind>
         <file>rtsv7M4_T_le_v4SPD16_eabi.lib</file>
         <name>strlen.c.obj</name>
      </input_file>
      <input_file id="fl-ce">
         <path>C:\ti\ccsv8\tools\compiler\ti-cgt-arm_18.1.3.LTS\lib\</path>
         <kind>archive</kind>
         <file>rtsv7M4_T_le_v4SPD16_eabi.lib</file>
         <name>strtok.c.obj</name>
      </input_file>
      <input_file id="fl-cf">
         <path>C:\ti\ccsv8\tools\compiler\ti-cgt-arm_18.1.3.LTS\lib\</path>
         <kind>archive</kind>
         <file>rtsv7M4_T_le_v4SPD16_eabi.lib</file>
         <name>vsnprintf.c.obj</name>
      </input_file>
      <input_file id="fl-d0">
         <path>C:\ti\ccsv8\tools\compiler\ti-cgt-arm_18.1.3.LTS\lib\</path>
         <kind>archive</kind>
         <file>rtsv7M4_T_le_v4SPD16_eabi.lib</file>
         <name>boot_cortex_m.c.obj</name>
      </input_file>
      <input_file id="fl-d1">
         <path>C:\ti\ccsv8\tools\compiler\ti-cgt-arm_18.1.3.LTS\lib\</path>
         <kind>archive</kind>
         <file>rtsv7M4_T_le_v4SPD16_eabi.lib</file>
         <name>autoinit.c.obj</name>
      </input_file>
      <input_file id="fl-d2">
         <path>C:\ti\ccsv8\tools\compiler\ti-cgt-arm_18.1.3.LTS\lib\</path>
         <kind>archive</kind>
         <file>rtsv7M4_T_le_v4SPD16_eabi.lib</file>
         <name>pre_init.c.obj</name>
      </input_file>
      <input_file id="fl-d3">
         <path>C:\ti\ccsv8\tools\compiler\ti-cgt-arm_18.1.3.LTS\lib\</path>
         <kind>archive</kind>
         <file>rtsv7M4_T_le_v4SPD16_eabi.lib</file>
         <name>cpy_tbl.c.obj</name>
      </input_file>
      <input_file id="fl-d4">
         <path>C:\ti\ccsv8\tools\compiler\ti-cgt-arm_18.1.3.LTS\lib\</path>
         <kind>archive</kind>
         <file>rtsv7M4_T_le_v4SPD16_eabi.lib</file>
         <name>exit.c.obj</name>
      </input_file>
      <input_file id="fl-d5">
         <path>C:\ti\ccsv8\tools\compiler\ti-cgt-arm_18.1.3.LTS\lib\</path>
         <kind>archive</kind>
         <file>rtsv7M4_T_le_v4SPD16_eabi.lib</file>
         <name>_printfi.c.obj</name>
      </input_file>
      <input_file id="fl-d6">
         <path>C:\ti\ccsv8\tools\compiler\ti-cgt-arm_18.1.3.LTS\lib\</path>
         <kind>archive</kind>
         <file>rtsv7M4_T_le_v4SPD16_eabi.lib</file>
         <name>args_main.c.obj</name>
      </input_file>
      <input_file id="fl-d7">
         <path>C:\ti\ccsv8\tools\compiler\ti-cgt-arm_18.1.3.LTS\lib\</path>
         <kind>archive</kind>
         <file>rtsv7M4_T_le_v4SPD16_eabi.lib</file>
         <name>atoi.c.obj</name>
      </input_file>
      <input_file id="fl-d8">
         <path>C:\ti\ccsv8\tools\compiler\ti-cgt-arm_18.1.3.LTS\lib\</path>
         <kind>archive</kind>
         <file>rtsv7M4_T_le_v4SPD16_eabi.lib</file>
         <name>ctype.c.obj</name>
      </input_file>
      <input_file id="fl-d9">
         <path>C:\ti\ccsv8\tools\compiler\ti-cgt-arm_18.1.3.LTS\lib\</path>
         <kind>archive</kind>
         <file>rtsv7M4_T_le_v4SPD16_eabi.lib</file>
         <name>ltoa.c.obj</name>
      </input_file>
      <input_file id="fl-da">
         <path>C:\ti\ccsv8\tools\compiler\ti-cgt-arm_18.1.3.LTS\lib\</path>
         <kind>archive</kind>
         <file>rtsv7M4_T_le_v4SPD16_eabi.lib</file>
         <name>memccpy.c.obj</name>
      </input_file>
      <input_file id="fl-db">
         <path>C:\ti\ccsv8\tools\compiler\ti-cgt-arm_18.1.3.LTS\lib\</path>
         <kind>archive</kind>
         <file>rtsv7M4_T_le_v4SPD16_eabi.lib</file>
         <name>strcspn.c.obj</name>
      </input_file>
      <input_file id="fl-dc">
         <path>C:\ti\ccsv8\tools\compiler\ti-cgt-arm_18.1.3.LTS\lib\</path>
         <kind>archive</kind>
         <file>rtsv7M4_T_le_v4SPD16_eabi.lib</file>
         <name>strspn.c.obj</name>
      </input_file>
      <input_file id="fl-dd">
         <path>C:\ti\ccsv8\tools\compiler\ti-cgt-arm_18.1.3.LTS\lib\</path>
         <kind>archive</kind>
         <file>rtsv7M4_T_le_v4SPD16_eabi.lib</file>
         <name>errno.c.obj</name>
      </input_file>
      <input_file id="fl-de">
         <path>C:\ti\ccsv8\tools\compiler\ti-cgt-arm_18.1.3.LTS\lib\</path>
         <kind>archive</kind>
         <file>rtsv7M4_T_le_v4SPD16_eabi.lib</file>
         <name>s_frexp.c.obj</name>
      </input_file>
      <input_file id="fl-df">
         <path>C:\ti\ccsv8\tools\compiler\ti-cgt-arm_18.1.3.LTS\lib\</path>
         <kind>archive</kind>
         <file>rtsv7M4_T_le_v4SPD16_eabi.lib</file>
         <name>s_scalbn.c.obj</name>
      </input_file>
      <input_file id="fl-e0">
         <path>C:\ti\ccsv8\tools\compiler\ti-cgt-arm_18.1.3.LTS\lib\</path>
         <kind>archive</kind>
         <file>rtsv7M4_T_le_v4SPD16_eabi.lib</file>
         <name>wcslen.c.obj</name>
      </input_file>
      <input_file id="fl-e1">
         <path>C:\ti\ccsv8\tools\compiler\ti-cgt-arm_18.1.3.LTS\lib\</path>
         <kind>archive</kind>
         <file>rtsv7M4_T_le_v4SPD16_eabi.lib</file>
         <name>s_copysign.c.obj</name>
      </input_file>
      <input_file id="fl-e2">
         <path>C:\ti\ccsv8\tools\compiler\ti-cgt-arm_18.1.3.LTS\lib\</path>
         <kind>archive</kind>
         <file>rtsv7M4_T_le_v4SPD16_eabi.lib</file>
         <name>ull_div_t2.asm.obj</name>
      </input_file>
      <input_file id="fl-e3">
         <path>C:\ti\ccsv8\tools\compiler\ti-cgt-arm_18.1.3.LTS\lib\</path>
         <kind>archive</kind>
         <file>rtsv7M4_T_le_v4SPD16_eabi.lib</file>
         <name>fd_add_t2.asm.obj</name>
      </input_file>
      <input_file id="fl-e4">
         <path>C:\ti\ccsv8\tools\compiler\ti-cgt-arm_18.1.3.LTS\lib\</path>
         <kind>archive</kind>
         <file>rtsv7M4_T_le_v4SPD16_eabi.lib</file>
         <name>fd_cmp_t2.asm.obj</name>
      </input_file>
      <input_file id="fl-e5">
         <path>C:\ti\ccsv8\tools\compiler\ti-cgt-arm_18.1.3.LTS\lib\</path>
         <kind>archive</kind>
         <file>rtsv7M4_T_le_v4SPD16_eabi.lib</file>
         <name>fd_div_t2.asm.obj</name>
      </input_file>
      <input_file id="fl-e6">
         <path>C:\ti\ccsv8\tools\compiler\ti-cgt-arm_18.1.3.LTS\lib\</path>
         <kind>archive</kind>
         <file>rtsv7M4_T_le_v4SPD16_eabi.lib</file>
         <name>fd_mul_t2.asm.obj</name>
      </input_file>
      <input_file id="fl-e7">
         <path>C:\ti\ccsv8\tools\compiler\ti-cgt-arm_18.1.3.LTS\lib\</path>
         <kind>archive</kind>
         <file>rtsv7M4_T_le_v4SPD16_eabi.lib</file>
         <name>fd_toi_t2.asm.obj</name>
      </input_file>
      <input_file id="fl-e8">
         <path>C:\ti\ccsv8\tools\compiler\ti-cgt-arm_18.1.3.LTS\lib\</path>
         <kind>archive</kind>
         <file>rtsv7M4_T_le_v4SPD16_eabi.lib</file>
         <name>i_tofd_t2.asm.obj</name>
      </input_file>
      <input_file id="fl-e9">
         <path>C:\ti\ccsv8\tools\compiler\ti-cgt-arm_18.1.3.LTS\lib\</path>
         <kind>archive</kind>
         <file>rtsv7M4_T_le_v4SPD16_eabi.lib</file>
         <name>div0.asm.obj</name>
      </input_file>
      <input_file id="fl-ea">
         <path>C:\ti\CC3200SDK_1.3.0\cc3200-sdk\driverlib\ccs\Release\</path>
         <kind>archive</kind>
         <file>driverlib.a</file>
         <name>gpio.obj</name>
      </input_file>
      <input_file id="fl-eb">
         <path>C:\ti\CC3200SDK_1.3.0\cc3200-sdk\driverlib\ccs\Release\</path>
         <kind>archive</kind>
         <file>driverlib.a</file>
         <name>interrupt.obj</name>
      </input_file>
      <input_file id="fl-ec">
         <path>C:\ti\CC3200SDK_1.3.0\cc3200-sdk\driverlib\ccs\Release\</path>
         <kind>archive</kind>
         <file>driverlib.a</file>
         <name>pin.obj</name>
      </input_file>
      <input_file id="fl-ed">
         <path>C:\ti\CC3200SDK_1.3.0\cc3200-sdk\driverlib\ccs\Release\</path>
         <kind>archive</kind>
         <file>driverlib.a</file>
         <name>prcm.obj</name>
      </input_file>
      <input_file id="fl-ee">
         <path>C:\ti\CC3200SDK_1.3.0\cc3200-sdk\driverlib\ccs\Release\</path>
         <kind>archive</kind>
         <file>driverlib.a</file>
         <name>uart.obj</name>
      </input_file>
      <input_file id="fl-ef">
         <path>C:\ti\CC3200SDK_1.3.0\cc3200-sdk\driverlib\ccs\Release\</path>
         <kind>archive</kind>
         <file>driverlib.a</file>
         <name>utils.obj</name>
      </input_file>
      <input_file id="fl-f0">
         <path>C:\ti\CC3200SDK_1.3.0\cc3200-sdk\driverlib\ccs\Release\</path>
         <kind>archive</kind>
         <file>driverlib.a</file>
         <name>cpu.obj</name>
      </input_file>
      <input_file id="fl-f1">
         <path>C:\ti\CC3200SDK_1.3.0\cc3200-sdk\driverlib\ccs\Release\</path>
         <kind>archive</kind>
         <file>driverlib.a</file>
         <name>flash.obj</name>
      </input_file>
      <input_file id="fl-f2">
         <path>C:\ti\CC3200SDK_1.3.0\cc3200-sdk\simplelink\ccs\NON_OS\</path>
         <kind>archive</kind>
         <file>simplelink.a</file>
         <name>device.obj</name>
      </input_file>
      <input_file id="fl-f3">
         <path>C:\ti\CC3200SDK_1.3.0\cc3200-sdk\simplelink\ccs\NON_OS\</path>
         <kind>archive</kind>
         <file>simplelink.a</file>
         <name>driver.obj</name>
      </input_file>
      <input_file id="fl-f4">
         <path>C:\ti\CC3200SDK_1.3.0\cc3200-sdk\simplelink\ccs\NON_OS\</path>
         <kind>archive</kind>
         <file>simplelink.a</file>
         <name>netapp.obj</name>
      </input_file>
      <input_file id="fl-f5">
         <path>C:\ti\CC3200SDK_1.3.0\cc3200-sdk\simplelink\ccs\NON_OS\</path>
         <kind>archive</kind>
         <file>simplelink.a</file>
         <name>netcfg.obj</name>
      </input_file>
      <input_file id="fl-f6">
         <path>C:\ti\CC3200SDK_1.3.0\cc3200-sdk\simplelink\ccs\NON_OS\</path>
         <kind>archive</kind>
         <file>simplelink.a</file>
         <name>nonos.obj</name>
      </input_file>
      <input_file id="fl-f7">
         <path>C:\ti\CC3200SDK_1.3.0\cc3200-sdk\simplelink\ccs\NON_OS\</path>
         <kind>archive</kind>
         <file>simplelink.a</file>
         <name>socket.obj</name>
      </input_file>
      <input_file id="fl-f8">
         <path>C:\ti\CC3200SDK_1.3.0\cc3200-sdk\simplelink\ccs\NON_OS\</path>
         <kind>archive</kind>
         <file>simplelink.a</file>
         <name>wlan.obj</name>
      </input_file>
      <input_file id="fl-f9">
         <path>C:\ti\CC3200SDK_1.3.0\cc3200-sdk\simplelink\ccs\NON_OS\</path>
         <kind>archive</kind>
         <file>simplelink.a</file>
         <name>cc_pal.obj</name>
      </input_file>
      <input_file id="fl-fa">
         <path>C:\ti\CC3200SDK_1.3.0\cc3200-sdk\driverlib\ccs\Release\</path>
         <kind>archive</kind>
         <file>driverlib.a</file>
         <name>spi.obj</name>
      </input_file>
      <input_file id="fl-fb">
         <path>C:\ti\CC3200SDK_1.3.0\cc3200-sdk\driverlib\ccs\Release\</path>
         <kind>archive</kind>
         <file>driverlib.a</file>
         <name>timer.obj</name>
      </input_file>
      <input_file id="fl-fc">
         <path>C:\ti\CC3200SDK_1.3.0\cc3200-sdk\driverlib\ccs\Release\</path>
         <kind>archive</kind>
         <file>driverlib.a</file>
         <name>udma.obj</name>
      </input_file>
   </input_file_list>
   <object_component_list>
      <object_component id="oc-f">
         <name>.intvecs</name>
         <load_address>0x20004000</load_address>
         <run_address>0x20004000</run_address>
         <size>0x400</size>
         <input_file_ref idref="fl-6"/>
      </object_component>
      <object_component id="oc-94">
         <name>.text</name>
         <load_address>0x20004400</load_address>
         <run_address>0x20004400</run_address>
         <size>0x1440</size>
         <input_file_ref idref="fl-3"/>
      </object_component>
      <object_component id="oc-461">
         <name>.text:__TI_printfi</name>
         <load_address>0x20005840</load_address>
         <run_address>0x20005840</run_address>
         <size>0xa5e</size>
         <input_file_ref idref="fl-d5"/>
      </object_component>
      <object_component id="oc-6c2">
         <name>.text:IntDefaultHandler</name>
         <load_address>0x2000629e</load_address>
         <run_address>0x2000629e</run_address>
         <size>0x2</size>
         <input_file_ref idref="fl-eb"/>
      </object_component>
      <object_component id="oc-6d1">
         <name>.text:_SlDrvMsgRead</name>
         <load_address>0x200062a0</load_address>
         <run_address>0x200062a0</run_address>
         <size>0x590</size>
         <input_file_ref idref="fl-f3"/>
      </object_component>
      <object_component id="oc-142">
         <name>.text</name>
         <load_address>0x20006830</load_address>
         <run_address>0x20006830</run_address>
         <size>0x398</size>
         <input_file_ref idref="fl-2"/>
      </object_component>
      <object_component id="oc-c2">
         <name>.text</name>
         <load_address>0x20006bc8</load_address>
         <run_address>0x20006bc8</run_address>
         <size>0x280</size>
         <input_file_ref idref="fl-7"/>
      </object_component>
      <object_component id="oc-13c">
         <name>.text:sl_WlanConnect</name>
         <load_address>0x20006e48</load_address>
         <run_address>0x20006e48</run_address>
         <size>0x27c</size>
         <input_file_ref idref="fl-f8"/>
      </object_component>
      <object_component id="oc-653">
         <name>.text:_pconv_a</name>
         <load_address>0x200070c4</load_address>
         <run_address>0x200070c4</run_address>
         <size>0x270</size>
         <input_file_ref idref="fl-d5"/>
      </object_component>
      <object_component id="oc-7a6">
         <name>.text:_SlDrvRxHdrRead</name>
         <load_address>0x20007334</load_address>
         <run_address>0x20007334</run_address>
         <size>0x24c</size>
         <input_file_ref idref="fl-f3"/>
      </object_component>
      <object_component id="oc-3fe">
         <name>.text:_SlDrvDataReadOp</name>
         <load_address>0x20007580</load_address>
         <run_address>0x20007580</run_address>
         <size>0x1e4</size>
         <input_file_ref idref="fl-f3"/>
      </object_component>
      <object_component id="oc-291">
         <name>.text:_SlDrvReleasePoolObj</name>
         <load_address>0x20007764</load_address>
         <run_address>0x20007764</run_address>
         <size>0x1d0</size>
         <input_file_ref idref="fl-f3"/>
      </object_component>
      <object_component id="oc-641">
         <name>.text:_pconv_g</name>
         <load_address>0x20007934</load_address>
         <run_address>0x20007934</run_address>
         <size>0x1d0</size>
         <input_file_ref idref="fl-d5"/>
      </object_component>
      <object_component id="oc-74d">
         <name>.text</name>
         <load_address>0x20007b04</load_address>
         <run_address>0x20007b04</run_address>
         <size>0x1b6</size>
         <input_file_ref idref="fl-e3"/>
      </object_component>
      <object_component id="oc-601">
         <name>.text:_nop</name>
         <load_address>0x20007cba</load_address>
         <run_address>0x20007cba</run_address>
         <size>0x2</size>
         <input_file_ref idref="fl-c9"/>
      </object_component>
      <object_component id="oc-267">
         <name>.text:_SlDrvDriverCBInit</name>
         <load_address>0x20007cbc</load_address>
         <run_address>0x20007cbc</run_address>
         <size>0x1b4</size>
         <input_file_ref idref="fl-f3"/>
      </object_component>
      <object_component id="oc-55c">
         <name>.text:_SlDrvMsgWrite</name>
         <load_address>0x20007e70</load_address>
         <run_address>0x20007e70</run_address>
         <size>0x19c</size>
         <input_file_ref idref="fl-f3"/>
      </object_component>
      <object_component id="oc-39a">
         <name>.text:_SlDrvWaitForPoolObj</name>
         <load_address>0x2000800c</load_address>
         <run_address>0x2000800c</run_address>
         <size>0x190</size>
         <input_file_ref idref="fl-f3"/>
      </object_component>
      <object_component id="oc-173">
         <name>.text:sl_Connect</name>
         <load_address>0x2000819c</load_address>
         <run_address>0x2000819c</run_address>
         <size>0x18c</size>
         <input_file_ref idref="fl-f7"/>
      </object_component>
      <object_component id="oc-130">
         <name>.text:PRCMCC3200MCUInit</name>
         <load_address>0x20008328</load_address>
         <run_address>0x20008328</run_address>
         <size>0x178</size>
         <input_file_ref idref="fl-ed"/>
      </object_component>
      <object_component id="oc-7b8">
         <name>.text:_SlFindAndSetActiveObj</name>
         <load_address>0x200084a0</load_address>
         <run_address>0x200084a0</run_address>
         <size>0x170</size>
         <input_file_ref idref="fl-f3"/>
      </object_component>
      <object_component id="oc-3f0">
         <name>.text:_SlDrvDataWriteOp</name>
         <load_address>0x20008610</load_address>
         <run_address>0x20008610</run_address>
         <size>0x150</size>
         <input_file_ref idref="fl-f3"/>
      </object_component>
      <object_component id="oc-26d">
         <name>.text:spi_Open</name>
         <load_address>0x20008760</load_address>
         <run_address>0x20008760</run_address>
         <size>0x148</size>
         <input_file_ref idref="fl-f9"/>
      </object_component>
      <object_component id="oc-562">
         <name>.text:_SlDrvMsgReadCmdCtx</name>
         <load_address>0x200088a8</load_address>
         <run_address>0x200088a8</run_address>
         <size>0x144</size>
         <input_file_ref idref="fl-f3"/>
      </object_component>
      <object_component id="oc-155">
         <name>.text:sl_NetAppDnsGetHostByName</name>
         <load_address>0x200089ec</load_address>
         <run_address>0x200089ec</run_address>
         <size>0x144</size>
         <input_file_ref idref="fl-f4"/>
      </object_component>
      <object_component id="oc-64d">
         <name>.text:_pconv_e</name>
         <load_address>0x20008b30</load_address>
         <run_address>0x20008b30</run_address>
         <size>0x13c</size>
         <input_file_ref idref="fl-d5"/>
      </object_component>
      <object_component id="oc-733">
         <name>.text</name>
         <load_address>0x20008c6c</load_address>
         <run_address>0x20008c6c</run_address>
         <size>0x136</size>
         <input_file_ref idref="fl-e5"/>
      </object_component>
      <object_component id="oc-7ea">
         <name>.text</name>
         <load_address>0x20008da2</load_address>
         <run_address>0x20008da2</run_address>
         <size>0x2</size>
         <input_file_ref idref="fl-e9"/>
      </object_component>
      <object_component id="oc-188">
         <name>.text:sl_Send</name>
         <load_address>0x20008da4</load_address>
         <run_address>0x20008da4</run_address>
         <size>0x134</size>
         <input_file_ref idref="fl-f7"/>
      </object_component>
      <object_component id="oc-2d6">
         <name>.text:_SlDrvDriverCBDeinit</name>
         <load_address>0x20008ed8</load_address>
         <run_address>0x20008ed8</run_address>
         <size>0x130</size>
         <input_file_ref idref="fl-f3"/>
      </object_component>
      <object_component id="oc-75f">
         <name>.text:fcvt</name>
         <load_address>0x20009008</load_address>
         <run_address>0x20009008</run_address>
         <size>0x120</size>
         <input_file_ref idref="fl-d5"/>
      </object_component>
      <object_component id="oc-22f">
         <name>.text:realloc</name>
         <load_address>0x20009128</load_address>
         <run_address>0x20009128</run_address>
         <size>0x114</size>
         <input_file_ref idref="fl-c8"/>
      </object_component>
      <object_component id="oc-773">
         <name>.text:scalbn</name>
         <load_address>0x2000923c</load_address>
         <run_address>0x2000923c</run_address>
         <size>0x110</size>
         <input_file_ref idref="fl-df"/>
      </object_component>
      <object_component id="oc-837">
         <name>.text:_SlDrvNetAppEventHandler</name>
         <load_address>0x2000934c</load_address>
         <run_address>0x2000934c</run_address>
         <size>0x104</size>
         <input_file_ref idref="fl-f4"/>
      </object_component>
      <object_component id="oc-72e">
         <name>.text</name>
         <load_address>0x20009450</load_address>
         <run_address>0x20009450</run_address>
         <size>0xfc</size>
         <input_file_ref idref="fl-e6"/>
      </object_component>
      <object_component id="oc-e1">
         <name>.text:sl_Stop</name>
         <load_address>0x2000954c</load_address>
         <run_address>0x2000954c</run_address>
         <size>0xf0</size>
         <input_file_ref idref="fl-f2"/>
      </object_component>
      <object_component id="oc-7b2">
         <name>.text:spi_Read</name>
         <load_address>0x2000963c</load_address>
         <run_address>0x2000963c</run_address>
         <size>0xf0</size>
         <input_file_ref idref="fl-f9"/>
      </object_component>
      <object_component id="oc-8e4">
         <name>.text:uDMAChannelTransferSet</name>
         <load_address>0x2000972c</load_address>
         <run_address>0x2000972c</run_address>
         <size>0xf0</size>
         <input_file_ref idref="fl-fc"/>
      </object_component>
      <object_component id="oc-cf">
         <name>.text:sl_Start</name>
         <load_address>0x2000981c</load_address>
         <run_address>0x2000981c</run_address>
         <size>0xec</size>
         <input_file_ref idref="fl-f2"/>
      </object_component>
      <object_component id="oc-6d7">
         <name>.text:_SlAsyncEventGenericHandler</name>
         <load_address>0x20009908</load_address>
         <run_address>0x20009908</run_address>
         <size>0xe8</size>
         <input_file_ref idref="fl-f3"/>
      </object_component>
      <object_component id="oc-543">
         <name>.text:_SlDrvMsgReadSpawnCtx</name>
         <load_address>0x200099f0</load_address>
         <run_address>0x200099f0</run_address>
         <size>0xe8</size>
         <input_file_ref idref="fl-f3"/>
      </object_component>
      <object_component id="oc-311">
         <name>.text:sl_NetAppMDNSRegisterUnregisterService</name>
         <load_address>0x20009ad8</load_address>
         <run_address>0x20009ad8</run_address>
         <size>0xe4</size>
         <input_file_ref idref="fl-f4"/>
      </object_component>
      <object_component id="oc-7ac">
         <name>.text:_SlDrvClassifyRxMsg</name>
         <load_address>0x20009bbc</load_address>
         <run_address>0x20009bbc</run_address>
         <size>0xdc</size>
         <input_file_ref idref="fl-f3"/>
      </object_component>
      <object_component id="oc-1ac">
         <name>.text:free</name>
         <load_address>0x20009c98</load_address>
         <run_address>0x20009c98</run_address>
         <size>0xd8</size>
         <input_file_ref idref="fl-c8"/>
      </object_component>
      <object_component id="oc-8a2">
         <name>.text:_sl_HandleAsync_DnsGetHostByService</name>
         <load_address>0x20009d70</load_address>
         <run_address>0x20009d70</run_address>
         <size>0xcc</size>
         <input_file_ref idref="fl-f4"/>
      </object_component>
      <object_component id="oc-e7">
         <name>.text:sl_DevGet</name>
         <load_address>0x20009e3c</load_address>
         <run_address>0x20009e3c</run_address>
         <size>0xcc</size>
         <input_file_ref idref="fl-f2"/>
      </object_component>
      <object_component id="oc-523">
         <name>.text:_SlRemoveFromList</name>
         <load_address>0x20009f08</load_address>
         <run_address>0x20009f08</run_address>
         <size>0xc4</size>
         <input_file_ref idref="fl-f3"/>
      </object_component>
      <object_component id="oc-2ba">
         <name>.text:_SlDrvCmdOp</name>
         <load_address>0x20009fcc</load_address>
         <run_address>0x20009fcc</run_address>
         <size>0xc0</size>
         <input_file_ref idref="fl-f3"/>
      </object_component>
      <object_component id="oc-636">
         <name>.text:_ltostr</name>
         <load_address>0x2000a08c</load_address>
         <run_address>0x2000a08c</run_address>
         <size>0xb1</size>
         <input_file_ref idref="fl-d5"/>
      </object_component>
      <object_component id="oc-494">
         <name>.text:_SlNonOsSemGet</name>
         <load_address>0x2000a140</load_address>
         <run_address>0x2000a140</run_address>
         <size>0xb0</size>
         <input_file_ref idref="fl-f6"/>
      </object_component>
      <object_component id="oc-502">
         <name>.text:IntDisable</name>
         <load_address>0x2000a1f0</load_address>
         <run_address>0x2000a1f0</run_address>
         <size>0xa8</size>
         <input_file_ref idref="fl-eb"/>
      </object_component>
      <object_component id="oc-12a">
         <name>.text:IntEnable</name>
         <load_address>0x2000a298</load_address>
         <run_address>0x2000a298</run_address>
         <size>0xa8</size>
         <input_file_ref idref="fl-eb"/>
      </object_component>
      <object_component id="oc-51c">
         <name>.text:_SlDriverHandleError</name>
         <load_address>0x2000a340</load_address>
         <run_address>0x2000a340</run_address>
         <size>0xa4</size>
         <input_file_ref idref="fl-f3"/>
      </object_component>
      <object_component id="oc-4b1">
         <name>.text:SPIConfigSetExpClk</name>
         <load_address>0x2000a3e4</load_address>
         <run_address>0x2000a3e4</run_address>
         <size>0xa0</size>
         <input_file_ref idref="fl-fa"/>
      </object_component>
      <object_component id="oc-194">
         <name>.text:sl_Recv</name>
         <load_address>0x2000a484</load_address>
         <run_address>0x2000a484</run_address>
         <size>0xa0</size>
         <input_file_ref idref="fl-f7"/>
      </object_component>
      <object_component id="oc-3a">
         <name>.text</name>
         <load_address>0x2000a524</load_address>
         <run_address>0x2000a524</run_address>
         <size>0x9c</size>
         <input_file_ref idref="fl-c4"/>
      </object_component>
      <object_component id="oc-894">
         <name>.text:_SlDrvDeviceEventHandler</name>
         <load_address>0x2000a5c0</load_address>
         <run_address>0x2000a5c0</run_address>
         <size>0x9a</size>
         <input_file_ref idref="fl-f2"/>
      </object_component>
      <object_component id="oc-149">
         <name>.text:sl_DevSet</name>
         <load_address>0x2000a65c</load_address>
         <run_address>0x2000a65c</run_address>
         <size>0x98</size>
         <input_file_ref idref="fl-f2"/>
      </object_component>
      <object_component id="oc-ff">
         <name>.text:sl_NetCfgSet</name>
         <load_address>0x2000a6f4</load_address>
         <run_address>0x2000a6f4</run_address>
         <size>0x98</size>
         <input_file_ref idref="fl-f5"/>
      </object_component>
      <object_component id="oc-16d">
         <name>.text:sl_SetSockOpt</name>
         <load_address>0x2000a78c</load_address>
         <run_address>0x2000a78c</run_address>
         <size>0x98</size>
         <input_file_ref idref="fl-f7"/>
      </object_component>
      <object_component id="oc-105">
         <name>.text:sl_WlanSet</name>
         <load_address>0x2000a824</load_address>
         <run_address>0x2000a824</run_address>
         <size>0x98</size>
         <input_file_ref idref="fl-f8"/>
      </object_component>
      <object_component id="oc-6e0">
         <name>.text:spi_Write</name>
         <load_address>0x2000a8bc</load_address>
         <run_address>0x2000a8bc</run_address>
         <size>0x98</size>
         <input_file_ref idref="fl-f9"/>
      </object_component>
      <object_component id="oc-727">
         <name>.text</name>
         <load_address>0x2000a954</load_address>
         <run_address>0x2000a954</run_address>
         <size>0x96</size>
         <input_file_ref idref="fl-e2"/>
      </object_component>
      <object_component id="oc-205">
         <name>.text:PRCMPeripheralClockGet</name>
         <load_address>0x2000a9ec</load_address>
         <run_address>0x2000a9ec</run_address>
         <size>0x94</size>
         <input_file_ref idref="fl-ed"/>
      </object_component>
      <object_component id="oc-89c">
         <name>.text:_sl_HandleAsync_DnsGetHostByName</name>
         <load_address>0x2000aa80</load_address>
         <run_address>0x2000aa80</run_address>
         <size>0x90</size>
         <input_file_ref idref="fl-f4"/>
      </object_component>
      <object_component id="oc-83d">
         <name>.text:_sl_HandleAsync_PingResponse</name>
         <load_address>0x2000ab10</load_address>
         <run_address>0x2000ab10</run_address>
         <size>0x90</size>
         <input_file_ref idref="fl-f4"/>
      </object_component>
      <object_component id="oc-ed">
         <name>.text:sl_WlanPolicySet</name>
         <load_address>0x2000aba0</load_address>
         <run_address>0x2000aba0</run_address>
         <size>0x90</size>
         <input_file_ref idref="fl-f8"/>
      </object_component>
      <object_component id="oc-844">
         <name>.text:SetupDMAReceive</name>
         <load_address>0x2000ac30</load_address>
         <run_address>0x2000ac30</run_address>
         <size>0x8c</size>
         <input_file_ref idref="fl-f9"/>
      </object_component>
      <object_component id="oc-7c3">
         <name>.text:SetupDMASend</name>
         <load_address>0x2000acbc</load_address>
         <run_address>0x2000acbc</run_address>
         <size>0x8c</size>
         <input_file_ref idref="fl-f9"/>
      </object_component>
      <object_component id="oc-686">
         <name>.text:_SlDrvIsTimeoutExpired</name>
         <load_address>0x2000ad48</load_address>
         <run_address>0x2000ad48</run_address>
         <size>0x8c</size>
         <input_file_ref idref="fl-f3"/>
      </object_component>
      <object_component id="oc-8f5">
         <name>.text:_sl_HandleAsync_InitComplete</name>
         <load_address>0x2000add4</load_address>
         <run_address>0x2000add4</run_address>
         <size>0x8c</size>
         <input_file_ref idref="fl-f2"/>
      </object_component>
      <object_component id="oc-167">
         <name>.text:sl_Socket</name>
         <load_address>0x2000ae60</load_address>
         <run_address>0x2000ae60</run_address>
         <size>0x8c</size>
         <input_file_ref idref="fl-f7"/>
      </object_component>
      <object_component id="oc-5d5">
         <name>.text:PinConfigSet</name>
         <load_address>0x2000aeec</load_address>
         <run_address>0x2000aeec</run_address>
         <size>0x88</size>
         <input_file_ref idref="fl-ec"/>
      </object_component>
      <object_component id="oc-63c">
         <name>.text:__aeabi_cdcmple</name>
         <load_address>0x2000af74</load_address>
         <run_address>0x2000af74</run_address>
         <size>0x86</size>
         <input_file_ref idref="fl-e4"/>
      </object_component>
      <object_component id="oc-738">
         <name>.text:__aeabi_cdrcmple</name>
         <load_address>0x2000affa</load_address>
         <run_address>0x2000affa</run_address>
         <size>0x86</size>
         <input_file_ref idref="fl-e4"/>
      </object_component>
      <object_component id="oc-117">
         <name>.text:sl_WlanRxFilterSet</name>
         <load_address>0x2000b080</load_address>
         <run_address>0x2000b080</run_address>
         <size>0x84</size>
         <input_file_ref idref="fl-f8"/>
      </object_component>
      <object_component id="oc-35e">
         <name>.text:GPIOIntTypeSet</name>
         <load_address>0x2000b104</load_address>
         <run_address>0x2000b104</run_address>
         <size>0x82</size>
         <input_file_ref idref="fl-ea"/>
      </object_component>
      <object_component id="oc-8c4">
         <name>.text:_sl_HandleAsync_Connect</name>
         <load_address>0x2000b188</load_address>
         <run_address>0x2000b188</run_address>
         <size>0x80</size>
         <input_file_ref idref="fl-f7"/>
      </object_component>
      <object_component id="oc-84a">
         <name>.text:spi_Read_CPU</name>
         <load_address>0x2000b208</load_address>
         <run_address>0x2000b208</run_address>
         <size>0x80</size>
         <input_file_ref idref="fl-f9"/>
      </object_component>
      <object_component id="oc-7d5">
         <name>.text:spi_Write_CPU</name>
         <load_address>0x2000b288</load_address>
         <run_address>0x2000b288</run_address>
         <size>0x80</size>
         <input_file_ref idref="fl-f9"/>
      </object_component>
      <object_component id="oc-88">
         <name>.text</name>
         <load_address>0x2000b308</load_address>
         <run_address>0x2000b308</run_address>
         <size>0x7a</size>
         <input_file_ref idref="fl-c3"/>
      </object_component>
      <object_component id="oc-19a">
         <name>.text:malloc</name>
         <load_address>0x2000b384</load_address>
         <run_address>0x2000b384</run_address>
         <size>0x78</size>
         <input_file_ref idref="fl-c8"/>
      </object_component>
      <object_component id="oc-2d0">
         <name>.text:spi_Close</name>
         <load_address>0x2000b3fc</load_address>
         <run_address>0x2000b3fc</run_address>
         <size>0x78</size>
         <input_file_ref idref="fl-f9"/>
      </object_component>
      <object_component id="oc-20b">
         <name>.text:UARTConfigSetExpClk</name>
         <load_address>0x2000b474</load_address>
         <run_address>0x2000b474</run_address>
         <size>0x76</size>
         <input_file_ref idref="fl-ee"/>
      </object_component>
      <object_component id="oc-d5">
         <name>.text:_SlNonOsMainLoopTask</name>
         <load_address>0x2000b4ec</load_address>
         <run_address>0x2000b4ec</run_address>
         <size>0x74</size>
         <input_file_ref idref="fl-f6"/>
      </object_component>
      <object_component id="oc-758">
         <name>.text:_mcpy</name>
         <load_address>0x2000b560</load_address>
         <run_address>0x2000b560</run_address>
         <size>0x6e</size>
         <input_file_ref idref="fl-d5"/>
      </object_component>
      <object_component id="oc-8ff">
         <name>.text:_SlDrvCmdSend</name>
         <load_address>0x2000b5d0</load_address>
         <run_address>0x2000b5d0</run_address>
         <size>0x6c</size>
         <input_file_ref idref="fl-f3"/>
      </object_component>
      <object_component id="oc-8ae">
         <name>.text:_sl_NetAppSendTokenValue</name>
         <load_address>0x2000b63c</load_address>
         <run_address>0x2000b63c</run_address>
         <size>0x6c</size>
         <input_file_ref idref="fl-f4"/>
      </object_component>
      <object_component id="oc-12">
         <name>.text:decompress:lzss:__TI_decompress_lzss</name>
         <load_address>0x2000b6a8</load_address>
         <run_address>0x2000b6a8</run_address>
         <size>0x68</size>
         <input_file_ref idref="fl-c7"/>
      </object_component>
      <object_component id="oc-53d">
         <name>.text:_SlNonOsSpawn</name>
         <load_address>0x2000b710</load_address>
         <run_address>0x2000b710</run_address>
         <size>0x64</size>
         <input_file_ref idref="fl-f6"/>
      </object_component>
      <object_component id="oc-8be">
         <name>.text:_sl_HandleAsync_Accept</name>
         <load_address>0x2000b774</load_address>
         <run_address>0x2000b774</run_address>
         <size>0x64</size>
         <input_file_ref idref="fl-f7"/>
      </object_component>
      <object_component id="oc-76d">
         <name>.text:frexp</name>
         <load_address>0x2000b7d8</load_address>
         <run_address>0x2000b7d8</run_address>
         <size>0x64</size>
         <input_file_ref idref="fl-de"/>
      </object_component>
      <object_component id="oc-10b">
         <name>.text:sl_NetAppMDNSUnRegisterService</name>
         <load_address>0x2000b83c</load_address>
         <run_address>0x2000b83c</run_address>
         <size>0x64</size>
         <input_file_ref idref="fl-f4"/>
      </object_component>
      <object_component id="oc-69d">
         <name>.text:uDMAChannelAttributeDisable</name>
         <load_address>0x2000b8a0</load_address>
         <run_address>0x2000b8a0</run_address>
         <size>0x64</size>
         <input_file_ref idref="fl-fc"/>
      </object_component>
      <object_component id="oc-8de">
         <name>.text:uDMAChannelAttributeEnable</name>
         <load_address>0x2000b904</load_address>
         <run_address>0x2000b904</run_address>
         <size>0x64</size>
         <input_file_ref idref="fl-fc"/>
      </object_component>
      <object_component id="oc-18e">
         <name>.text:sl_Close</name>
         <load_address>0x2000b968</load_address>
         <run_address>0x2000b968</run_address>
         <size>0x60</size>
         <input_file_ref idref="fl-f7"/>
      </object_component>
      <object_component id="oc-f3">
         <name>.text:sl_WlanProfileDel</name>
         <load_address>0x2000b9c8</load_address>
         <run_address>0x2000b9c8</run_address>
         <size>0x60</size>
         <input_file_ref idref="fl-f8"/>
      </object_component>
      <object_component id="oc-db">
         <name>.text:sl_WlanSetMode</name>
         <load_address>0x2000ba28</load_address>
         <run_address>0x2000ba28</run_address>
         <size>0x60</size>
         <input_file_ref idref="fl-f8"/>
      </object_component>
      <object_component id="oc-50e">
         <name>.text:IntPendClear</name>
         <load_address>0x2000ba88</load_address>
         <run_address>0x2000ba88</run_address>
         <size>0x58</size>
         <input_file_ref idref="fl-eb"/>
      </object_component>
      <object_component id="oc-345">
         <name>.text:PRCMPeripheralReset</name>
         <load_address>0x2000bae0</load_address>
         <run_address>0x2000bae0</run_address>
         <size>0x58</size>
         <input_file_ref idref="fl-ed"/>
      </object_component>
      <object_component id="oc-17a">
         <name>.text</name>
         <load_address>0x2000bb38</load_address>
         <run_address>0x2000bb38</run_address>
         <size>0x58</size>
         <input_file_ref idref="fl-5"/>
      </object_component>
      <object_component id="oc-647">
         <name>.text:_pconv_f</name>
         <load_address>0x2000bb90</load_address>
         <run_address>0x2000bb90</run_address>
         <size>0x56</size>
         <input_file_ref idref="fl-d5"/>
      </object_component>
      <object_component id="oc-364">
         <name>.text:IntPrioritySet</name>
         <load_address>0x2000bbe8</load_address>
         <run_address>0x2000bbe8</run_address>
         <size>0x54</size>
         <input_file_ref idref="fl-eb"/>
      </object_component>
      <object_component id="oc-2a3">
         <name>.text:_SlDrvRxIrqHandler</name>
         <load_address>0x2000bc3c</load_address>
         <run_address>0x2000bc3c</run_address>
         <size>0x54</size>
         <input_file_ref idref="fl-f3"/>
      </object_component>
      <object_component id="oc-8ca">
         <name>.text:_sl_HandleAsync_Select</name>
         <load_address>0x2000bc90</load_address>
         <run_address>0x2000bc90</run_address>
         <size>0x54</size>
         <input_file_ref idref="fl-f7"/>
      </object_component>
      <object_component id="oc-742">
         <name>.text:ltoa</name>
         <load_address>0x2000bce4</load_address>
         <run_address>0x2000bce4</run_address>
         <size>0x54</size>
         <input_file_ref idref="fl-d9"/>
      </object_component>
      <object_component id="oc-752">
         <name>.text:_ecpy</name>
         <load_address>0x2000bd38</load_address>
         <run_address>0x2000bd38</run_address>
         <size>0x52</size>
         <input_file_ref idref="fl-d5"/>
      </object_component>
      <object_component id="oc-8d0">
         <name>.text:_sl_HandleAsync_Stop</name>
         <load_address>0x2000bd8c</load_address>
         <run_address>0x2000bd8c</run_address>
         <size>0x50</size>
         <input_file_ref idref="fl-f2"/>
      </object_component>
      <object_component id="oc-4db">
         <name>.text:SPIIntEnable</name>
         <load_address>0x2000bddc</load_address>
         <run_address>0x2000bddc</run_address>
         <size>0x4c</size>
         <input_file_ref idref="fl-fa"/>
      </object_component>
      <object_component id="oc-6eb">
         <name>.text:SPIIntNumberGet</name>
         <load_address>0x2000be28</load_address>
         <run_address>0x2000be28</run_address>
         <size>0x4c</size>
         <input_file_ref idref="fl-fa"/>
      </object_component>
      <object_component id="oc-273">
         <name>.text:_SlDrvProtectAsyncRespSetting</name>
         <load_address>0x2000be74</load_address>
         <run_address>0x2000be74</run_address>
         <size>0x4c</size>
         <input_file_ref idref="fl-f3"/>
      </object_component>
      <object_component id="oc-3cb">
         <name>.text:_sl_BuildAddress</name>
         <load_address>0x2000bec0</load_address>
         <run_address>0x2000bec0</run_address>
         <size>0x4c</size>
         <input_file_ref idref="fl-f7"/>
      </object_component>
      <object_component id="oc-630">
         <name>.text:atoi</name>
         <load_address>0x2000bf0c</load_address>
         <run_address>0x2000bf0c</run_address>
         <size>0x4c</size>
         <input_file_ref idref="fl-d7"/>
      </object_component>
      <object_component id="oc-697">
         <name>.text:uDMAChannelAssign</name>
         <load_address>0x2000bf58</load_address>
         <run_address>0x2000bf58</run_address>
         <size>0x4c</size>
         <input_file_ref idref="fl-fc"/>
      </object_component>
      <object_component id="oc-5b2">
         <name>.text:GPIOGetIntNumber</name>
         <load_address>0x2000bfa4</load_address>
         <run_address>0x2000bfa4</run_address>
         <size>0x48</size>
         <input_file_ref idref="fl-ea"/>
      </object_component>
      <object_component id="oc-6b9">
         <name>.text:SPIIntClear</name>
         <load_address>0x2000bfec</load_address>
         <run_address>0x2000bfec</run_address>
         <size>0x48</size>
         <input_file_ref idref="fl-fa"/>
      </object_component>
      <object_component id="oc-2fc">
         <name>.text:_SlDrvBasicCmd</name>
         <load_address>0x2000c034</load_address>
         <run_address>0x2000c034</run_address>
         <size>0x48</size>
         <input_file_ref idref="fl-f3"/>
      </object_component>
      <object_component id="oc-73d">
         <name>.text</name>
         <load_address>0x2000c07c</load_address>
         <run_address>0x2000c07c</run_address>
         <size>0x48</size>
         <input_file_ref idref="fl-e7"/>
      </object_component>
      <object_component id="oc-6a8">
         <name>.text:SPIDmaMaskGet</name>
         <load_address>0x2000c0c4</load_address>
         <run_address>0x2000c0c4</run_address>
         <size>0x44</size>
         <input_file_ref idref="fl-fa"/>
      </object_component>
      <object_component id="oc-874">
         <name>.text:TimerConfigure</name>
         <load_address>0x2000c108</load_address>
         <run_address>0x2000c108</run_address>
         <size>0x44</size>
         <input_file_ref idref="fl-fb"/>
      </object_component>
      <object_component id="oc-28b">
         <name>.text:_SlDrvSyncObjWaitTimeout</name>
         <load_address>0x2000c14c</load_address>
         <run_address>0x2000c14c</run_address>
         <size>0x44</size>
         <input_file_ref idref="fl-f3"/>
      </object_component>
      <object_component id="oc-1d3">
         <name>.text:__TI_auto_init_nobinit_nopinit:__TI_auto_init_nobinit_nopinit</name>
         <load_address>0x2000c190</load_address>
         <run_address>0x2000c190</run_address>
         <size>0x44</size>
         <input_file_ref idref="fl-d1"/>
      </object_component>
      <object_component id="oc-857">
         <name>.text:cc_SetupTransfer</name>
         <load_address>0x2000c1d4</load_address>
         <run_address>0x2000c1d4</run_address>
         <size>0x44</size>
         <input_file_ref idref="fl-f9"/>
      </object_component>
      <object_component id="oc-161">
         <name>.text:sl_Htonl</name>
         <load_address>0x2000c218</load_address>
         <run_address>0x2000c218</run_address>
         <size>0x42</size>
         <input_file_ref idref="fl-f7"/>
      </object_component>
      <object_component id="oc-5db">
         <name>.text:PinModeSet</name>
         <load_address>0x2000c25c</load_address>
         <run_address>0x2000c25c</run_address>
         <size>0x40</size>
         <input_file_ref idref="fl-ec"/>
      </object_component>
      <object_component id="oc-3ea">
         <name>.text:_sl_TruncatePayloadByProtocol</name>
         <load_address>0x2000c29c</load_address>
         <run_address>0x2000c29c</run_address>
         <size>0x40</size>
         <input_file_ref idref="fl-f7"/>
      </object_component>
      <object_component id="oc-1a6">
         <name>.text:strtok</name>
         <load_address>0x2000c2dc</load_address>
         <run_address>0x2000c2dc</run_address>
         <size>0x40</size>
         <input_file_ref idref="fl-ce"/>
      </object_component>
      <object_component id="oc-217">
         <name>.text:vsnprintf</name>
         <load_address>0x2000c31c</load_address>
         <run_address>0x2000c31c</run_address>
         <size>0x40</size>
         <input_file_ref idref="fl-cf"/>
      </object_component>
      <object_component id="oc-27f">
         <name>.text:NwpRegisterInterruptHandler</name>
         <load_address>0x2000c35c</load_address>
         <run_address>0x2000c35c</run_address>
         <size>0x3e</size>
         <input_file_ref idref="fl-f9"/>
      </object_component>
      <object_component id="oc-765">
         <name>.text:_fcpy</name>
         <load_address>0x2000c39a</load_address>
         <run_address>0x2000c39a</run_address>
         <size>0x3e</size>
         <input_file_ref idref="fl-d5"/>
      </object_component>
      <object_component id="oc-8b5">
         <name>.text:CopyPingResultsToReport</name>
         <load_address>0x2000c3d8</load_address>
         <run_address>0x2000c3d8</run_address>
         <size>0x3c</size>
         <input_file_ref idref="fl-f4"/>
      </object_component>
      <object_component id="oc-33f">
         <name>.text:PRCMPeripheralClkEnable</name>
         <load_address>0x2000c414</load_address>
         <run_address>0x2000c414</run_address>
         <size>0x3c</size>
         <input_file_ref idref="fl-ed"/>
      </object_component>
      <object_component id="oc-414">
         <name>.text:minsert</name>
         <load_address>0x2000c450</load_address>
         <run_address>0x2000c450</run_address>
         <size>0x3c</size>
         <input_file_ref idref="fl-c8"/>
      </object_component>
      <object_component id="oc-81d">
         <name>.text:simplelink_timerA2_start</name>
         <load_address>0x2000c48c</load_address>
         <run_address>0x2000c48c</run_address>
         <size>0x3c</size>
         <input_file_ref idref="fl-f9"/>
      </object_component>
      <object_component id="oc-15b">
         <name>.text:sl_Htons</name>
         <load_address>0x2000c4c8</load_address>
         <run_address>0x2000c4c8</run_address>
         <size>0x3c</size>
         <input_file_ref idref="fl-f7"/>
      </object_component>
      <object_component id="oc-8d8">
         <name>.text:uDMAChannelControlSet</name>
         <load_address>0x2000c504</load_address>
         <run_address>0x2000c504</run_address>
         <size>0x3c</size>
         <input_file_ref idref="fl-fc"/>
      </object_component>
      <object_component id="oc-279">
         <name>.text:NwpPowerOff</name>
         <load_address>0x2000c540</load_address>
         <run_address>0x2000c540</run_address>
         <size>0x38</size>
         <input_file_ref idref="fl-f9"/>
      </object_component>
      <object_component id="oc-58">
         <name>.text:_c_int00_noargs:_c_int00_noargs</name>
         <load_address>0x2000c578</load_address>
         <run_address>0x2000c578</run_address>
         <size>0x38</size>
         <input_file_ref idref="fl-d0"/>
      </object_component>
      <object_component id="oc-408">
         <name>.text:minit</name>
         <load_address>0x2000c5b0</load_address>
         <run_address>0x2000c5b0</run_address>
         <size>0x38</size>
         <input_file_ref idref="fl-c8"/>
      </object_component>
      <object_component id="oc-f9">
         <name>.text:sl_WlanDisconnect</name>
         <load_address>0x2000c5e8</load_address>
         <run_address>0x2000c5e8</run_address>
         <size>0x38</size>
         <input_file_ref idref="fl-f8"/>
      </object_component>
      <object_component id="oc-3db">
         <name>.text:GPIODirModeSet</name>
         <load_address>0x2000c620</load_address>
         <run_address>0x2000c620</run_address>
         <size>0x36</size>
         <input_file_ref idref="fl-ea"/>
      </object_component>
      <object_component id="oc-4b7">
         <name>.text:PRCMPeripheralStatusGet</name>
         <load_address>0x2000c658</load_address>
         <run_address>0x2000c658</run_address>
         <size>0x34</size>
         <input_file_ref idref="fl-ed"/>
      </object_component>
      <object_component id="oc-4cf">
         <name>.text:SPIFIFOLevelSet</name>
         <load_address>0x2000c68c</load_address>
         <run_address>0x2000c68c</run_address>
         <size>0x34</size>
         <input_file_ref idref="fl-fa"/>
      </object_component>
      <object_component id="oc-3d5">
         <name>.text:PinTypeGPIO</name>
         <load_address>0x2000c6c0</load_address>
         <run_address>0x2000c6c0</run_address>
         <size>0x30</size>
         <input_file_ref idref="fl-ec"/>
      </object_component>
      <object_component id="oc-453">
         <name>.text:UARTDisable</name>
         <load_address>0x2000c6f0</load_address>
         <run_address>0x2000c6f0</run_address>
         <size>0x30</size>
         <input_file_ref idref="fl-ee"/>
      </object_component>
      <object_component id="oc-467">
         <name>.text:_outs</name>
         <load_address>0x2000c720</load_address>
         <run_address>0x2000c720</run_address>
         <size>0x30</size>
         <input_file_ref idref="fl-cf"/>
      </object_component>
      <object_component id="oc-748">
         <name>.text</name>
         <load_address>0x2000c750</load_address>
         <run_address>0x2000c750</run_address>
         <size>0x2e</size>
         <input_file_ref idref="fl-e8"/>
      </object_component>
      <object_component id="oc-285">
         <name>.text:NwpPowerOn</name>
         <load_address>0x2000c780</load_address>
         <run_address>0x2000c780</run_address>
         <size>0x2c</size>
         <input_file_ref idref="fl-f9"/>
      </object_component>
      <object_component id="oc-32d">
         <name>.text:PRCMSysResetCauseGet</name>
         <load_address>0x2000c7ac</load_address>
         <run_address>0x2000c7ac</run_address>
         <size>0x2c</size>
         <input_file_ref idref="fl-ed"/>
      </object_component>
      <object_component id="oc-550">
         <name>.text:_SlDrvObjGlobalLockWaitForever</name>
         <load_address>0x2000c7d8</load_address>
         <run_address>0x2000c7d8</run_address>
         <size>0x2c</size>
         <input_file_ref idref="fl-f3"/>
      </object_component>
      <object_component id="oc-3a0">
         <name>.text:_SlDrvProtectionObjLockWaitForever</name>
         <load_address>0x2000c804</load_address>
         <run_address>0x2000c804</run_address>
         <size>0x2c</size>
         <input_file_ref idref="fl-f3"/>
      </object_component>
      <object_component id="oc-880">
         <name>.text:TimerLoadSet</name>
         <load_address>0x2000c830</load_address>
         <run_address>0x2000c830</run_address>
         <size>0x2a</size>
         <input_file_ref idref="fl-fb"/>
      </object_component>
      <object_component id="oc-87a">
         <name>.text:TimerPrescaleSet</name>
         <load_address>0x2000c85a</load_address>
         <run_address>0x2000c85a</run_address>
         <size>0x2a</size>
         <input_file_ref idref="fl-fb"/>
      </object_component>
      <object_component id="oc-423">
         <name>.text:strspn</name>
         <load_address>0x2000c884</load_address>
         <run_address>0x2000c884</run_address>
         <size>0x2a</size>
         <input_file_ref idref="fl-dc"/>
      </object_component>
      <object_component id="oc-34b">
         <name>.text:PRCMPeripheralClkDisable</name>
         <load_address>0x2000c8b0</load_address>
         <run_address>0x2000c8b0</run_address>
         <size>0x28</size>
         <input_file_ref idref="fl-ed"/>
      </object_component>
      <object_component id="oc-556">
         <name>.text:_SlDrvGlobalObjUnLock</name>
         <load_address>0x2000c8d8</load_address>
         <run_address>0x2000c8d8</run_address>
         <size>0x28</size>
         <input_file_ref idref="fl-f3"/>
      </object_component>
      <object_component id="oc-3a6">
         <name>.text:_SlDrvProtectionObjUnLock</name>
         <load_address>0x2000c900</load_address>
         <run_address>0x2000c900</run_address>
         <size>0x28</size>
         <input_file_ref idref="fl-f3"/>
      </object_component>
      <object_component id="oc-3ac">
         <name>.text:_SlDrvSyncObjWaitForever</name>
         <load_address>0x2000c928</load_address>
         <run_address>0x2000c928</run_address>
         <size>0x28</size>
         <input_file_ref idref="fl-f3"/>
      </object_component>
      <object_component id="oc-40e">
         <name>.text:mremove</name>
         <load_address>0x2000c950</load_address>
         <run_address>0x2000c950</run_address>
         <size>0x28</size>
         <input_file_ref idref="fl-c8"/>
      </object_component>
      <object_component id="oc-5ea">
         <name>.text:_SlDrvObjLockWaitForever</name>
         <load_address>0x2000c978</load_address>
         <run_address>0x2000c978</run_address>
         <size>0x26</size>
         <input_file_ref idref="fl-f3"/>
      </object_component>
      <object_component id="oc-4ed">
         <name>.text:DmaSpiSwIntHandler</name>
         <load_address>0x2000c9a0</load_address>
         <run_address>0x2000c9a0</run_address>
         <size>0x24</size>
         <input_file_ref idref="fl-f9"/>
      </object_component>
      <object_component id="oc-508">
         <name>.text:IntUnregister</name>
         <load_address>0x2000c9c4</load_address>
         <run_address>0x2000c9c4</run_address>
         <size>0x24</size>
         <input_file_ref idref="fl-eb"/>
      </object_component>
      <object_component id="oc-459">
         <name>.text:UARTEnable</name>
         <load_address>0x2000c9e8</load_address>
         <run_address>0x2000c9e8</run_address>
         <size>0x24</size>
         <input_file_ref idref="fl-ee"/>
      </object_component>
      <object_component id="oc-229">
         <name>.text:memmove</name>
         <load_address>0x2000ca0c</load_address>
         <run_address>0x2000ca0c</run_address>
         <size>0x24</size>
         <input_file_ref idref="fl-ca"/>
      </object_component>
      <object_component id="oc-429">
         <name>.text:strcspn</name>
         <load_address>0x2000ca30</load_address>
         <run_address>0x2000ca30</run_address>
         <size>0x24</size>
         <input_file_ref idref="fl-db"/>
      </object_component>
      <object_component id="oc-4ab">
         <name>.text:SPIReset</name>
         <load_address>0x2000ca54</load_address>
         <run_address>0x2000ca54</run_address>
         <size>0x22</size>
         <input_file_ref idref="fl-fa"/>
      </object_component>
      <object_component id="oc-7cf">
         <name>.text:SPIWordCountSet</name>
         <load_address>0x2000ca76</load_address>
         <run_address>0x2000ca76</run_address>
         <size>0x22</size>
         <input_file_ref idref="fl-fa"/>
      </object_component>
      <object_component id="oc-37c">
         <name>.text:GPIOPinWrite</name>
         <load_address>0x2000ca98</load_address>
         <run_address>0x2000ca98</run_address>
         <size>0x20</size>
         <input_file_ref idref="fl-ea"/>
      </object_component>
      <object_component id="oc-4d5">
         <name>.text:IntRegister</name>
         <load_address>0x2000cab8</load_address>
         <run_address>0x2000cab8</run_address>
         <size>0x20</size>
         <input_file_ref idref="fl-eb"/>
      </object_component>
      <object_component id="oc-2ca">
         <name>.text:NwpPrePowerOffTimout0</name>
         <load_address>0x2000cad8</load_address>
         <run_address>0x2000cad8</run_address>
         <size>0x20</size>
         <input_file_ref idref="fl-f9"/>
      </object_component>
      <object_component id="oc-794">
         <name>.text:TimerGetCurrentTimestamp</name>
         <load_address>0x2000caf8</load_address>
         <run_address>0x2000caf8</run_address>
         <size>0x20</size>
         <input_file_ref idref="fl-f9"/>
      </object_component>
      <object_component id="oc-5f0">
         <name>.text:_SlDrvObjUnLock</name>
         <load_address>0x2000cb18</load_address>
         <run_address>0x2000cb18</run_address>
         <size>0x20</size>
         <input_file_ref idref="fl-f3"/>
      </object_component>
      <object_component id="oc-529">
         <name>.text:_SlDrvSyncObjSignal</name>
         <load_address>0x2000cb38</load_address>
         <run_address>0x2000cb38</run_address>
         <size>0x20</size>
         <input_file_ref idref="fl-f3"/>
      </object_component>
      <object_component id="oc-36a">
         <name>.text:GPIOIntRegister</name>
         <load_address>0x2000cb58</load_address>
         <run_address>0x2000cb58</run_address>
         <size>0x1e</size>
         <input_file_ref idref="fl-ea"/>
      </object_component>
      <object_component id="oc-886">
         <name>.text:TimerEnable</name>
         <load_address>0x2000cb76</load_address>
         <run_address>0x2000cb76</run_address>
         <size>0x1e</size>
         <input_file_ref idref="fl-fb"/>
      </object_component>
      <object_component id="oc-211">
         <name>.text:UARTCharPut</name>
         <load_address>0x2000cb94</load_address>
         <run_address>0x2000cb94</run_address>
         <size>0x1e</size>
         <input_file_ref idref="fl-ee"/>
      </object_component>
      <object_component id="oc-4bd">
         <name>.text:cc_UDMAChannelSelect</name>
         <load_address>0x2000cbb2</load_address>
         <run_address>0x2000cbb2</run_address>
         <size>0x1e</size>
         <input_file_ref idref="fl-f9"/>
      </object_component>
      <object_component id="oc-823">
         <name>.text:TimerValueGet</name>
         <load_address>0x2000cbd0</load_address>
         <run_address>0x2000cbd0</run_address>
         <size>0x1c</size>
         <input_file_ref idref="fl-fb"/>
      </object_component>
      <object_component id="oc-223">
         <name>.text:UARTCharGetNonBlocking</name>
         <load_address>0x2000cbec</load_address>
         <run_address>0x2000cbec</run_address>
         <size>0x1c</size>
         <input_file_ref idref="fl-ee"/>
      </object_component>
      <object_component id="oc-680">
         <name>.text:_SlDrvStartMeasureTimeout</name>
         <load_address>0x2000cc08</load_address>
         <run_address>0x2000cc08</run_address>
         <size>0x1c</size>
         <input_file_ref idref="fl-f3"/>
      </object_component>
      <object_component id="oc-659">
         <name>.text:memccpy</name>
         <load_address>0x2000cc24</load_address>
         <run_address>0x2000cc24</run_address>
         <size>0x1c</size>
         <input_file_ref idref="fl-da"/>
      </object_component>
      <object_component id="oc-8ea">
         <name>.text:uDMAChannelEnable</name>
         <load_address>0x2000cc40</load_address>
         <run_address>0x2000cc40</run_address>
         <size>0x1c</size>
         <input_file_ref idref="fl-fc"/>
      </object_component>
      <object_component id="oc-376">
         <name>.text:GPIOIntEnable</name>
         <load_address>0x2000cc5c</load_address>
         <run_address>0x2000cc5c</run_address>
         <size>0x1a</size>
         <input_file_ref idref="fl-ea"/>
      </object_component>
      <object_component id="oc-3e1">
         <name>.text:PinTypeUART</name>
         <load_address>0x2000cc76</load_address>
         <run_address>0x2000cc76</run_address>
         <size>0x1a</size>
         <input_file_ref idref="fl-ec"/>
      </object_component>
      <object_component id="oc-57a">
         <name>.text:SPIDmaDisable</name>
         <load_address>0x2000cc90</load_address>
         <run_address>0x2000cc90</run_address>
         <size>0x1a</size>
         <input_file_ref idref="fl-fa"/>
      </object_component>
      <object_component id="oc-4c9">
         <name>.text:SPIDmaEnable</name>
         <load_address>0x2000ccaa</load_address>
         <run_address>0x2000ccaa</run_address>
         <size>0x1a</size>
         <input_file_ref idref="fl-fa"/>
      </object_component>
      <object_component id="oc-574">
         <name>.text:SPIFIFODisable</name>
         <load_address>0x2000ccc4</load_address>
         <run_address>0x2000ccc4</run_address>
         <size>0x1a</size>
         <input_file_ref idref="fl-fa"/>
      </object_component>
      <object_component id="oc-4c3">
         <name>.text:SPIFIFOEnable</name>
         <load_address>0x2000ccde</load_address>
         <run_address>0x2000ccde</run_address>
         <size>0x1a</size>
         <input_file_ref idref="fl-fa"/>
      </object_component>
      <object_component id="oc-56e">
         <name>.text:SPIIntUnregister</name>
         <load_address>0x2000ccf8</load_address>
         <run_address>0x2000ccf8</run_address>
         <size>0x1a</size>
         <input_file_ref idref="fl-fa"/>
      </object_component>
      <object_component id="oc-388">
         <name>.text:GPIOPinRead</name>
         <load_address>0x2000cd12</load_address>
         <run_address>0x2000cd12</run_address>
         <size>0x18</size>
         <input_file_ref idref="fl-ea"/>
      </object_component>
      <object_component id="oc-49f">
         <name>.text:SPICSDisable</name>
         <load_address>0x2000cd2a</load_address>
         <run_address>0x2000cd2a</run_address>
         <size>0x18</size>
         <input_file_ref idref="fl-fa"/>
      </object_component>
      <object_component id="oc-7c9">
         <name>.text:SPICSEnable</name>
         <load_address>0x2000cd42</load_address>
         <run_address>0x2000cd42</run_address>
         <size>0x18</size>
         <input_file_ref idref="fl-fa"/>
      </object_component>
      <object_component id="oc-4a5">
         <name>.text:SPIDisable</name>
         <load_address>0x2000cd5a</load_address>
         <run_address>0x2000cd5a</run_address>
         <size>0x18</size>
         <input_file_ref idref="fl-fa"/>
      </object_component>
      <object_component id="oc-4e1">
         <name>.text:SPIEnable</name>
         <load_address>0x2000cd72</load_address>
         <run_address>0x2000cd72</run_address>
         <size>0x18</size>
         <input_file_ref idref="fl-fa"/>
      </object_component>
      <object_component id="oc-21d">
         <name>.text:UARTCharsAvail</name>
         <load_address>0x2000cd8a</load_address>
         <run_address>0x2000cd8a</run_address>
         <size>0x18</size>
         <input_file_ref idref="fl-ee"/>
      </object_component>
      <object_component id="oc-48e">
         <name>.text:_SlNonOsSemSet</name>
         <load_address>0x2000cda2</load_address>
         <run_address>0x2000cda2</run_address>
         <size>0x18</size>
         <input_file_ref idref="fl-f6"/>
      </object_component>
      <object_component id="oc-46d">
         <name>.text:_outc</name>
         <load_address>0x2000cdba</load_address>
         <run_address>0x2000cdba</run_address>
         <size>0x18</size>
         <input_file_ref idref="fl-cf"/>
      </object_component>
      <object_component id="oc-297">
         <name>.text:_sl_GetStartResponseConvert</name>
         <load_address>0x2000cdd4</load_address>
         <run_address>0x2000cdd4</run_address>
         <size>0x18</size>
         <input_file_ref idref="fl-f2"/>
      </object_component>
      <object_component id="oc-333">
         <name>.text:PRCMHIBRegRead</name>
         <load_address>0x2000cdec</load_address>
         <run_address>0x2000cdec</run_address>
         <size>0x16</size>
         <input_file_ref idref="fl-ed"/>
      </object_component>
      <object_component id="oc-339">
         <name>.text:PRCMHIBRegWrite</name>
         <load_address>0x2000ce02</load_address>
         <run_address>0x2000ce02</run_address>
         <size>0x16</size>
         <input_file_ref idref="fl-ed"/>
      </object_component>
      <object_component id="oc-354">
         <name>.text:_SlDrvMemZero</name>
         <load_address>0x2000ce18</load_address>
         <run_address>0x2000ce18</run_address>
         <size>0x16</size>
         <input_file_ref idref="fl-f3"/>
      </object_component>
      <object_component id="oc-1a0">
         <name>.text:strchr</name>
         <load_address>0x2000ce2e</load_address>
         <run_address>0x2000ce2e</run_address>
         <size>0x16</size>
         <input_file_ref idref="fl-cb"/>
      </object_component>
      <object_component id="oc-322">
         <name>.text:CPUcpsie</name>
         <load_address>0x2000ce44</load_address>
         <run_address>0x2000ce44</run_address>
         <size>0x14</size>
         <input_file_ref idref="fl-f0"/>
      </object_component>
      <object_component id="oc-370">
         <name>.text:GPIOIntClear</name>
         <load_address>0x2000ce58</load_address>
         <run_address>0x2000ce58</run_address>
         <size>0x14</size>
         <input_file_ref idref="fl-ea"/>
      </object_component>
      <object_component id="oc-11e">
         <name>.text:IntVTableBaseSet</name>
         <load_address>0x2000ce6c</load_address>
         <run_address>0x2000ce6c</run_address>
         <size>0x14</size>
         <input_file_ref idref="fl-eb"/>
      </object_component>
      <object_component id="oc-803">
         <name>.text:copysign</name>
         <load_address>0x2000ce80</load_address>
         <run_address>0x2000ce80</run_address>
         <size>0x14</size>
         <input_file_ref idref="fl-e1"/>
      </object_component>
      <object_component id="oc-182">
         <name>.text:strcpy</name>
         <load_address>0x2000ce94</load_address>
         <run_address>0x2000ce94</run_address>
         <size>0x14</size>
         <input_file_ref idref="fl-cc"/>
      </object_component>
      <object_component id="oc-136">
         <name>.text:strlen</name>
         <load_address>0x2000cea8</load_address>
         <run_address>0x2000cea8</run_address>
         <size>0x14</size>
         <input_file_ref idref="fl-cd"/>
      </object_component>
      <object_component id="oc-65f">
         <name>.text:wcslen</name>
         <load_address>0x2000cebc</load_address>
         <run_address>0x2000cebc</run_address>
         <size>0x12</size>
         <input_file_ref idref="fl-e0"/>
      </object_component>
      <object_component id="oc-8a8">
         <name>.text:_SlDrvDispatchHttpServerEvents</name>
         <load_address>0x2000cece</load_address>
         <run_address>0x2000cece</run_address>
         <size>0x10</size>
         <input_file_ref idref="fl-f3"/>
      </object_component>
      <object_component id="oc-2e5">
         <name>.text:_SlDrvResetCmdExt</name>
         <load_address>0x2000cede</load_address>
         <run_address>0x2000cede</run_address>
         <size>0xe</size>
         <input_file_ref idref="fl-f3"/>
      </object_component>
      <object_component id="oc-18">
         <name>.text:decompress:none:__TI_decompress_none</name>
         <load_address>0x2000ceec</load_address>
         <run_address>0x2000ceec</run_address>
         <size>0xe</size>
         <input_file_ref idref="fl-c6"/>
      </object_component>
      <object_component id="oc-26">
         <name>.text</name>
         <load_address>0x2000cefa</load_address>
         <run_address>0x2000cefa</run_address>
         <size>0xe</size>
         <input_file_ref idref="fl-6"/>
      </object_component>
      <object_component id="oc-4fb">
         <name>.text:NwpMaskInterrupt</name>
         <load_address>0x2000cf08</load_address>
         <run_address>0x2000cf08</run_address>
         <size>0xc</size>
         <input_file_ref idref="fl-f9"/>
      </object_component>
      <object_component id="oc-515">
         <name>.text:NwpUnMaskInterrupt</name>
         <load_address>0x2000cf14</load_address>
         <run_address>0x2000cf14</run_address>
         <size>0xc</size>
         <input_file_ref idref="fl-f9"/>
      </object_component>
      <object_component id="oc-4c">
         <name>.text:decompress:ZI:__TI_zero_init</name>
         <load_address>0x2000cf20</load_address>
         <run_address>0x2000cf20</run_address>
         <size>0xc</size>
         <input_file_ref idref="fl-c5"/>
      </object_component>
      <object_component id="oc-124">
         <name>.text:IntMasterEnable</name>
         <load_address>0x2000cf2c</load_address>
         <run_address>0x2000cf2c</run_address>
         <size>0xa</size>
         <input_file_ref idref="fl-eb"/>
      </object_component>
      <object_component id="oc-665">
         <name>.text:__aeabi_errno_addr</name>
         <load_address>0x2000cf38</load_address>
         <run_address>0x2000cf38</run_address>
         <size>0x8</size>
         <input_file_ref idref="fl-dd"/>
      </object_component>
      <object_component id="oc-148">
         <name>.text:UtilsDelay</name>
         <load_address>0x2000cf40</load_address>
         <run_address>0x2000cf40</run_address>
         <size>0x6</size>
         <input_file_ref idref="fl-ef"/>
      </object_component>
      <object_component id="oc-8e">
         <name>.text:_system_pre_init</name>
         <load_address>0x2000cf46</load_address>
         <run_address>0x2000cf46</run_address>
         <size>0x4</size>
         <input_file_ref idref="fl-d2"/>
      </object_component>
      <object_component id="oc-1c7">
         <name>.text:abort:abort</name>
         <load_address>0x2000cf4a</load_address>
         <run_address>0x2000cf4a</run_address>
         <size>0x4</size>
         <input_file_ref idref="fl-d4"/>
      </object_component>
      <object_component id="oc-722">
         <name>.const:.string:_ctypes_</name>
         <load_address>0x2000cf50</load_address>
         <run_address>0x2000cf50</run_address>
         <size>0x101</size>
         <input_file_ref idref="fl-d8"/>
      </object_component>
      <object_component id="oc-706">
         <name>.const:g_ulPinToPadMap</name>
         <load_address>0x2000d054</load_address>
         <run_address>0x2000d054</run_address>
         <size>0x100</size>
         <input_file_ref idref="fl-ec"/>
      </object_component>
      <object_component id="oc-5ae">
         <name>.const:g_pulRegs</name>
         <load_address>0x2000d154</load_address>
         <run_address>0x2000d154</run_address>
         <size>0xd4</size>
         <input_file_ref idref="fl-eb"/>
      </object_component>
      <object_component id="oc-5a1">
         <name>.const:PRCM_PeriphRegsList</name>
         <load_address>0x2000d228</load_address>
         <run_address>0x2000d228</run_address>
         <size>0xa8</size>
         <input_file_ref idref="fl-ed"/>
      </object_component>
      <object_component id="oc-329">
         <name>.const</name>
         <load_address>0x2000d2d0</load_address>
         <run_address>0x2000d2d0</run_address>
         <size>0x80</size>
         <input_file_ref idref="fl-eb"/>
      </object_component>
      <object_component id="oc-7bf">
         <name>.const:OpcodeTranslateTable</name>
         <load_address>0x2000d350</load_address>
         <run_address>0x2000d350</run_address>
         <size>0x3c</size>
         <input_file_ref idref="fl-f3"/>
      </object_component>
      <object_component id="oc-851">
         <name>.const:_SlActionLookupTable</name>
         <load_address>0x2000d38c</load_address>
         <run_address>0x2000d38c</run_address>
         <size>0x38</size>
         <input_file_ref idref="fl-f3"/>
      </object_component>
      <object_component id="oc-244">
         <name>.const:.string</name>
         <load_address>0x2000d3c4</load_address>
         <run_address>0x2000d3c4</run_address>
         <size>0x30</size>
         <input_file_ref idref="fl-3"/>
      </object_component>
      <object_component id="oc-111">
         <name>.const:$P$T1$2</name>
         <load_address>0x2000d3f4</load_address>
         <run_address>0x2000d3f4</run_address>
         <size>0x2c</size>
         <input_file_ref idref="fl-3"/>
      </object_component>
      <object_component id="oc-7de">
         <name>.const:g_ppulSPIIntMap</name>
         <load_address>0x2000d420</load_address>
         <run_address>0x2000d420</run_address>
         <size>0x24</size>
         <input_file_ref idref="fl-fa"/>
      </object_component>
      <object_component id="oc-11d">
         <name>.const:.string:$P$T0$1</name>
         <load_address>0x2000d444</load_address>
         <run_address>0x2000d444</run_address>
         <size>0x22</size>
         <input_file_ref idref="fl-3"/>
      </object_component>
      <object_component id="oc-834">
         <name>.const:RxMsgClassLUT</name>
         <load_address>0x2000d468</load_address>
         <run_address>0x2000d468</run_address>
         <size>0x20</size>
         <input_file_ref idref="fl-f3"/>
      </object_component>
      <object_component id="oc-7a0">
         <name>.const</name>
         <load_address>0x2000d488</load_address>
         <run_address>0x2000d488</run_address>
         <size>0x18</size>
         <input_file_ref idref="fl-fa"/>
      </object_component>
      <object_component id="oc-179">
         <name>.const:.string:$P$T6$7</name>
         <load_address>0x2000d4a0</load_address>
         <run_address>0x2000d4a0</run_address>
         <size>0x15</size>
         <input_file_ref idref="fl-3"/>
      </object_component>
      <object_component id="oc-82d">
         <name>.const:$P$T0$1</name>
         <load_address>0x2000d4b8</load_address>
         <run_address>0x2000d4b8</run_address>
         <size>0x14</size>
         <input_file_ref idref="fl-f3"/>
      </object_component>
      <object_component id="oc-68c">
         <name>.const:$P$T0$1</name>
         <load_address>0x2000d4cc</load_address>
         <run_address>0x2000d4cc</run_address>
         <size>0x14</size>
         <input_file_ref idref="fl-f6"/>
      </object_component>
      <object_component id="oc-114">
         <name>.const:$P$T2$3</name>
         <load_address>0x2000d4e0</load_address>
         <run_address>0x2000d4e0</run_address>
         <size>0x14</size>
         <input_file_ref idref="fl-3"/>
      </object_component>
      <object_component id="oc-5e6">
         <name>.const:.string:_SlPayloadByProtocolLUT</name>
         <load_address>0x2000d4f4</load_address>
[...]
      </symbol>
      <symbol id="sm-95b">
         <name>UtilsDelay</name>
         <value>0x2000cf41</value>
         <object_component_ref idref="oc-148"/>
      </symbol>
      <symbol id="sm-965">
         <name>CPUcpsie</name>
         <value>0x2000ce45</value>
         <object_component_ref idref="oc-322"/>
      </symbol>
      <symbol id="sm-a1c">
         <name>_sl_HandleAsync_InitComplete</name>
         <value>0x2000add5</value>
         <object_component_ref idref="oc-8f5"/>
      </symbol>
      <symbol id="sm-a1d">
         <name>_SlDrvDeviceEventHandler</name>
         <value>0x2000a5c1</value>
         <object_component_ref idref="oc-894"/>
      </symbol>
      <symbol id="sm-a1e">
         <name>_sl_HandleAsync_Stop</name>
         <value>0x2000bd8d</value>
         <object_component_ref idref="oc-8d0"/>
      </symbol>
      <symbol id="sm-a1f">
         <name>sl_DevSet</name>
         <value>0x2000a65d</value>
         <object_component_ref idref="oc-149"/>
      </symbol>
      <symbol id="sm-a20">
         <name>sl_Stop</name>
         <value>0x2000954d</value>
         <object_component_ref idref="oc-e1"/>
      </symbol>
      <symbol id="sm-a21">
         <name>sl_Start</name>
         <value>0x2000981d</value>
         <object_component_ref idref="oc-cf"/>
      </symbol>
      <symbol id="sm-a22">
         <name>sl_DevGet</name>
         <value>0x20009e3d</value>
         <object_component_ref idref="oc-e7"/>
      </symbol>
      <symbol id="sm-cd1">
         <name>RxIrqCnt</name>
         <value>0x2001fa14</value>
      </symbol>
      <symbol id="sm-cd2">
         <name>g_bDeviceRestartIsRequired</name>
         <value>0x2001fa15</value>
      </symbol>
      <symbol id="sm-cd3">
         <name>_SlDrvProtectionObjUnLock</name>
         <value>0x2000c901</value>
         <object_component_ref idref="oc-3a6"/>
      </symbol>
      <symbol id="sm-cd4">
         <name>_SlDrvBasicCmd</name>
         <value>0x2000c035</value>
         <object_component_ref idref="oc-2fc"/>
      </symbol>
      <symbol id="sm-cd5">
         <name>_SlDrvObjUnLock</name>
         <value>0x2000cb19</value>
         <object_component_ref idref="oc-5f0"/>
      </symbol>
      <symbol id="sm-cd6">
         <name>_SlDrvObjLockWaitForever</name>
         <value>0x2000c979</value>
         <object_component_ref idref="oc-5ea"/>
      </symbol>
      <symbol id="sm-cd7">
         <name>_SlDrvMsgReadSpawnCtx</name>
         <value>0x200099f1</value>
         <object_component_ref idref="oc-543"/>
      </symbol>
      <symbol id="sm-cd8">
         <name>_SlDrvDispatchHttpServerEvents</name>
         <value>0x2000cecf</value>
         <object_component_ref idref="oc-8a8"/>
      </symbol>
      <symbol id="sm-cd9">
         <name>_SlDriverHandleError</name>
         <value>0x2000a341</value>
         <object_component_ref idref="oc-51c"/>
      </symbol>
      <symbol id="sm-cda">
         <name>_SlDrvDriverCBDeinit</name>
         <value>0x20008ed9</value>
         <object_component_ref idref="oc-2d6"/>
      </symbol>
      <symbol id="sm-cdb">
         <name>_SlDrvStartMeasureTimeout</name>
         <value>0x2000cc09</value>
         <object_component_ref idref="oc-680"/>
      </symbol>
      <symbol id="sm-cdc">
         <name>_SlDrvResetCmdExt</name>
         <value>0x2000cedf</value>
         <object_component_ref idref="oc-2e5"/>
      </symbol>
      <symbol id="sm-cdd">
         <name>_SlDrvIsTimeoutExpired</name>
         <value>0x2000ad49</value>
         <object_component_ref idref="oc-686"/>
      </symbol>
      <symbol id="sm-cde">
         <name>_SlDrvProtectAsyncRespSetting</name>
         <value>0x2000be75</value>
         <object_component_ref idref="oc-273"/>
      </symbol>
      <symbol id="sm-cdf">
         <name>_SlDrvReleasePoolObj</name>
         <value>0x20007765</value>
         <object_component_ref idref="oc-291"/>
      </symbol>
      <symbol id="sm-ce0">
         <name>OpcodeTranslateTable</name>
         <value>0x2000d350</value>
         <object_component_ref idref="oc-7bf"/>
      </symbol>
      <symbol id="sm-ce1">
         <name>pPingCallBackFunc</name>
         <value>0x2001fa88</value>
         <object_component_ref idref="oc-2a0"/>
      </symbol>
      <symbol id="sm-ce2">
         <name>_SlDrvDriverCBInit</name>
         <value>0x20007cbd</value>
         <object_component_ref idref="oc-267"/>
      </symbol>
      <symbol id="sm-ce3">
         <name>g_pCB</name>
         <value>0x2001fa84</value>
         <object_component_ref idref="oc-2a0"/>
      </symbol>
      <symbol id="sm-ce4">
         <name>_SlDrvProtectionObjLockWaitForever</name>
         <value>0x2000c805</value>
         <object_component_ref idref="oc-3a0"/>
      </symbol>
      <symbol id="sm-ce5">
         <name>_SlDrvCmdOp</name>
         <value>0x20009fcd</value>
         <object_component_ref idref="oc-2ba"/>
      </symbol>
      <symbol id="sm-ce6">
         <name>_SlDrvSyncObjWaitTimeout</name>
         <value>0x2000c14d</value>
         <object_component_ref idref="oc-28b"/>
      </symbol>
      <symbol id="sm-ce7">
         <name>_SlDrvGlobalObjUnLock</name>
         <value>0x2000c8d9</value>
         <object_component_ref idref="oc-556"/>
      </symbol>
      <symbol id="sm-ce8">
         <name>_SlDrvMemZero</name>
         <value>0x2000ce19</value>
         <object_component_ref idref="oc-354"/>
      </symbol>
      <symbol id="sm-ce9">
         <name>_SlDrvWaitForPoolObj</name>
         <value>0x2000800d</value>
         <object_component_ref idref="oc-39a"/>
      </symbol>
      <symbol id="sm-cea">
         <name>_SlDrvSyncObjSignal</name>
         <value>0x2000cb39</value>
         <object_component_ref idref="oc-529"/>
      </symbol>
      <symbol id="sm-ceb">
         <name>_SlDrvDataReadOp</name>
         <value>0x20007581</value>
         <object_component_ref idref="oc-3fe"/>
      </symbol>
      <symbol id="sm-cec">
         <name>_SlDrvDataWriteOp</name>
         <value>0x20008611</value>
         <object_component_ref idref="oc-3f0"/>
      </symbol>
      <symbol id="sm-ced">
         <name>_SlDrvRxIrqHandler</name>
         <value>0x2000bc3d</value>
         <object_component_ref idref="oc-2a3"/>
      </symbol>
      <symbol id="sm-cee">
         <name>_SlDrvSyncObjWaitForever</name>
         <value>0x2000c929</value>
         <object_component_ref idref="oc-3ac"/>
      </symbol>
      <symbol id="sm-cef">
         <name>g_SlDeviceStatus</name>
         <value>0x2001fa80</value>
         <object_component_ref idref="oc-2a0"/>
      </symbol>
      <symbol id="sm-cf0">
         <name>_SlDrvCmdSend</name>
         <value>0x2000b5d1</value>
         <object_component_ref idref="oc-8ff"/>
      </symbol>
      <symbol id="sm-cf1">
         <name>_SlActionLookupTable</name>
         <value>0x2000d38c</value>
         <object_component_ref idref="oc-851"/>
      </symbol>
      <symbol id="sm-d99">
         <name>sl_NetAppMDNSUnRegisterService</name>
         <value>0x2000b83d</value>
         <object_component_ref idref="oc-10b"/>
      </symbol>
      <symbol id="sm-d9a">
         <name>_SlNetAppSendTokenValueCmdCtrl</name>
         <value>0x2000d55a</value>
         <object_component_ref idref="oc-905"/>
      </symbol>
      <symbol id="sm-d9b">
         <name>sl_NetAppDnsGetHostByName</name>
         <value>0x200089ed</value>
         <object_component_ref idref="oc-155"/>
      </symbol>
      <symbol id="sm-d9c">
         <name>_sl_HandleAsync_DnsGetHostByName</name>
         <value>0x2000aa81</value>
         <object_component_ref idref="oc-89c"/>
      </symbol>
      <symbol id="sm-d9d">
         <name>_sl_HandleAsync_PingResponse</name>
         <value>0x2000ab11</value>
         <object_component_ref idref="oc-83d"/>
      </symbol>
      <symbol id="sm-d9e">
         <name>_SlDrvNetAppEventHandler</name>
         <value>0x2000934d</value>
         <object_component_ref idref="oc-837"/>
      </symbol>
      <symbol id="sm-d9f">
         <name>_sl_HandleAsync_DnsGetHostByService</name>
         <value>0x20009d71</value>
         <object_component_ref idref="oc-8a2"/>
      </symbol>
      <symbol id="sm-da0">
         <name>_sl_NetAppSendTokenValue</name>
         <value>0x2000b63d</value>
         <object_component_ref idref="oc-8ae"/>
      </symbol>
      <symbol id="sm-da1">
         <name>sl_NetAppMDNSRegisterUnregisterService</name>
         <value>0x20009ad9</value>
         <object_component_ref idref="oc-311"/>
      </symbol>
      <symbol id="sm-dc3">
         <name>sl_NetCfgSet</name>
         <value>0x2000a6f5</value>
         <object_component_ref idref="oc-ff"/>
      </symbol>
      <symbol id="sm-e0b">
         <name>_SlNonOsSemSet</name>
         <value>0x2000cda3</value>
         <object_component_ref idref="oc-48e"/>
      </symbol>
      <symbol id="sm-e0c">
         <name>_SlNonOsSpawn</name>
         <value>0x2000b711</value>
         <object_component_ref idref="oc-53d"/>
      </symbol>
      <symbol id="sm-e0d">
         <name>_SlNonOsSemGet</name>
         <value>0x2000a141</value>
         <object_component_ref idref="oc-494"/>
      </symbol>
      <symbol id="sm-e0e">
         <name>_SlNonOsMainLoopTask</name>
         <value>0x2000b4ed</value>
         <object_component_ref idref="oc-d5"/>
      </symbol>
      <symbol id="sm-e0f">
         <name>g__SlNonOsCB</name>
         <value>0x2001fa1c</value>
         <object_component_ref idref="oc-2b5"/>
      </symbol>
      <symbol id="sm-f10">
         <name>sl_Recv</name>
         <value>0x2000a485</value>
         <object_component_ref idref="oc-194"/>
      </symbol>
      <symbol id="sm-f11">
         <name>sl_Send</name>
         <value>0x20008da5</value>
         <object_component_ref idref="oc-188"/>
      </symbol>
      <symbol id="sm-f12">
         <name>_sl_HandleAsync_Connect</name>
         <value>0x2000b189</value>
         <object_component_ref idref="oc-8c4"/>
      </symbol>
      <symbol id="sm-f13">
         <name>sl_Htonl</name>
         <value>0x2000c219</value>
         <object_component_ref idref="oc-161"/>
      </symbol>
      <symbol id="sm-f14">
         <name>sl_Htons</name>
         <value>0x2000c4c9</value>
         <object_component_ref idref="oc-15b"/>
      </symbol>
      <symbol id="sm-f15">
         <name>sl_Connect</name>
         <value>0x2000819d</value>
         <object_component_ref idref="oc-173"/>
      </symbol>
      <symbol id="sm-f16">
         <name>sl_Socket</name>
         <value>0x2000ae61</value>
         <object_component_ref idref="oc-167"/>
      </symbol>
      <symbol id="sm-f17">
         <name>_sl_HandleAsync_Select</name>
         <value>0x2000bc91</value>
         <object_component_ref idref="oc-8ca"/>
      </symbol>
      <symbol id="sm-f18">
         <name>sl_Close</name>
         <value>0x2000b969</value>
         <object_component_ref idref="oc-18e"/>
      </symbol>
      <symbol id="sm-f19">
         <name>_sl_HandleAsync_Accept</name>
         <value>0x2000b775</value>
         <object_component_ref idref="oc-8be"/>
      </symbol>
      <symbol id="sm-f1a">
         <name>sl_SetSockOpt</name>
         <value>0x2000a78d</value>
         <object_component_ref idref="oc-16d"/>
      </symbol>
      <symbol id="sm-fd4">
         <name>sl_WlanDisconnect</name>
         <value>0x2000c5e9</value>
         <object_component_ref idref="oc-f9"/>
      </symbol>
      <symbol id="sm-fd5">
         <name>sl_WlanPolicySet</name>
         <value>0x2000aba1</value>
         <object_component_ref idref="oc-ed"/>
      </symbol>
      <symbol id="sm-fd6">
         <name>sl_WlanProfileDel</name>
         <value>0x2000b9c9</value>
         <object_component_ref idref="oc-f3"/>
      </symbol>
      <symbol id="sm-fd7">
         <name>sl_WlanRxFilterSet</name>
         <value>0x2000b081</value>
         <object_component_ref idref="oc-117"/>
      </symbol>
      <symbol id="sm-fd8">
         <name>sl_WlanConnect</name>
         <value>0x20006e49</value>
         <object_component_ref idref="oc-13c"/>
      </symbol>
      <symbol id="sm-fd9">
         <name>sl_WlanSet</name>
         <value>0x2000a825</value>
         <object_component_ref idref="oc-105"/>
      </symbol>
      <symbol id="sm-fda">
         <name>sl_WlanSetMode</name>
         <value>0x2000ba29</value>
         <object_component_ref idref="oc-db"/>
      </symbol>
      <symbol id="sm-10fa">
         <name>g_ucDinDout</name>
         <value>0x2001f968</value>
      </symbol>
      <symbol id="sm-10fb">
         <name>g_cDummy</name>
         <value>0x2001fa16</value>
      </symbol>
      <symbol id="sm-10fc">
         <name>NwpMaskInterrupt</name>
         <value>0x2000cf09</value>
         <object_component_ref idref="oc-4fb"/>
      </symbol>
      <symbol id="sm-10fd">
         <name>NwpPrePowerOffTimout0</name>
         <value>0x2000cad9</value>
         <object_component_ref idref="oc-2ca"/>
      </symbol>
      <symbol id="sm-10fe">
         <name>NwpRegisterInterruptHandler</name>
         <value>0x2000c35d</value>
         <object_component_ref idref="oc-27f"/>
      </symbol>
      <symbol id="sm-10ff">
         <name>g_pHostIntHdl</name>
         <value>0x2001faac</value>
         <object_component_ref idref="oc-4e7"/>
      </symbol>
      <symbol id="sm-1100">
         <name>simplelink_timerA2_start</name>
         <value>0x2000c48d</value>
         <object_component_ref idref="oc-81d"/>
      </symbol>
      <symbol id="sm-1101">
         <name>NwpUnMaskInterrupt</name>
         <value>0x2000cf15</value>
         <object_component_ref idref="oc-515"/>
      </symbol>
      <symbol id="sm-1102">
         <name>NwpPowerOff</name>
         <value>0x2000c541</value>
         <object_component_ref idref="oc-279"/>
      </symbol>
      <symbol id="sm-1103">
         <name>TimerGetCurrentTimestamp</name>
         <value>0x2000caf9</value>
         <object_component_ref idref="oc-794"/>
      </symbol>
      <symbol id="sm-1104">
         <name>spi_Read</name>
         <value>0x2000963d</value>
         <object_component_ref idref="oc-7b2"/>
      </symbol>
      <symbol id="sm-1105">
         <name>DmaSpiSwIntHandler</name>
         <value>0x2000c9a1</value>
         <object_component_ref idref="oc-4ed"/>
      </symbol>
      <symbol id="sm-1106">
         <name>NwpPowerOn</name>
         <value>0x2000c781</value>
         <object_component_ref idref="oc-285"/>
      </symbol>
      <symbol id="sm-1107">
         <name>spi_Close</name>
         <value>0x2000b3fd</value>
         <object_component_ref idref="oc-2d0"/>
      </symbol>
      <symbol id="sm-1108">
         <name>spi_Write</name>
         <value>0x2000a8bd</value>
         <object_component_ref idref="oc-6e0"/>
      </symbol>
      <symbol id="sm-1109">
         <name>spi_Open</name>
         <value>0x20008761</value>
         <object_component_ref idref="oc-26d"/>
      </symbol>
      <symbol id="sm-110a">
         <name>g_ucDMAEnabled</name>
         <value>0x2001fab0</value>
         <object_component_ref idref="oc-4e7"/>
      </symbol>
      <symbol id="sm-110b">
         <name>g_SpiFd</name>
         <value>0x2001faa8</value>
         <object_component_ref idref="oc-4e7"/>
      </symbol>
      <symbol id="sm-11c6">
         <name>SPIFIFODisable</name>
         <value>0x2000ccc5</value>
         <object_component_ref idref="oc-574"/>
      </symbol>
      <symbol id="sm-11c7">
         <name>SPICSEnable</name>
         <value>0x2000cd43</value>
         <object_component_ref idref="oc-7c9"/>
      </symbol>
      <symbol id="sm-11c8">
         <name>SPIDisable</name>
         <value>0x2000cd5b</value>
         <object_component_ref idref="oc-4a5"/>
      </symbol>
      <symbol id="sm-11c9">
         <name>SPIFIFOEnable</name>
         <value>0x2000ccdf</value>
         <object_component_ref idref="oc-4c3"/>
      </symbol>
      <symbol id="sm-11ca">
         <name>SPIWordCountSet</name>
         <value>0x2000ca77</value>
         <object_component_ref idref="oc-7cf"/>
      </symbol>
      <symbol id="sm-11cb">
         <name>SPIEnable</name>
         <value>0x2000cd73</value>
         <object_component_ref idref="oc-4e1"/>
      </symbol>
      <symbol id="sm-11cc">
         <name>SPIDmaEnable</name>
         <value>0x2000ccab</value>
         <object_component_ref idref="oc-4c9"/>
      </symbol>
      <symbol id="sm-11cd">
         <name>SPIConfigSetExpClk</name>
         <value>0x2000a3e5</value>
         <object_component_ref idref="oc-4b1"/>
      </symbol>
      <symbol id="sm-11ce">
         <name>SPIIntUnregister</name>
         <value>0x2000ccf9</value>
         <object_component_ref idref="oc-56e"/>
      </symbol>
      <symbol id="sm-11cf">
         <name>SPIFIFOLevelSet</name>
         <value>0x2000c68d</value>
         <object_component_ref idref="oc-4cf"/>
      </symbol>
      <symbol id="sm-11d0">
         <name>SPIDmaDisable</name>
         <value>0x2000cc91</value>
         <object_component_ref idref="oc-57a"/>
      </symbol>
      <symbol id="sm-11d1">
         <name>SPIReset</name>
         <value>0x2000ca55</value>
         <object_component_ref idref="oc-4ab"/>
      </symbol>
      <symbol id="sm-11d2">
         <name>SPIIntEnable</name>
         <value>0x2000bddd</value>
         <object_component_ref idref="oc-4db"/>
      </symbol>
      <symbol id="sm-11d3">
         <name>SPIIntClear</name>
         <value>0x2000bfed</value>
         <object_component_ref idref="oc-6b9"/>
      </symbol>
      <symbol id="sm-11d4">
         <name>SPICSDisable</name>
         <value>0x2000cd2b</value>
         <object_component_ref idref="oc-49f"/>
      </symbol>
      <symbol id="sm-1207">
         <name>TimerLoadSet</name>
         <value>0x2000c831</value>
         <object_component_ref idref="oc-880"/>
      </symbol>
      <symbol id="sm-1208">
         <name>TimerEnable</name>
         <value>0x2000cb77</value>
         <object_component_ref idref="oc-886"/>
      </symbol>
      <symbol id="sm-1209">
         <name>TimerValueGet</name>
         <value>0x2000cbd1</value>
         <object_component_ref idref="oc-823"/>
      </symbol>
      <symbol id="sm-120a">
         <name>TimerPrescaleSet</name>
         <value>0x2000c85b</value>
         <object_component_ref idref="oc-87a"/>
      </symbol>
      <symbol id="sm-120b">
         <name>TimerConfigure</name>
         <value>0x2000c109</value>
         <object_component_ref idref="oc-874"/>
      </symbol>
      <symbol id="sm-1262">
         <name>uDMAChannelControlSet</name>
         <value>0x2000c505</value>
         <object_component_ref idref="oc-8d8"/>
      </symbol>
      <symbol id="sm-1263">
         <name>uDMAChannelAttributeEnable</name>
         <value>0x2000b905</value>
         <object_component_ref idref="oc-8de"/>
      </symbol>
      <symbol id="sm-1264">
         <name>uDMAChannelTransferSet</name>
         <value>0x2000972d</value>
         <object_component_ref idref="oc-8e4"/>
      </symbol>
      <symbol id="sm-1265">
         <name>uDMAChannelAssign</name>
         <value>0x2000bf59</value>
         <object_component_ref idref="oc-697"/>
      </symbol>
      <symbol id="sm-1266">
         <name>uDMAChannelAttributeDisable</name>
         <value>0x2000b8a1</value>
         <object_component_ref idref="oc-69d"/>
      </symbol>
      <symbol id="sm-1267">
         <name>uDMAChannelEnable</name>
         <value>0x2000cc41</value>
         <object_component_ref idref="oc-8ea"/>
      </symbol>
      <symbol id="sm-1268">
         <name>__TI_static_base__</name>
         <value>0x2000d598</value>
      </symbol>
      <symbol id="sm-126b">
         <name>__mpu_init</name>
         <value>0x0</value>
      </symbol>
      <symbol id="sm-126c">
         <name>_system_post_cinit</name>
         <value>0x0</value>
      </symbol>
   </symbol_table>
   <title>Link successful</title>
</link_info>
