******************************************************************************
                  TI ARM Linker PC v18.1.3                     
******************************************************************************
>> Linked Thu Mar 14 23:57:55 2019

OUTPUT FILE NAME:   <GripperFinished.out>
ENTRY POINT SYMBOL: "_c_int00_noargs"  address: 200053b1


MEMORY CONFIGURATION

         name            origin    length      used     unused   attr    fill
----------------------  --------  ---------  --------  --------  ----  --------
  SRAM_CODE             20004000   00013000  00001a60  000115a0  RW X
  SRAM_DATA             20017000   00019000  00000847  000187b9  RW X


SEGMENT ALLOCATION MAP

run origin  load origin   length   init length attrs members
----------  ----------- ---------- ----------- ----- -------
20004000    20004000    00001a60   00001a60    r-x
  20004000    20004000    00000400   00000400    r-- .intvecs
  20004400    20004400    00001314   00001314    r-x .text
  20005714    20005714    000002fc   000002fc    r-- .const
  20005a10    20005a10    00000050   00000050    r-- .cinit
20017000    20017000    00000047   00000000    rw-
  20017000    20017000    00000044   00000000    rw- .data
  20017044    20017044    00000003   00000000    rw- .bss
2002f800    2002f800    00000800   00000000    rw-
  2002f800    2002f800    00000800   00000000    rw- .stack


SECTION ALLOCATION MAP

 output                                  attributes/
section   page    origin      length       input sections
--------  ----  ----------  ----------   ----------------
.intvecs   0    20004000    00000400     
                  20004000    00000400     startup_ccs.obj (.intvecs)

.init_array 
*          0    20004000    00000000     UNINITIALIZED

.text      0    20004400    00001314     
                  20004400    00000398     gpio_if.obj (.text)
                  20004798    00000284     main.obj (.text)
                  20004a1c    00000198     timer_if.obj (.text)
                  20004bb4    00000178     driverlib.a : prcm.obj (.text:PRCMCC3200MCUInit)
                  20004d2c    000000a8                 : interrupt.obj (.text:IntDisable)
                  20004dd4    000000a8                 : interrupt.obj (.text:IntEnable)
                  20004e7c    0000009c     rtsv7M4_T_le_v4SPD16_eabi.lib : memcpy_t2.asm.obj (.text)
                  20004f18    00000088     driverlib.a : pin.obj (.text:PinConfigSet)
                  20004fa0    00000082                 : gpio.obj (.text:GPIOIntTypeSet)
                  20005022    00000002                 : interrupt.obj (.text:IntDefaultHandler)
                  20005024    00000070                 : timer.obj (.text:TimerIntRegister)
                  20005094    00000068                 : timer.obj (.text:TimerIntUnregister)
                  200050fc    00000068     rtsv7M4_T_le_v4SPD16_eabi.lib : copy_decompress_lzss.c.obj (.text:decompress:lzss:__TI_decompress_lzss)
                  20005164    00000058     driverlib.a : prcm.obj (.text:PRCMPeripheralReset)
                  200051bc    00000054                 : interrupt.obj (.text:IntPrioritySet)
                  20005210    00000054     pinmux.obj (.text)
                  20005264    00000048     driverlib.a : gpio.obj (.text:GPIOGetIntNumber)
                  200052ac    00000044                 : timer.obj (.text:TimerConfigure)
                  200052f0    00000044     rtsv7M4_T_le_v4SPD16_eabi.lib : autoinit.c.obj (.text:__TI_auto_init_nobinit_nopinit:__TI_auto_init_nobinit_nopinit)
                  20005334    00000040     driverlib.a : pin.obj (.text:PinModeSet)
                  20005374    0000003c                 : prcm.obj (.text:PRCMPeripheralClkEnable)
                  200053b0    00000038     rtsv7M4_T_le_v4SPD16_eabi.lib : boot_cortex_m.c.obj (.text:_c_int00_noargs:_c_int00_noargs)
                  200053e8    00000036     driverlib.a : gpio.obj (.text:GPIODirModeSet)
                  2000541e    00000030                 : pin.obj (.text:PinTypeGPIO)
                  2000544e    00000002     --HOLE-- [fill = 0]
                  20005450    0000002c                 : prcm.obj (.text:PRCMSysResetCauseGet)
                  2000547c    0000002a                 : timer.obj (.text:TimerLoadSet)
                  200054a6    0000002a                 : timer.obj (.text:TimerPrescaleSet)
                  200054d0    00000028                 : prcm.obj (.text:PRCMPeripheralClkDisable)
                  200054f8    00000024                 : interrupt.obj (.text:IntUnregister)
                  2000551c    00000020                 : gpio.obj (.text:GPIOPinWrite)
                  2000553c    00000020                 : interrupt.obj (.text:IntRegister)
                  2000555c    0000001e                 : gpio.obj (.text:GPIOIntRegister)
                  2000557a    0000001e                 : timer.obj (.text:TimerDisable)
                  20005598    0000001e                 : timer.obj (.text:TimerEnable)
                  200055b6    0000001e                 : timer.obj (.text:TimerIntStatus)
                  200055d4    0000001c                 : timer.obj (.text:TimerValueGet)
                  200055f0    0000001a                 : gpio.obj (.text:GPIOIntEnable)
                  2000560a    00000018                 : gpio.obj (.text:GPIOPinRead)
                  20005622    00000018                 : timer.obj (.text:TimerIntDisable)
                  2000563a    00000018                 : timer.obj (.text:TimerIntEnable)
                  20005652    00000016                 : prcm.obj (.text:PRCMHIBRegRead)
                  20005668    00000016                 : prcm.obj (.text:PRCMHIBRegWrite)
                  2000567e    00000014                 : cpu.obj (.text:CPUcpsie)
                  20005692    00000014                 : gpio.obj (.text:GPIOIntClear)
                  200056a6    00000002     --HOLE-- [fill = 0]
                  200056a8    00000014                 : interrupt.obj (.text:IntVTableBaseSet)
                  200056bc    00000012                 : timer.obj (.text:TimerIntClear)
                  200056ce    00000012     rtsv7M4_T_le_v4SPD16_eabi.lib : copy_zero_init.c.obj (.text:decompress:ZI:__TI_zero_init_nomemset:__TI_zero_init_nomemset)
                  200056e0    0000000e                                   : copy_decompress_none.c.obj (.text:decompress:none:__TI_decompress_none)
                  200056ee    0000000e     startup_ccs.obj (.text)
                  200056fc    0000000a     driverlib.a : interrupt.obj (.text:IntMasterEnable)
                  20005706    00000006                 : utils.obj (.text:UtilsDelay)
                  2000570c    00000004     rtsv7M4_T_le_v4SPD16_eabi.lib : pre_init.c.obj (.text:_system_pre_init)
                  20005710    00000004                                   : exit.c.obj (.text:abort:abort)

.const     0    20005714    000002fc     
                  20005714    00000100     driverlib.a : pin.obj (.const:g_ulPinToPadMap)
                  20005814    000000d4                 : interrupt.obj (.const:g_pulRegs)
                  200058e8    000000a8                 : prcm.obj (.const:PRCM_PeriphRegsList)
                  20005990    00000080                 : interrupt.obj (.const)

.cinit     0    20005a10    00000050     
                  20005a10    0000002b     (.cinit..data.load) [load image, compression = lzss]
                  20005a3b    00000001     --HOLE-- [fill = 0]
                  20005a3c    0000000c     (__TI_handler_table)
                  20005a48    00000008     (.cinit..bss.load) [load image, compression = zero_init]
                  20005a50    00000010     (__TI_cinit_table)

.data      0    20017000    00000044     UNINITIALIZED
                  20017000    00000024     main.obj (.data)
                  20017024    00000014     gpio_if.obj (.data:ulReg)
                  20017038    0000000c     gpio_if.obj (.data)

.bss       0    20017044    00000003     UNINITIALIZED
                  20017044    00000001     (.common:g_ucLED1Pin)
                  20017045    00000001     (.common:g_ucLED2Pin)
                  20017046    00000001     (.common:g_ucLED3Pin)

.stack     0    2002f800    00000800     UNINITIALIZED
                  2002f800    00000004     rtsv7M4_T_le_v4SPD16_eabi.lib : boot_cortex_m.c.obj (.stack)
                  2002f804    000007fc     --HOLE--

MODULE SUMMARY

       Module                       code   ro data   rw data
       ------                       ----   -------   -------
    .\
       startup_ccs.obj              14     1024      0      
       gpio_if.obj                  920    0         35     
       main.obj                     644    0         36     
       timer_if.obj                 408    0         0      
       pinmux.obj                   84     0         0      
    +--+----------------------------+------+---------+---------+
       Total:                       2070   1024      71     
                                                            
    C:/ti/CC3200SDK_1.3.0/cc3200-sdk/driverlib/ccs/Release/driverlib.a
       interrupt.obj                520    340       0      
       prcm.obj                     652    168       0      
       timer.obj                    552    0         0      
       pin.obj                      248    256       0      
       gpio.obj                     388    0         0      
       cpu.obj                      20     0         0      
       utils.obj                    6      0         0      
    +--+----------------------------+------+---------+---------+
       Total:                       2386   764       0      
                                                            
    C:\ti\ccsv8\tools\compiler\ti-cgt-arm_18.1.3.LTS\lib\rtsv7M4_T_le_v4SPD16_eabi.lib
       memcpy_t2.asm.obj            156    0         0      
       copy_decompress_lzss.c.obj   104    0         0      
       autoinit.c.obj               68     0         0      
       boot_cortex_m.c.obj          56     0         0      
       copy_zero_init.c.obj         18     0         0      
       copy_decompress_none.c.obj   14     0         0      
       exit.c.obj                   4      0         0      
       pre_init.c.obj               4      0         0      
    +--+----------------------------+------+---------+---------+
       Total:                       424    0         0      
                                                            
       Stack:                       0      0         2048   
       Linker Generated:            0      79        0      
    +--+----------------------------+------+---------+---------+
       Grand Total:                 4880   1867      2119   


LINKER GENERATED COPY TABLES

__TI_cinit_table @ 20005a50 records: 2, size/record: 8, table size: 16
	.data: load addr=20005a10, load size=0000002b bytes, run addr=20017000, run size=00000044 bytes, compression=lzss
	.bss: load addr=20005a48, load size=00000008 bytes, run addr=20017044, run size=00000003 bytes, compression=zero_init


LINKER GENERATED HANDLER TABLE

__TI_handler_table @ 20005a3c records: 3, size/record: 4, table size: 12
	index: 0, handler: __TI_decompress_lzss
	index: 1, handler: __TI_decompress_none
	index: 2, handler: __TI_zero_init


GLOBAL SYMBOLS: SORTED ALPHABETICALLY BY Name 

address   name                          
-------   ----                          
20005711  C$$EXIT                       
2000567f  CPUcpsie                      
200053e9  GPIODirModeSet                
20005693  GPIOIntClear                  
200055f1  GPIOIntEnable                 
2000555d  GPIOIntRegister               
20004fa1  GPIOIntTypeSet                
2000560b  GPIOPinRead                   
2000551d  GPIOPinWrite                  
200046c1  GPIO_IF_ConfigureNIntEnable   
2000474d  GPIO_IF_Get                   
2000467b  GPIO_IF_GetPortNPin           
2000443d  GPIO_IF_LedConfigure          
2000452f  GPIO_IF_LedOff                
2000447b  GPIO_IF_LedOn                 
200045e3  GPIO_IF_LedStatus             
2000464d  GPIO_IF_LedToggle             
20004709  GPIO_IF_Set                   
20017020  Grip                          
20004d2d  IntDisable                    
20004dd5  IntEnable                     
200056fd  IntMasterEnable               
200051bd  IntPrioritySet                
2000553d  IntRegister                   
200054f9  IntUnregister                 
200056a9  IntVTableBaseSet              
20004867  LEDSetUp                      
2001701c  LeftRight                     
20004bb5  PRCMCC3200MCUInit             
20005653  PRCMHIBRegRead                
20005669  PRCMHIBRegWrite               
200054d1  PRCMPeripheralClkDisable      
20005375  PRCMPeripheralClkEnable       
20005165  PRCMPeripheralReset           
20005451  PRCMSysResetCauseGet          
20004f19  PinConfigSet                  
20005335  PinModeSet                    
20005211  PinMuxConfig                  
2000541f  PinTypeGPIO                   
200056ef  ResetISR                      
200052ad  TimerConfigure                
2000557b  TimerDisable                  
20005599  TimerEnable                   
200056bd  TimerIntClear                 
20005623  TimerIntDisable               
2000563b  TimerIntEnable                
20005025  TimerIntRegister              
20004877  TimerIntSetUp                 
200055b7  TimerIntStatus                
20005095  TimerIntUnregister            
2000547d  TimerLoadSet                  
200054a7  TimerPrescaleSet              
200055d5  TimerValueGet                 
20004b63  Timer_IF_DeInit               
20004b95  Timer_IF_GetCount             
20004a9d  Timer_IF_Init                 
20004acf  Timer_IF_IntSetup             
20004b1b  Timer_IF_InterruptClear       
20004b7d  Timer_IF_ReLoad               
20004b33  Timer_IF_Start                
20004b53  Timer_IF_Stop                 
20017018  UpDown                        
20005707  UtilsDelay                    
20030000  __STACK_END                   
00000800  __STACK_SIZE                  
20005a50  __TI_CINIT_Base               
20005a60  __TI_CINIT_Limit              
20005a3c  __TI_Handler_Table_Base       
20005a48  __TI_Handler_Table_Limit      
200052f1  __TI_auto_init_nobinit_nopinit
200050fd  __TI_decompress_lzss          
200056e1  __TI_decompress_none          
ffffffff  __TI_pprof_out_hndl           
ffffffff  __TI_prof_data_size           
ffffffff  __TI_prof_data_start          
20005a10  __TI_static_base__            
200056cf  __TI_zero_init_nomemset       
20004e7d  __aeabi_memcpy                
20004e7d  __aeabi_memcpy4               
20004e7d  __aeabi_memcpy8               
ffffffff  __binit__                     
ffffffff  __c_args__                    
UNDEFED   __mpu_init                    
2002f800  __stack                       
200053b1  _c_int00_noargs               
UNDEFED   _system_post_cinit            
2000570d  _system_pre_init              
20005711  abort                         
ffffffff  binit                         
20017010  counterGRIP                   
20017000  counterHRZT                   
20017008  counterVTC                    
20004000  g_pfnVectors                  
20017044  g_ucLED1Pin                   
20017045  g_ucLED2Pin                   
20017046  g_ucLED3Pin                   
20017038  g_uiLED1Port                  
2001703c  g_uiLED2Port                  
20017040  g_uiLED3Port                  
2000490f  main                          
20004e7d  memcpy                        
20017014  servoLimitGRIP                
20017004  servoLimitHRZT                
2001700c  servoLimitVTC                 


GLOBAL SYMBOLS: SORTED BY Symbol Address 

address   name                          
-------   ----                          
00000800  __STACK_SIZE                  
20004000  g_pfnVectors                  
2000443d  GPIO_IF_LedConfigure          
2000447b  GPIO_IF_LedOn                 
2000452f  GPIO_IF_LedOff                
200045e3  GPIO_IF_LedStatus             
2000464d  GPIO_IF_LedToggle             
2000467b  GPIO_IF_GetPortNPin           
200046c1  GPIO_IF_ConfigureNIntEnable   
20004709  GPIO_IF_Set                   
2000474d  GPIO_IF_Get                   
20004867  LEDSetUp                      
20004877  TimerIntSetUp                 
2000490f  main                          
20004a9d  Timer_IF_Init                 
20004acf  Timer_IF_IntSetup             
20004b1b  Timer_IF_InterruptClear       
20004b33  Timer_IF_Start                
20004b53  Timer_IF_Stop                 
20004b63  Timer_IF_DeInit               
20004b7d  Timer_IF_ReLoad               
20004b95  Timer_IF_GetCount             
20004bb5  PRCMCC3200MCUInit             
20004d2d  IntDisable                    
20004dd5  IntEnable                     
20004e7d  __aeabi_memcpy                
20004e7d  __aeabi_memcpy4               
20004e7d  __aeabi_memcpy8               
20004e7d  memcpy                        
20004f19  PinConfigSet                  
20004fa1  GPIOIntTypeSet                
20005025  TimerIntRegister              
20005095  TimerIntUnregister            
200050fd  __TI_decompress_lzss          
20005165  PRCMPeripheralReset           
200051bd  IntPrioritySet                
20005211  PinMuxConfig                  
200052ad  TimerConfigure                
200052f1  __TI_auto_init_nobinit_nopinit
20005335  PinModeSet                    
20005375  PRCMPeripheralClkEnable       
200053b1  _c_int00_noargs               
200053e9  GPIODirModeSet                
2000541f  PinTypeGPIO                   
20005451  PRCMSysResetCauseGet          
2000547d  TimerLoadSet                  
200054a7  TimerPrescaleSet              
200054d1  PRCMPeripheralClkDisable      
200054f9  IntUnregister                 
2000551d  GPIOPinWrite                  
2000553d  IntRegister                   
2000555d  GPIOIntRegister               
2000557b  TimerDisable                  
20005599  TimerEnable                   
200055b7  TimerIntStatus                
200055d5  TimerValueGet                 
200055f1  GPIOIntEnable                 
2000560b  GPIOPinRead                   
20005623  TimerIntDisable               
2000563b  TimerIntEnable                
20005653  PRCMHIBRegRead                
20005669  PRCMHIBRegWrite               
2000567f  CPUcpsie                      
20005693  GPIOIntClear                  
200056a9  IntVTableBaseSet              
200056bd  TimerIntClear                 
200056cf  __TI_zero_init_nomemset       
200056e1  __TI_decompress_none          
200056ef  ResetISR                      
200056fd  IntMasterEnable               
20005707  UtilsDelay                    
2000570d  _system_pre_init              
20005711  C$$EXIT                       
20005711  abort                         
20005a10  __TI_static_base__            
20005a3c  __TI_Handler_Table_Base       
20005a48  __TI_Handler_Table_Limit      
20005a50  __TI_CINIT_Base               
20005a60  __TI_CINIT_Limit              
20017000  counterHRZT                   
20017004  servoLimitHRZT                
20017008  counterVTC                    
2001700c  servoLimitVTC                 
20017010  counterGRIP                   
20017014  servoLimitGRIP                
20017018  UpDown                        
2001701c  LeftRight                     
20017020  Grip                          
20017038  g_uiLED1Port                  
2001703c  g_uiLED2Port                  
20017040  g_uiLED3Port                  
20017044  g_ucLED1Pin                   
20017045  g_ucLED2Pin                   
20017046  g_ucLED3Pin                   
2002f800  __stack                       
20030000  __STACK_END                   
ffffffff  __TI_pprof_out_hndl           
ffffffff  __TI_prof_data_size           
ffffffff  __TI_prof_data_start          
ffffffff  __binit__                     
ffffffff  __c_args__                    
ffffffff  binit                         
UNDEFED   __mpu_init                    
UNDEFED   _system_post_cinit            

[104 symbols]
