******************************************************************************
                  TI ARM Linker PC v18.1.3                     
******************************************************************************
>> Linked Fri Mar 15 16:35:43 2019

OUTPUT FILE NAME:   <GETCombineWorking.out>
ENTRY POINT SYMBOL: "_c_int00_noargs"  address: 2000cb79


MEMORY CONFIGURATION

         name            origin    length      used     unused   attr    fill
----------------------  --------  ---------  --------  --------  ----  --------
  SRAM_CODE             20004000   00013000  00009c88  00009378  RW X
  SRAM_DATA             20017000   00019000  00009af2  0000f50e  RW X


SEGMENT ALLOCATION MAP

run origin  load origin   length   init length attrs members
----------  ----------- ---------- ----------- ----- -------
20004000    20004000    00009c90   00009c90    r-x
  20004000    20004000    00000400   00000400    r-- .intvecs
  20004400    20004400    000091ce   000091ce    r-x .text
  2000d5d0    2000d5d0    00000642   00000642    r-- .const
  2000dc18    2000dc18    00000078   00000078    r-- .cinit
20017000    20017000    00008af4   00000000    rw-
  20017000    20017000    00008000   00000000    rw- .sysmem
  2001f000    2001f000    00000a1a   00000000    rw- .bss
  2001fa1c    2001fa1c    000000d8   00000000    rw- .data
2002f000    2002f000    00001000   00000000    rw-
  2002f000    2002f000    00001000   00000000    rw- .stack


SECTION ALLOCATION MAP

 output                                  attributes/
section   page    origin      length       input sections
--------  ----  ----------  ----------   ----------------
.intvecs   0    20004000    00000400     
                  20004000    00000400     startup_ccs.obj (.intvecs)

.init_array 
*          0    20004000    00000000     UNINITIALIZED

.text      0    20004400    000091ce     
                  20004400    000017d0     main.obj (.text)
                  20005bd0    00000a5e     rtsv7M4_T_le_v4SPD16_eabi.lib : _printfi.c.obj (.text:__TI_printfi)
                  2000662e    00000002     driverlib.a : interrupt.obj (.text:IntDefaultHandler)
                  20006630    00000590     simplelink.a : driver.obj (.text:_SlDrvMsgRead)
                  20006bc0    00000398     gpio_if.obj (.text)
                  20006f58    00000280     uart_if.obj (.text)
                  200071d8    0000027c     simplelink.a : wlan.obj (.text:sl_WlanConnect)
                  20007454    00000270     rtsv7M4_T_le_v4SPD16_eabi.lib : _printfi.c.obj (.text:_pconv_a)
                  200076c4    0000024c     simplelink.a : driver.obj (.text:_SlDrvRxHdrRead)
                  20007910    000001e4                  : driver.obj (.text:_SlDrvDataReadOp)
                  20007af4    000001d0                  : driver.obj (.text:_SlDrvReleasePoolObj)
                  20007cc4    000001d0     rtsv7M4_T_le_v4SPD16_eabi.lib : _printfi.c.obj (.text:_pconv_g)
                  20007e94    000001b6                                   : fd_add_t2.asm.obj (.text)
                  2000804a    00000002                                   : _lock.c.obj (.text:_nop)
                  2000804c    000001b4     simplelink.a : driver.obj (.text:_SlDrvDriverCBInit)
                  20008200    0000019c                  : driver.obj (.text:_SlDrvMsgWrite)
                  2000839c    00000198     timer_if.obj (.text)
                  20008534    00000190     simplelink.a : driver.obj (.text:_SlDrvWaitForPoolObj)
                  200086c4    0000018c                  : socket.obj (.text:sl_Connect)
                  20008850    00000178     driverlib.a : prcm.obj (.text:PRCMCC3200MCUInit)
                  200089c8    00000170     simplelink.a : driver.obj (.text:_SlFindAndSetActiveObj)
                  20008b38    00000150                  : driver.obj (.text:_SlDrvDataWriteOp)
                  20008c88    00000148                  : cc_pal.obj (.text:spi_Open)
                  20008dd0    00000144                  : driver.obj (.text:_SlDrvMsgReadCmdCtx)
                  20008f14    00000144                  : netapp.obj (.text:sl_NetAppDnsGetHostByName)
                  20009058    0000013c     rtsv7M4_T_le_v4SPD16_eabi.lib : _printfi.c.obj (.text:_pconv_e)
                  20009194    00000136                                   : fd_div_t2.asm.obj (.text)
                  200092ca    00000002                                   : div0.asm.obj (.text)
                  200092cc    00000134     simplelink.a : socket.obj (.text:sl_Send)
                  20009400    00000130                  : driver.obj (.text:_SlDrvDriverCBDeinit)
                  20009530    00000120     rtsv7M4_T_le_v4SPD16_eabi.lib : _printfi.c.obj (.text:fcvt)
                  20009650    00000114                                   : memory.c.obj (.text:realloc)
                  20009764    00000110                                   : s_scalbn.c.obj (.text:scalbn)
                  20009874    00000104     simplelink.a : netapp.obj (.text:_SlDrvNetAppEventHandler)
                  20009978    000000fc     rtsv7M4_T_le_v4SPD16_eabi.lib : fd_mul_t2.asm.obj (.text)
                  20009a74    000000f0     simplelink.a : device.obj (.text:sl_Stop)
                  20009b64    000000f0                  : cc_pal.obj (.text:spi_Read)
                  20009c54    000000f0     driverlib.a : udma.obj (.text:uDMAChannelTransferSet)
                  20009d44    000000ec     simplelink.a : device.obj (.text:sl_Start)
                  20009e30    000000e8                  : driver.obj (.text:_SlAsyncEventGenericHandler)
                  20009f18    000000e8                  : driver.obj (.text:_SlDrvMsgReadSpawnCtx)
                  2000a000    000000e4                  : netapp.obj (.text:sl_NetAppMDNSRegisterUnregisterService)
                  2000a0e4    000000dc                  : driver.obj (.text:_SlDrvClassifyRxMsg)
                  2000a1c0    000000d8     rtsv7M4_T_le_v4SPD16_eabi.lib : memory.c.obj (.text:free)
                  2000a298    000000cc     simplelink.a : netapp.obj (.text:_sl_HandleAsync_DnsGetHostByService)
                  2000a364    000000cc                  : device.obj (.text:sl_DevGet)
                  2000a430    000000c4                  : driver.obj (.text:_SlRemoveFromList)
                  2000a4f4    000000c0                  : driver.obj (.text:_SlDrvCmdOp)
                  2000a5b4    000000b1     rtsv7M4_T_le_v4SPD16_eabi.lib : _printfi.c.obj (.text:_ltostr)
                  2000a665    00000003     --HOLE-- [fill = 0]
                  2000a668    000000b0     simplelink.a : nonos.obj (.text:_SlNonOsSemGet)
                  2000a718    000000a8     driverlib.a : interrupt.obj (.text:IntDisable)
                  2000a7c0    000000a8                 : interrupt.obj (.text:IntEnable)
                  2000a868    000000a4     simplelink.a : driver.obj (.text:_SlDriverHandleError)
                  2000a90c    000000a0     driverlib.a : spi.obj (.text:SPIConfigSetExpClk)
                  2000a9ac    000000a0     simplelink.a : socket.obj (.text:sl_Recv)
                  2000aa4c    0000009c     rtsv7M4_T_le_v4SPD16_eabi.lib : memcpy_t2.asm.obj (.text)
                  2000aae8    0000009a     simplelink.a : device.obj (.text:_SlDrvDeviceEventHandler)
                  2000ab82    00000002     --HOLE-- [fill = 0]
                  2000ab84    00000098                  : device.obj (.text:sl_DevSet)
                  2000ac1c    00000098                  : netcfg.obj (.text:sl_NetCfgSet)
                  2000acb4    00000098                  : socket.obj (.text:sl_SetSockOpt)
                  2000ad4c    00000098                  : wlan.obj (.text:sl_WlanSet)
                  2000ade4    00000098                  : cc_pal.obj (.text:spi_Write)
                  2000ae7c    00000096     rtsv7M4_T_le_v4SPD16_eabi.lib : ull_div_t2.asm.obj (.text)
                  2000af12    00000002     --HOLE-- [fill = 0]
                  2000af14    00000094     driverlib.a : prcm.obj (.text:PRCMPeripheralClockGet)
                  2000afa8    00000090     simplelink.a : netapp.obj (.text:_sl_HandleAsync_DnsGetHostByName)
                  2000b038    00000090                  : netapp.obj (.text:_sl_HandleAsync_PingResponse)
                  2000b0c8    00000090                  : wlan.obj (.text:sl_WlanPolicySet)
                  2000b158    0000008c                  : cc_pal.obj (.text:SetupDMAReceive)
                  2000b1e4    0000008c                  : cc_pal.obj (.text:SetupDMASend)
                  2000b270    0000008c                  : driver.obj (.text:_SlDrvIsTimeoutExpired)
                  2000b2fc    0000008c                  : device.obj (.text:_sl_HandleAsync_InitComplete)
                  2000b388    0000008c                  : socket.obj (.text:sl_Socket)
                  2000b414    00000088     driverlib.a : pin.obj (.text:PinConfigSet)
                  2000b49c    00000086     rtsv7M4_T_le_v4SPD16_eabi.lib : fd_cmp_t2.asm.obj (.text:__aeabi_cdcmple)
                  2000b522    00000086                                   : fd_cmp_t2.asm.obj (.text:__aeabi_cdrcmple)
                  2000b5a8    00000084     simplelink.a : wlan.obj (.text:sl_WlanRxFilterSet)
                  2000b62c    00000082     driverlib.a : gpio.obj (.text:GPIOIntTypeSet)
                  2000b6ae    00000002     --HOLE-- [fill = 0]
                  2000b6b0    00000080     simplelink.a : socket.obj (.text:_sl_HandleAsync_Connect)
                  2000b730    00000080                  : cc_pal.obj (.text:spi_Read_CPU)
                  2000b7b0    00000080                  : cc_pal.obj (.text:spi_Write_CPU)
                  2000b830    0000007a     rtsv7M4_T_le_v4SPD16_eabi.lib : memset_t2.asm.obj (.text)
                  2000b8aa    00000002     --HOLE-- [fill = 0]
                  2000b8ac    00000078                                   : memory.c.obj (.text:malloc)
                  2000b924    00000078     simplelink.a : cc_pal.obj (.text:spi_Close)
                  2000b99c    00000076     driverlib.a : uart.obj (.text:UARTConfigSetExpClk)
                  2000ba12    00000002     --HOLE-- [fill = 0]
                  2000ba14    00000074     simplelink.a : nonos.obj (.text:_SlNonOsMainLoopTask)
                  2000ba88    00000070     driverlib.a : timer.obj (.text:TimerIntRegister)
                  2000baf8    0000006e     rtsv7M4_T_le_v4SPD16_eabi.lib : _printfi.c.obj (.text:_mcpy)
                  2000bb66    00000002     --HOLE-- [fill = 0]
                  2000bb68    0000006c     simplelink.a : driver.obj (.text:_SlDrvCmdSend)
                  2000bbd4    0000006c                  : netapp.obj (.text:_sl_NetAppSendTokenValue)
                  2000bc40    00000068     driverlib.a : timer.obj (.text:TimerIntUnregister)
                  2000bca8    00000068     rtsv7M4_T_le_v4SPD16_eabi.lib : copy_decompress_lzss.c.obj (.text:decompress:lzss:__TI_decompress_lzss)
                  2000bd10    00000064     simplelink.a : nonos.obj (.text:_SlNonOsSpawn)
                  2000bd74    00000064                  : socket.obj (.text:_sl_HandleAsync_Accept)
                  2000bdd8    00000064     rtsv7M4_T_le_v4SPD16_eabi.lib : s_frexp.c.obj (.text:frexp)
                  2000be3c    00000064     simplelink.a : netapp.obj (.text:sl_NetAppMDNSUnRegisterService)
                  2000bea0    00000064     driverlib.a : udma.obj (.text:uDMAChannelAttributeDisable)
                  2000bf04    00000064                 : udma.obj (.text:uDMAChannelAttributeEnable)
                  2000bf68    00000060     simplelink.a : socket.obj (.text:sl_Close)
                  2000bfc8    00000060                  : wlan.obj (.text:sl_WlanProfileDel)
                  2000c028    00000060                  : wlan.obj (.text:sl_WlanSetMode)
                  2000c088    00000058     driverlib.a : interrupt.obj (.text:IntPendClear)
                  2000c0e0    00000058                 : prcm.obj (.text:PRCMPeripheralReset)
                  2000c138    00000058     pinmux.obj (.text)
                  2000c190    00000056     rtsv7M4_T_le_v4SPD16_eabi.lib : _printfi.c.obj (.text:_pconv_f)
                  2000c1e6    00000002     --HOLE-- [fill = 0]
                  2000c1e8    00000054     driverlib.a : interrupt.obj (.text:IntPrioritySet)
                  2000c23c    00000054     simplelink.a : driver.obj (.text:_SlDrvRxIrqHandler)
                  2000c290    00000054                  : socket.obj (.text:_sl_HandleAsync_Select)
                  2000c2e4    00000054     rtsv7M4_T_le_v4SPD16_eabi.lib : ltoa.c.obj (.text:ltoa)
                  2000c338    00000052                                   : _printfi.c.obj (.text:_ecpy)
                  2000c38a    00000002     --HOLE-- [fill = 0]
                  2000c38c    00000050     simplelink.a : device.obj (.text:_sl_HandleAsync_Stop)
                  2000c3dc    0000004c     driverlib.a : spi.obj (.text:SPIIntEnable)
                  2000c428    0000004c                 : spi.obj (.text:SPIIntNumberGet)
                  2000c474    0000004c     simplelink.a : driver.obj (.text:_SlDrvProtectAsyncRespSetting)
                  2000c4c0    0000004c                  : socket.obj (.text:_sl_BuildAddress)
                  2000c50c    0000004c     rtsv7M4_T_le_v4SPD16_eabi.lib : atoi.c.obj (.text:atoi)
                  2000c558    0000004c     driverlib.a : udma.obj (.text:uDMAChannelAssign)
                  2000c5a4    00000048                 : gpio.obj (.text:GPIOGetIntNumber)
                  2000c5ec    00000048                 : spi.obj (.text:SPIIntClear)
                  2000c634    00000048     simplelink.a : driver.obj (.text:_SlDrvBasicCmd)
                  2000c67c    00000048     rtsv7M4_T_le_v4SPD16_eabi.lib : fd_toi_t2.asm.obj (.text)
                  2000c6c4    00000044     driverlib.a : spi.obj (.text:SPIDmaMaskGet)
                  2000c708    00000044                 : timer.obj (.text:TimerConfigure)
                  2000c74c    00000044     simplelink.a : driver.obj (.text:_SlDrvSyncObjWaitTimeout)
                  2000c790    00000044     rtsv7M4_T_le_v4SPD16_eabi.lib : autoinit.c.obj (.text:__TI_auto_init_nobinit_nopinit:__TI_auto_init_nobinit_nopinit)
                  2000c7d4    00000044     simplelink.a : cc_pal.obj (.text:cc_SetupTransfer)
                  2000c818    00000042                  : socket.obj (.text:sl_Htonl)
                  2000c85a    00000002     --HOLE-- [fill = 0]
                  2000c85c    00000040     driverlib.a : pin.obj (.text:PinModeSet)
                  2000c89c    00000040     simplelink.a : socket.obj (.text:_sl_TruncatePayloadByProtocol)
                  2000c8dc    00000040     rtsv7M4_T_le_v4SPD16_eabi.lib : strtok.c.obj (.text:strtok)
                  2000c91c    00000040                                   : vsnprintf.c.obj (.text:vsnprintf)
                  2000c95c    0000003e     simplelink.a : cc_pal.obj (.text:NwpRegisterInterruptHandler)
                  2000c99a    0000003e     rtsv7M4_T_le_v4SPD16_eabi.lib : _printfi.c.obj (.text:_fcpy)
                  2000c9d8    0000003c     simplelink.a : netapp.obj (.text:CopyPingResultsToReport)
                  2000ca14    0000003c     driverlib.a : prcm.obj (.text:PRCMPeripheralClkEnable)
                  2000ca50    0000003c     rtsv7M4_T_le_v4SPD16_eabi.lib : memory.c.obj (.text:minsert)
                  2000ca8c    0000003c     simplelink.a : cc_pal.obj (.text:simplelink_timerA2_start)
                  2000cac8    0000003c                  : socket.obj (.text:sl_Htons)
                  2000cb04    0000003c     driverlib.a : udma.obj (.text:uDMAChannelControlSet)
                  2000cb40    00000038     simplelink.a : cc_pal.obj (.text:NwpPowerOff)
                  2000cb78    00000038     rtsv7M4_T_le_v4SPD16_eabi.lib : boot_cortex_m.c.obj (.text:_c_int00_noargs:_c_int00_noargs)
                  2000cbb0    00000038                                   : memory.c.obj (.text:minit)
                  2000cbe8    00000038     simplelink.a : wlan.obj (.text:sl_WlanDisconnect)
                  2000cc20    00000036     driverlib.a : gpio.obj (.text:GPIODirModeSet)
                  2000cc56    00000002     --HOLE-- [fill = 0]
                  2000cc58    00000034                 : prcm.obj (.text:PRCMPeripheralStatusGet)
                  2000cc8c    00000034                 : spi.obj (.text:SPIFIFOLevelSet)
                  2000ccc0    00000030                 : pin.obj (.text:PinTypeGPIO)
                  2000ccf0    00000030                 : uart.obj (.text:UARTDisable)
                  2000cd20    00000030     rtsv7M4_T_le_v4SPD16_eabi.lib : vsnprintf.c.obj (.text:_outs)
                  2000cd50    0000002e                                   : i_tofd_t2.asm.obj (.text)
                  2000cd7e    00000002     --HOLE-- [fill = 0]
                  2000cd80    0000002c     simplelink.a : cc_pal.obj (.text:NwpPowerOn)
                  2000cdac    0000002c     driverlib.a : prcm.obj (.text:PRCMSysResetCauseGet)
                  2000cdd8    0000002c     simplelink.a : driver.obj (.text:_SlDrvObjGlobalLockWaitForever)
                  2000ce04    0000002c                  : driver.obj (.text:_SlDrvProtectionObjLockWaitForever)
                  2000ce30    0000002a     driverlib.a : timer.obj (.text:TimerLoadSet)
                  2000ce5a    0000002a                 : timer.obj (.text:TimerPrescaleSet)
                  2000ce84    0000002a     rtsv7M4_T_le_v4SPD16_eabi.lib : strspn.c.obj (.text:strspn)
                  2000ceae    00000002     --HOLE-- [fill = 0]
                  2000ceb0    00000028     driverlib.a : prcm.obj (.text:PRCMPeripheralClkDisable)
                  2000ced8    00000028     simplelink.a : driver.obj (.text:_SlDrvGlobalObjUnLock)
                  2000cf00    00000028                  : driver.obj (.text:_SlDrvProtectionObjUnLock)
                  2000cf28    00000028                  : driver.obj (.text:_SlDrvSyncObjWaitForever)
                  2000cf50    00000028     rtsv7M4_T_le_v4SPD16_eabi.lib : memory.c.obj (.text:mremove)
                  2000cf78    00000026     simplelink.a : driver.obj (.text:_SlDrvObjLockWaitForever)
                  2000cf9e    00000002     --HOLE-- [fill = 0]
                  2000cfa0    00000024                  : cc_pal.obj (.text:DmaSpiSwIntHandler)
                  2000cfc4    00000024     driverlib.a : interrupt.obj (.text:IntUnregister)
                  2000cfe8    00000024                 : uart.obj (.text:UARTEnable)
                  2000d00c    00000024     rtsv7M4_T_le_v4SPD16_eabi.lib : memmov.c.obj (.text:memmove)
                  2000d030    00000024                                   : strcspn.c.obj (.text:strcspn)
                  2000d054    00000022     driverlib.a : spi.obj (.text:SPIReset)
                  2000d076    00000022                 : spi.obj (.text:SPIWordCountSet)
                  2000d098    00000020                 : gpio.obj (.text:GPIOPinWrite)
                  2000d0b8    00000020                 : interrupt.obj (.text:IntRegister)
                  2000d0d8    00000020     simplelink.a : cc_pal.obj (.text:NwpPrePowerOffTimout0)
                  2000d0f8    00000020                  : cc_pal.obj (.text:TimerGetCurrentTimestamp)
                  2000d118    00000020                  : driver.obj (.text:_SlDrvObjUnLock)
                  2000d138    00000020                  : driver.obj (.text:_SlDrvSyncObjSignal)
                  2000d158    0000001e     driverlib.a : gpio.obj (.text:GPIOIntRegister)
                  2000d176    0000001e                 : timer.obj (.text:TimerDisable)
                  2000d194    0000001e                 : timer.obj (.text:TimerEnable)
                  2000d1b2    0000001e                 : timer.obj (.text:TimerIntStatus)
                  2000d1d0    0000001e                 : uart.obj (.text:UARTCharPut)
                  2000d1ee    0000001e     simplelink.a : cc_pal.obj (.text:cc_UDMAChannelSelect)
                  2000d20c    0000001c     driverlib.a : timer.obj (.text:TimerValueGet)
                  2000d228    0000001c                 : uart.obj (.text:UARTCharGetNonBlocking)
                  2000d244    0000001c     simplelink.a : driver.obj (.text:_SlDrvStartMeasureTimeout)
                  2000d260    0000001c     rtsv7M4_T_le_v4SPD16_eabi.lib : memccpy.c.obj (.text:memccpy)
                  2000d27c    0000001c     driverlib.a : udma.obj (.text:uDMAChannelEnable)
                  2000d298    0000001a                 : gpio.obj (.text:GPIOIntEnable)
                  2000d2b2    0000001a                 : pin.obj (.text:PinTypeUART)
                  2000d2cc    0000001a                 : spi.obj (.text:SPIDmaDisable)
                  2000d2e6    0000001a                 : spi.obj (.text:SPIDmaEnable)
                  2000d300    0000001a                 : spi.obj (.text:SPIFIFODisable)
                  2000d31a    0000001a                 : spi.obj (.text:SPIFIFOEnable)
                  2000d334    0000001a                 : spi.obj (.text:SPIIntUnregister)
                  2000d34e    00000018                 : gpio.obj (.text:GPIOPinRead)
                  2000d366    00000018                 : spi.obj (.text:SPICSDisable)
                  2000d37e    00000018                 : spi.obj (.text:SPICSEnable)
                  2000d396    00000018                 : spi.obj (.text:SPIDisable)
                  2000d3ae    00000018                 : spi.obj (.text:SPIEnable)
                  2000d3c6    00000018                 : timer.obj (.text:TimerIntDisable)
                  2000d3de    00000018                 : timer.obj (.text:TimerIntEnable)
                  2000d3f6    00000018                 : uart.obj (.text:UARTCharsAvail)
                  2000d40e    00000018     simplelink.a : nonos.obj (.text:_SlNonOsSemSet)
                  2000d426    00000018     rtsv7M4_T_le_v4SPD16_eabi.lib : vsnprintf.c.obj (.text:_outc)
                  2000d43e    00000002     --HOLE-- [fill = 0]
                  2000d440    00000018     simplelink.a : device.obj (.text:_sl_GetStartResponseConvert)
                  2000d458    00000016     driverlib.a : prcm.obj (.text:PRCMHIBRegRead)
                  2000d46e    00000016                 : prcm.obj (.text:PRCMHIBRegWrite)
                  2000d484    00000016     simplelink.a : driver.obj (.text:_SlDrvMemZero)
                  2000d49a    00000016     rtsv7M4_T_le_v4SPD16_eabi.lib : strchr.c.obj (.text:strchr)
                  2000d4b0    00000014     driverlib.a : cpu.obj (.text:CPUcpsie)
                  2000d4c4    00000014                 : gpio.obj (.text:GPIOIntClear)
                  2000d4d8    00000014                 : interrupt.obj (.text:IntVTableBaseSet)
                  2000d4ec    00000014     rtsv7M4_T_le_v4SPD16_eabi.lib : s_copysign.c.obj (.text:copysign)
                  2000d500    00000014                                   : strcpy.c.obj (.text:strcpy)
                  2000d514    00000014                                   : strlen.c.obj (.text:strlen)
                  2000d528    00000012     driverlib.a : timer.obj (.text:TimerIntClear)
                  2000d53a    00000012     rtsv7M4_T_le_v4SPD16_eabi.lib : wcslen.c.obj (.text:wcslen)
                  2000d54c    00000010     simplelink.a : driver.obj (.text:_SlDrvDispatchHttpServerEvents)
                  2000d55c    0000000e                  : driver.obj (.text:_SlDrvResetCmdExt)
                  2000d56a    0000000e     rtsv7M4_T_le_v4SPD16_eabi.lib : copy_decompress_none.c.obj (.text:decompress:none:__TI_decompress_none)
                  2000d578    0000000e     startup_ccs.obj (.text)
                  2000d586    00000002     --HOLE-- [fill = 0]
                  2000d588    0000000c     simplelink.a : cc_pal.obj (.text:NwpMaskInterrupt)
                  2000d594    0000000c                  : cc_pal.obj (.text:NwpUnMaskInterrupt)
                  2000d5a0    0000000c     rtsv7M4_T_le_v4SPD16_eabi.lib : copy_zero_init.c.obj (.text:decompress:ZI:__TI_zero_init)
                  2000d5ac    0000000a     driverlib.a : interrupt.obj (.text:IntMasterEnable)
                  2000d5b6    00000002     --HOLE-- [fill = 0]
                  2000d5b8    00000008     rtsv7M4_T_le_v4SPD16_eabi.lib : errno.c.obj (.text:__aeabi_errno_addr)
                  2000d5c0    00000006     driverlib.a : utils.obj (.text:UtilsDelay)
                  2000d5c6    00000004     rtsv7M4_T_le_v4SPD16_eabi.lib : pre_init.c.obj (.text:_system_pre_init)
                  2000d5ca    00000004                                   : exit.c.obj (.text:abort:abort)

.const     0    2000d5d0    00000642     
                  2000d5d0    00000101     rtsv7M4_T_le_v4SPD16_eabi.lib : ctype.c.obj (.const:.string:_ctypes_)
                  2000d6d1    00000003     --HOLE-- [fill = 0]
                  2000d6d4    00000100     driverlib.a : pin.obj (.const:g_ulPinToPadMap)
                  2000d7d4    000000d4                 : interrupt.obj (.const:g_pulRegs)
                  2000d8a8    000000a8                 : prcm.obj (.const:PRCM_PeriphRegsList)
                  2000d950    00000080                 : interrupt.obj (.const)
                  2000d9d0    0000003c     simplelink.a : driver.obj (.const:OpcodeTranslateTable)
                  2000da0c    00000038                  : driver.obj (.const:_SlActionLookupTable)
                  2000da44    00000030     main.obj (.const:.string)
                  2000da74    0000002c     main.obj (.const:$P$T1$2)
                  2000daa0    00000024     driverlib.a : spi.obj (.const:g_ppulSPIIntMap)
                  2000dac4    00000022     main.obj (.const:.string:$P$T0$1)
                  2000dae6    00000002     --HOLE-- [fill = 0]
                  2000dae8    00000020     simplelink.a : driver.obj (.const:RxMsgClassLUT)
                  2000db08    00000018     driverlib.a : spi.obj (.const)
                  2000db20    00000015     main.obj (.const:.string:$P$T6$7)
                  2000db35    00000003     --HOLE-- [fill = 0]
                  2000db38    00000014     simplelink.a : driver.obj (.const:$P$T0$1)
                  2000db4c    00000014                  : nonos.obj (.const:$P$T0$1)
                  2000db60    00000014     main.obj (.const:$P$T2$3)
                  2000db74    00000010     simplelink.a : socket.obj (.const:.string:_SlPayloadByProtocolLUT)
                  2000db84    0000000c     main.obj (.const:$P$T4$5)
                  2000db90    0000000c     main.obj (.const:.string:$P$T3$4)
                  2000db9c    00000009     main.obj (.const:.string:$P$T5$6)
                  2000dba5    00000008     simplelink.a : device.obj (.const:StartResponseLUT)
                  2000dbad    00000003     --HOLE-- [fill = 0]
                  2000dbb0    00000008                  : driver.obj (.const:g_H2NCnysPattern)
                  2000dbb8    00000008                  : driver.obj (.const:g_H2NSyncPattern)
                  2000dbc0    00000005     main.obj (.const:.string:$P$T7$8)
                  2000dbc5    00000001     --HOLE-- [fill = 0]
                  2000dbc6    00000004     simplelink.a : wlan.obj (.const:$P$T0$1)
                  2000dbca    00000004                  : socket.obj (.const:$P$T2$3)
                  2000dbce    00000004                  : device.obj (.const:_SlDeviceGetCmdCtrl)
                  2000dbd2    00000004                  : device.obj (.const:_SlDeviceSetCmdCtrl)
                  2000dbd6    00000004                  : netapp.obj (.const:_SlGetHostByNameCtrl)
                  2000dbda    00000004                  : netapp.obj (.const:_SlNetAppSendTokenValueCmdCtrl)
                  2000dbde    00000004                  : netcfg.obj (.const:_SlNetCfgSetCmdCtrl)
                  2000dbe2    00000004                  : wlan.obj (.const:_SlPolicySetCmdCtrl)
                  2000dbe6    00000004                  : wlan.obj (.const:_SlProfileDelCmdCtrl)
                  2000dbea    00000004                  : socket.obj (.const:_SlRecvCmdCtrl)
                  2000dbee    00000004                  : netapp.obj (.const:_SlRegisterServiceCtrl)
                  2000dbf2    00000004                  : wlan.obj (.const:_SlRxFilterSetCmdCtrl)
                  2000dbf6    00000004                  : socket.obj (.const:_SlSendCmdCtrl)
                  2000dbfa    00000004                  : socket.obj (.const:_SlSetSockOptCmdCtrl)
                  2000dbfe    00000004                  : socket.obj (.const:_SlSockCloseCmdCtrl)
                  2000dc02    00000004                  : socket.obj (.const:_SlSockSocketCmdCtrl)
                  2000dc06    00000004                  : device.obj (.const:_SlStopCmdCtrl)
                  2000dc0a    00000004                  : wlan.obj (.const:_SlWlanCfgSetCmdCtrl)
                  2000dc0e    00000004                  : wlan.obj (.const:_SlWlanSetModeCmdCtrl)

.cinit     0    2000dc18    00000078     
                  2000dc18    00000050     (.cinit..data.load) [load image, compression = lzss]
                  2000dc68    0000000c     (__TI_handler_table)
                  2000dc74    00000004     --HOLE-- [fill = 0]
                  2000dc78    00000008     (.cinit..bss.load) [load image, compression = zero_init]
                  2000dc80    00000010     (__TI_cinit_table)

.sysmem    0    20017000    00008000     UNINITIALIZED
                  20017000    00000008     rtsv7M4_T_le_v4SPD16_eabi.lib : memory.c.obj (.sysmem)
                  20017008    00007ff8     --HOLE--

.bss       0    2001f000    00000a1a     UNINITIALIZED
                  2001f000    00000800     (.common:DataBuff)
                  2001f800    00000168     simplelink.a : driver.obj (.bss:g_StatMem)
                  2001f968    00000050     (.common:g_ucDinDout)
                  2001f9b8    0000002c     (.common:g_time)
                  2001f9e4    00000024     (.common:g_ucConnectionSSID)
                  2001fa08    00000008     (.common:g_ucConnectionBSSID)
                  2001fa10    00000004     uart_if.obj (.bss)
                  2001fa14    00000001     (.common:RxIrqCnt)
                  2001fa15    00000001     (.common:g_bDeviceRestartIsRequired)
                  2001fa16    00000001     (.common:g_cDummy)
                  2001fa17    00000001     (.common:g_ucLED1Pin)
                  2001fa18    00000001     (.common:g_ucLED2Pin)
                  2001fa19    00000001     (.common:g_ucLED3Pin)

.data      0    2001fa1c    000000d8     UNINITIALIZED
                  2001fa1c    00000044     main.obj (.data)
                  2001fa60    0000003c     simplelink.a : nonos.obj (.data:g__SlNonOsCB)
                  2001fa9c    00000014     gpio_if.obj (.data:ulReg)
                  2001fab0    0000000d     simplelink.a : driver.obj (.data)
                  2001fabd    00000003     --HOLE--
                  2001fac0    0000000c     rtsv7M4_T_le_v4SPD16_eabi.lib : memory.c.obj (.data:$O1$$)
                  2001facc    0000000c     gpio_if.obj (.data)
                  2001fad8    00000009     simplelink.a : cc_pal.obj (.data)
                  2001fae1    00000003     --HOLE--
                  2001fae4    00000008     rtsv7M4_T_le_v4SPD16_eabi.lib : _lock.c.obj (.data:$O1$$)
                  2001faec    00000004                                   : errno.c.obj (.data)
                  2001faf0    00000004                                   : strtok.c.obj (.data)

.stack     0    2002f000    00001000     UNINITIALIZED
                  2002f000    00000004     rtsv7M4_T_le_v4SPD16_eabi.lib : boot_cortex_m.c.obj (.stack)
                  2002f004    00000ffc     --HOLE--

MODULE SUMMARY

       Module                       code    ro data   rw data
       ------                       ----    -------   -------
    .\
       main.obj                     6096    205       2204   
       startup_ccs.obj              14      1024      0      
       gpio_if.obj                  920     0         35     
       uart_if.obj                  640     0         4      
       timer_if.obj                 408     0         0      
       pinmux.obj                   88      0         0      
    +--+----------------------------+-------+---------+---------+
       Total:                       8166    1229      2243   
                                                             
    C:/ti/CC3200SDK_1.3.0/cc3200-sdk/driverlib/ccs/Release/driverlib.a
       prcm.obj                     852     168       0      
       interrupt.obj                608     340       0      
       spi.obj                      798     60        0      
       udma.obj                     604     0         0      
       timer.obj                    552     0         0      
       pin.obj                      274     256       0      
       gpio.obj                     388     0         0      
       uart.obj                     284     0         0      
       cpu.obj                      20      0         0      
       utils.obj                    6       0         0      
    +--+----------------------------+-------+---------+---------+
       Total:                       4386    824       0      
                                                             
    C:/ti/CC3200SDK_1.3.0/cc3200-sdk/simplelink/ccs/NON_OS/simplelink.a
       driver.obj                   7714    184       375    
       cc_pal.obj                   1820    0         90     
       socket.obj                   1830    40        0      
       netapp.obj                   1572    12        0      
       wlan.obj                     1312    24        0      
       device.obj                   1230    20        0      
       nonos.obj                    416     20        60     
       netcfg.obj                   152     4         0      
    +--+----------------------------+-------+---------+---------+
       Total:                       16046   304       525    
                                                             
    C:\ti\ccsv8\tools\compiler\ti-cgt-arm_18.1.3.LTS\lib\rtsv7M4_T_le_v4SPD16_eabi.lib
       _printfi.c.obj               4863    0         0      
       memory.c.obj                 768     0         12     
       fd_add_t2.asm.obj            438     0         0      
       fd_div_t2.asm.obj            310     0         0      
       s_scalbn.c.obj               272     0         0      
       fd_cmp_t2.asm.obj            268     0         0      
       ctype.c.obj                  0       257       0      
       fd_mul_t2.asm.obj            252     0         0      
       memcpy_t2.asm.obj            156     0         0      
       ull_div_t2.asm.obj           150     0         0      
       vsnprintf.c.obj              136     0         0      
       memset_t2.asm.obj            122     0         0      
       copy_decompress_lzss.c.obj   104     0         0      
       s_frexp.c.obj                100     0         0      
       ltoa.c.obj                   84      0         0      
       atoi.c.obj                   76      0         0      
       fd_toi_t2.asm.obj            72      0         0      
       autoinit.c.obj               68      0         0      
       strtok.c.obj                 64      0         4      
       boot_cortex_m.c.obj          56      0         0      
       i_tofd_t2.asm.obj            46      0         0      
       strspn.c.obj                 42      0         0      
       memmov.c.obj                 36      0         0      
       strcspn.c.obj                36      0         0      
       memccpy.c.obj                28      0         0      
       strchr.c.obj                 22      0         0      
       s_copysign.c.obj             20      0         0      
       strcpy.c.obj                 20      0         0      
       strlen.c.obj                 20      0         0      
       wcslen.c.obj                 18      0         0      
       copy_decompress_none.c.obj   14      0         0      
       copy_zero_init.c.obj         12      0         0      
       errno.c.obj                  8       0         4      
       _lock.c.obj                  2       0         8      
       exit.c.obj                   4       0         0      
       pre_init.c.obj               4       0         0      
       div0.asm.obj                 2       0         0      
    +--+----------------------------+-------+---------+---------+
       Total:                       8693    257       28     
                                                             
       Heap:                        0       0         32768  
       Stack:                       0       0         4096   
       Linker Generated:            0       116       0      
    +--+----------------------------+-------+---------+---------+
       Grand Total:                 37291   2730      39660  


LINKER GENERATED COPY TABLES

__TI_cinit_table @ 2000dc80 records: 2, size/record: 8, table size: 16
	.data: load addr=2000dc18, load size=00000050 bytes, run addr=2001fa1c, run size=000000d8 bytes, compression=lzss
	.bss: load addr=2000dc78, load size=00000008 bytes, run addr=2001f000, run size=00000a1a bytes, compression=zero_init


LINKER GENERATED HANDLER TABLE

__TI_handler_table @ 2000dc68 records: 3, size/record: 4, table size: 12
	index: 0, handler: __TI_decompress_lzss
	index: 1, handler: __TI_decompress_none
	index: 2, handler: __TI_zero_init


GLOBAL SYMBOLS: SORTED ALPHABETICALLY BY Name 

address   name                                  
-------   ----                                  
2000d5cb  C$$EXIT                               
2000d4b1  CPUcpsie                              
20006f99  ClearTerm                             
2001f000  DataBuff                              
2000cfa1  DmaSpiSwIntHandler                    
20006fa3  Error                                 
2000cc21  GPIODirModeSet                        
2000d4c5  GPIOIntClear                          
2000d299  GPIOIntEnable                         
2000d159  GPIOIntRegister                       
2000b62d  GPIOIntTypeSet                        
2000d34f  GPIOPinRead                           
2000d099  GPIOPinWrite                          
20006e81  GPIO_IF_ConfigureNIntEnable           
20006f0d  GPIO_IF_Get                           
20006e3b  GPIO_IF_GetPortNPin                   
20006bfd  GPIO_IF_LedConfigure                  
20006cef  GPIO_IF_LedOff                        
20006c3b  GPIO_IF_LedOn                         
20006da3  GPIO_IF_LedStatus                     
20006e0d  GPIO_IF_LedToggle                     
20006ec9  GPIO_IF_Set                           
20006fdb  GetCmd                                
2001fa58  Grip                                  
20006f59  InitTerm                              
2000a719  IntDisable                            
2000a7c1  IntEnable                             
2000d5ad  IntMasterEnable                       
2000c089  IntPendClear                          
2000c1e9  IntPrioritySet                        
2000d0b9  IntRegister                           
2000cfc5  IntUnregister                         
2000d4d9  IntVTableBaseSet                      
20004e7b  LEDSetUp                              
2001fa54  LeftRight                             
20006f77  Message                               
2000d589  NwpMaskInterrupt                      
2000cb41  NwpPowerOff                           
2000cd81  NwpPowerOn                            
2000d0d9  NwpPrePowerOffTimout0                 
2000c95d  NwpRegisterInterruptHandler           
2000d595  NwpUnMaskInterrupt                    
2000d9d0  OpcodeTranslateTable                  
20008851  PRCMCC3200MCUInit                     
2000d459  PRCMHIBRegRead                        
2000d46f  PRCMHIBRegWrite                       
2000ceb1  PRCMPeripheralClkDisable              
2000ca15  PRCMPeripheralClkEnable               
2000af15  PRCMPeripheralClockGet                
2000c0e1  PRCMPeripheralReset                   
2000cc59  PRCMPeripheralStatusGet               
2000cdad  PRCMSysResetCauseGet                  
2000b415  PinConfigSet                          
2000c85d  PinModeSet                            
2000c139  PinMuxConfig                          
2000ccc1  PinTypeGPIO                           
2000d2b3  PinTypeUART                           
20007119  Report                                
2000d579  ResetISR                              
2001fa14  RxIrqCnt                              
2000d367  SPICSDisable                          
2000d37f  SPICSEnable                           
2000a90d  SPIConfigSetExpClk                    
2000d397  SPIDisable                            
2000d2cd  SPIDmaDisable                         
2000d2e7  SPIDmaEnable                          
2000d3af  SPIEnable                             
2000d301  SPIFIFODisable                        
2000d31b  SPIFIFOEnable                         
2000cc8d  SPIFIFOLevelSet                       
2000c5ed  SPIIntClear                           
2000c3dd  SPIIntEnable                          
2000d335  SPIIntUnregister                      
2000d055  SPIReset                              
2000d077  SPIWordCountSet                       
200047f1  SimpleLinkGeneralEventHandler         
200047d9  SimpleLinkHttpServerCallback          
20004731  SimpleLinkNetAppEventHandler          
20004811  SimpleLinkSockEventHandler            
20004609  SimpleLinkWlanEventHandler            
2000c709  TimerConfigure                        
2000d177  TimerDisable                          
2000d195  TimerEnable                           
2000d0f9  TimerGetCurrentTimestamp              
2000d529  TimerIntClear                         
2000d3c7  TimerIntDisable                       
2000d3df  TimerIntEnable                        
2000ba89  TimerIntRegister                      
2000454d  TimerIntSetUp                         
2000d1b3  TimerIntStatus                        
2000bc41  TimerIntUnregister                    
2000ce31  TimerLoadSet                          
2000ce5b  TimerPrescaleSet                      
2000d20d  TimerValueGet                         
200084e3  Timer_IF_DeInit                       
20008515  Timer_IF_GetCount                     
2000841d  Timer_IF_Init                         
2000844f  Timer_IF_IntSetup                     
2000849b  Timer_IF_InterruptClear               
200084fd  Timer_IF_ReLoad                       
200084b3  Timer_IF_Start                        
200084d3  Timer_IF_Stop                         
20007081  TrimSpace                             
2000d229  UARTCharGetNonBlocking                
2000d1d1  UARTCharPut                           
2000d3f7  UARTCharsAvail                        
2000b99d  UARTConfigSetExpClk                   
2000ccf1  UARTDisable                           
2000cfe9  UARTEnable                            
2001fa50  UpDown                                
2000d5c1  UtilsDelay                            
2000da0c  _SlActionLookupTable                  
2000a869  _SlDriverHandleError                  
2000c635  _SlDrvBasicCmd                        
2000a4f5  _SlDrvCmdOp                           
2000bb69  _SlDrvCmdSend                         
20007911  _SlDrvDataReadOp                      
20008b39  _SlDrvDataWriteOp                     
2000aae9  _SlDrvDeviceEventHandler              
2000d54d  _SlDrvDispatchHttpServerEvents        
20009401  _SlDrvDriverCBDeinit                  
2000804d  _SlDrvDriverCBInit                    
2000ced9  _SlDrvGlobalObjUnLock                 
2000b271  _SlDrvIsTimeoutExpired                
2000d485  _SlDrvMemZero                         
20009f19  _SlDrvMsgReadSpawnCtx                 
20009875  _SlDrvNetAppEventHandler              
2000cf79  _SlDrvObjLockWaitForever              
2000d119  _SlDrvObjUnLock                       
2000c475  _SlDrvProtectAsyncRespSetting         
2000ce05  _SlDrvProtectionObjLockWaitForever    
2000cf01  _SlDrvProtectionObjUnLock             
20007af5  _SlDrvReleasePoolObj                  
2000d55d  _SlDrvResetCmdExt                     
2000c23d  _SlDrvRxIrqHandler                    
2000d245  _SlDrvStartMeasureTimeout             
2000d139  _SlDrvSyncObjSignal                   
2000cf29  _SlDrvSyncObjWaitForever              
2000c74d  _SlDrvSyncObjWaitTimeout              
20008535  _SlDrvWaitForPoolObj                  
2000dbda  _SlNetAppSendTokenValueCmdCtrl        
2000ba15  _SlNonOsMainLoopTask                  
2000a669  _SlNonOsSemGet                        
2000d40f  _SlNonOsSemSet                        
2000bd11  _SlNonOsSpawn                         
20030000  __STACK_END                           
00001000  __STACK_SIZE                          
00008000  __SYSMEM_SIZE                         
2000dc80  __TI_CINIT_Base                       
2000dc90  __TI_CINIT_Limit                      
2000dc68  __TI_Handler_Table_Base               
2000dc74  __TI_Handler_Table_Limit              
2000c791  __TI_auto_init_nobinit_nopinit        
2000bca9  __TI_decompress_lzss                  
2000d56b  __TI_decompress_none                  
ffffffff  __TI_pprof_out_hndl                   
20005bd1  __TI_printfi                          
ffffffff  __TI_prof_data_size                   
ffffffff  __TI_prof_data_start                  
2000dc18  __TI_static_base__                    
2000d5a1  __TI_zero_init                        
2000b49d  __aeabi_cdcmpeq                       
2000b49d  __aeabi_cdcmple                       
2000b523  __aeabi_cdrcmple                      
2000c67d  __aeabi_d2iz                          
20007e9f  __aeabi_dadd                          
20009195  __aeabi_ddiv                          
20009979  __aeabi_dmul                          
20007e95  __aeabi_dsub                          
2000d5b9  __aeabi_errno_addr                    
2000cd51  __aeabi_i2d                           
200092cb  __aeabi_idiv0                         
200092cb  __aeabi_ldiv0                         
2000b831  __aeabi_memclr                        
2000b831  __aeabi_memclr4                       
2000b831  __aeabi_memclr8                       
2000aa4d  __aeabi_memcpy                        
2000aa4d  __aeabi_memcpy4                       
2000aa4d  __aeabi_memcpy8                       
2000b833  __aeabi_memset                        
2000b833  __aeabi_memset4                       
2000b833  __aeabi_memset8                       
2000ae7d  __aeabi_uldivmod                      
ffffffff  __binit__                             
ffffffff  __c_args__                            
UNDEFED   __mpu_init                            
2002f000  __stack                               
2000cb79  _c_int00_noargs                       
2000d5d0  _ctypes_                              
2001fae4  _lock                                 
2000804b  _nop                                  
2000bd75  _sl_HandleAsync_Accept                
2000b6b1  _sl_HandleAsync_Connect               
2000afa9  _sl_HandleAsync_DnsGetHostByName      
2000a299  _sl_HandleAsync_DnsGetHostByService   
2000b2fd  _sl_HandleAsync_InitComplete          
2000b039  _sl_HandleAsync_PingResponse          
2000c291  _sl_HandleAsync_Select                
2000c38d  _sl_HandleAsync_Stop                  
2000bbd5  _sl_NetAppSendTokenValue              
20017000  _sys_memory                           
UNDEFED   _system_post_cinit                    
2000d5c7  _system_pre_init                      
2001fae8  _unlock                               
2000d5cb  abort                                 
2000c50d  atoi                                  
ffffffff  binit                                 
2000d4ed  copysign                              
2000d4ed  copysignl                             
2001fa48  counterGRIP                           
2001fa38  counterHRZT                           
2001fa40  counterVTC                            
2001fa2c  current_ID                            
2001faec  errno                                 
2000a1c1  free                                  
2000bdd9  frexp                                 
2000bdd9  frexpl                                
2001fa28  g_Host                                
2001fab0  g_SlDeviceStatus                      
2001fad8  g_SpiFd                               
2001fa60  g__SlNonOsCB                          
2001fa15  g_bDeviceRestartIsRequired            
2001fa16  g_cDummy                              
2001fab4  g_pCB                                 
2001fadc  g_pHostIntHdl                         
20004000  g_pfnVectors                          
2001f9b8  g_time                                
2001fa08  g_ucConnectionBSSID                   
2001f9e4  g_ucConnectionSSID                    
2001fae0  g_ucDMAEnabled                        
2001f968  g_ucDinDout                           
2001fa17  g_ucLED1Pin                           
2001fa18  g_ucLED2Pin                           
2001fa19  g_ucLED3Pin                           
2001facc  g_uiLED1Port                          
2001fad0  g_uiLED2Port                          
2001fad4  g_uiLED3Port                          
2001fa24  g_ulGatewayIP                         
2001fa20  g_ulPingPacketsRecv                   
2001fa1c  g_ulStatus                            
2001fa34  id                                    
20009765  ldexp                                 
20009765  ldexpl                                
2000c2e5  ltoa                                  
2000557d  main                                  
2000b8ad  malloc                                
2000d261  memccpy                               
2000aa4d  memcpy                                
2000d00d  memmove                               
2000b839  memset                                
2000cbb1  minit                                 
2001fab8  pPingCallBackFunc                     
2001fa30  previous_ID                           
20004f6d  printErrConvenience                   
20009651  realloc                               
20009765  scalbn                                
20009765  scalbnl                               
2001fa4c  servoLimitGRIP                        
2001fa3c  servoLimitHRZT                        
2001fa44  servoLimitVTC                         
2000ca8d  simplelink_timerA2_start              
2000bf69  sl_Close                              
200086c5  sl_Connect                            
2000a365  sl_DevGet                             
2000ab85  sl_DevSet                             
2000c819  sl_Htonl                              
2000cac9  sl_Htons                              
20008f15  sl_NetAppDnsGetHostByName             
2000a001  sl_NetAppMDNSRegisterUnregisterService
2000be3d  sl_NetAppMDNSUnRegisterService        
2000ac1d  sl_NetCfgSet                          
2000a9ad  sl_Recv                               
200092cd  sl_Send                               
2000acb5  sl_SetSockOpt                         
2000b389  sl_Socket                             
20009d45  sl_Start                              
20009a75  sl_Stop                               
200071d9  sl_WlanConnect                        
2000cbe9  sl_WlanDisconnect                     
2000b0c9  sl_WlanPolicySet                      
2000bfc9  sl_WlanProfileDel                     
2000b5a9  sl_WlanRxFilterSet                    
2000ad4d  sl_WlanSet                            
2000c029  sl_WlanSetMode                        
2000b925  spi_Close                             
20008c89  spi_Open                              
20009b65  spi_Read                              
2000ade5  spi_Write                             
2000d49b  strchr                                
2000d501  strcpy                                
2000d031  strcspn                               
2000d515  strlen                                
2000ce85  strspn                                
2000c8dd  strtok                                
2000c559  uDMAChannelAssign                     
2000bea1  uDMAChannelAttributeDisable           
2000bf05  uDMAChannelAttributeEnable            
2000cb05  uDMAChannelControlSet                 
2000d27d  uDMAChannelEnable                     
20009c55  uDMAChannelTransferSet                
2000c91d  vsnprintf                             
2000d53b  wcslen                                
2001fa5c  weight                                


GLOBAL SYMBOLS: SORTED BY Symbol Address 

address   name                                  
-------   ----                                  
00001000  __STACK_SIZE                          
00008000  __SYSMEM_SIZE                         
20004000  g_pfnVectors                          
2000454d  TimerIntSetUp                         
20004609  SimpleLinkWlanEventHandler            
20004731  SimpleLinkNetAppEventHandler          
200047d9  SimpleLinkHttpServerCallback          
200047f1  SimpleLinkGeneralEventHandler         
20004811  SimpleLinkSockEventHandler            
20004e7b  LEDSetUp                              
20004f6d  printErrConvenience                   
2000557d  main                                  
20005bd1  __TI_printfi                          
20006bfd  GPIO_IF_LedConfigure                  
20006c3b  GPIO_IF_LedOn                         
20006cef  GPIO_IF_LedOff                        
20006da3  GPIO_IF_LedStatus                     
20006e0d  GPIO_IF_LedToggle                     
20006e3b  GPIO_IF_GetPortNPin                   
20006e81  GPIO_IF_ConfigureNIntEnable           
20006ec9  GPIO_IF_Set                           
20006f0d  GPIO_IF_Get                           
20006f59  InitTerm                              
20006f77  Message                               
20006f99  ClearTerm                             
20006fa3  Error                                 
20006fdb  GetCmd                                
20007081  TrimSpace                             
20007119  Report                                
200071d9  sl_WlanConnect                        
20007911  _SlDrvDataReadOp                      
20007af5  _SlDrvReleasePoolObj                  
20007e95  __aeabi_dsub                          
20007e9f  __aeabi_dadd                          
2000804b  _nop                                  
2000804d  _SlDrvDriverCBInit                    
2000841d  Timer_IF_Init                         
2000844f  Timer_IF_IntSetup                     
2000849b  Timer_IF_InterruptClear               
200084b3  Timer_IF_Start                        
200084d3  Timer_IF_Stop                         
200084e3  Timer_IF_DeInit                       
200084fd  Timer_IF_ReLoad                       
20008515  Timer_IF_GetCount                     
20008535  _SlDrvWaitForPoolObj                  
200086c5  sl_Connect                            
20008851  PRCMCC3200MCUInit                     
20008b39  _SlDrvDataWriteOp                     
20008c89  spi_Open                              
20008f15  sl_NetAppDnsGetHostByName             
20009195  __aeabi_ddiv                          
200092cb  __aeabi_idiv0                         
200092cb  __aeabi_ldiv0                         
200092cd  sl_Send                               
20009401  _SlDrvDriverCBDeinit                  
20009651  realloc                               
20009765  ldexp                                 
20009765  ldexpl                                
20009765  scalbn                                
20009765  scalbnl                               
20009875  _SlDrvNetAppEventHandler              
20009979  __aeabi_dmul                          
20009a75  sl_Stop                               
20009b65  spi_Read                              
20009c55  uDMAChannelTransferSet                
20009d45  sl_Start                              
20009f19  _SlDrvMsgReadSpawnCtx                 
2000a001  sl_NetAppMDNSRegisterUnregisterService
2000a1c1  free                                  
2000a299  _sl_HandleAsync_DnsGetHostByService   
2000a365  sl_DevGet                             
2000a4f5  _SlDrvCmdOp                           
2000a669  _SlNonOsSemGet                        
2000a719  IntDisable                            
2000a7c1  IntEnable                             
2000a869  _SlDriverHandleError                  
2000a90d  SPIConfigSetExpClk                    
2000a9ad  sl_Recv                               
2000aa4d  __aeabi_memcpy                        
2000aa4d  __aeabi_memcpy4                       
2000aa4d  __aeabi_memcpy8                       
2000aa4d  memcpy                                
2000aae9  _SlDrvDeviceEventHandler              
2000ab85  sl_DevSet                             
2000ac1d  sl_NetCfgSet                          
2000acb5  sl_SetSockOpt                         
2000ad4d  sl_WlanSet                            
2000ade5  spi_Write                             
2000ae7d  __aeabi_uldivmod                      
2000af15  PRCMPeripheralClockGet                
2000afa9  _sl_HandleAsync_DnsGetHostByName      
2000b039  _sl_HandleAsync_PingResponse          
2000b0c9  sl_WlanPolicySet                      
2000b271  _SlDrvIsTimeoutExpired                
2000b2fd  _sl_HandleAsync_InitComplete          
2000b389  sl_Socket                             
2000b415  PinConfigSet                          
2000b49d  __aeabi_cdcmpeq                       
2000b49d  __aeabi_cdcmple                       
2000b523  __aeabi_cdrcmple                      
2000b5a9  sl_WlanRxFilterSet                    
2000b62d  GPIOIntTypeSet                        
2000b6b1  _sl_HandleAsync_Connect               
2000b831  __aeabi_memclr                        
2000b831  __aeabi_memclr4                       
2000b831  __aeabi_memclr8                       
2000b833  __aeabi_memset                        
2000b833  __aeabi_memset4                       
2000b833  __aeabi_memset8                       
2000b839  memset                                
2000b8ad  malloc                                
2000b925  spi_Close                             
2000b99d  UARTConfigSetExpClk                   
2000ba15  _SlNonOsMainLoopTask                  
2000ba89  TimerIntRegister                      
2000bb69  _SlDrvCmdSend                         
2000bbd5  _sl_NetAppSendTokenValue              
2000bc41  TimerIntUnregister                    
2000bca9  __TI_decompress_lzss                  
2000bd11  _SlNonOsSpawn                         
2000bd75  _sl_HandleAsync_Accept                
2000bdd9  frexp                                 
2000bdd9  frexpl                                
2000be3d  sl_NetAppMDNSUnRegisterService        
2000bea1  uDMAChannelAttributeDisable           
2000bf05  uDMAChannelAttributeEnable            
2000bf69  sl_Close                              
2000bfc9  sl_WlanProfileDel                     
2000c029  sl_WlanSetMode                        
2000c089  IntPendClear                          
2000c0e1  PRCMPeripheralReset                   
2000c139  PinMuxConfig                          
2000c1e9  IntPrioritySet                        
2000c23d  _SlDrvRxIrqHandler                    
2000c291  _sl_HandleAsync_Select                
2000c2e5  ltoa                                  
2000c38d  _sl_HandleAsync_Stop                  
2000c3dd  SPIIntEnable                          
2000c475  _SlDrvProtectAsyncRespSetting         
2000c50d  atoi                                  
2000c559  uDMAChannelAssign                     
2000c5ed  SPIIntClear                           
2000c635  _SlDrvBasicCmd                        
2000c67d  __aeabi_d2iz                          
2000c709  TimerConfigure                        
2000c74d  _SlDrvSyncObjWaitTimeout              
2000c791  __TI_auto_init_nobinit_nopinit        
2000c819  sl_Htonl                              
2000c85d  PinModeSet                            
2000c8dd  strtok                                
2000c91d  vsnprintf                             
2000c95d  NwpRegisterInterruptHandler           
2000ca15  PRCMPeripheralClkEnable               
2000ca8d  simplelink_timerA2_start              
2000cac9  sl_Htons                              
2000cb05  uDMAChannelControlSet                 
2000cb41  NwpPowerOff                           
2000cb79  _c_int00_noargs                       
2000cbb1  minit                                 
2000cbe9  sl_WlanDisconnect                     
2000cc21  GPIODirModeSet                        
2000cc59  PRCMPeripheralStatusGet               
2000cc8d  SPIFIFOLevelSet                       
2000ccc1  PinTypeGPIO                           
2000ccf1  UARTDisable                           
2000cd51  __aeabi_i2d                           
2000cd81  NwpPowerOn                            
2000cdad  PRCMSysResetCauseGet                  
2000ce05  _SlDrvProtectionObjLockWaitForever    
2000ce31  TimerLoadSet                          
2000ce5b  TimerPrescaleSet                      
2000ce85  strspn                                
2000ceb1  PRCMPeripheralClkDisable              
2000ced9  _SlDrvGlobalObjUnLock                 
2000cf01  _SlDrvProtectionObjUnLock             
2000cf29  _SlDrvSyncObjWaitForever              
2000cf79  _SlDrvObjLockWaitForever              
2000cfa1  DmaSpiSwIntHandler                    
2000cfc5  IntUnregister                         
2000cfe9  UARTEnable                            
2000d00d  memmove                               
2000d031  strcspn                               
2000d055  SPIReset                              
2000d077  SPIWordCountSet                       
2000d099  GPIOPinWrite                          
2000d0b9  IntRegister                           
2000d0d9  NwpPrePowerOffTimout0                 
2000d0f9  TimerGetCurrentTimestamp              
2000d119  _SlDrvObjUnLock                       
2000d139  _SlDrvSyncObjSignal                   
2000d159  GPIOIntRegister                       
2000d177  TimerDisable                          
2000d195  TimerEnable                           
2000d1b3  TimerIntStatus                        
2000d1d1  UARTCharPut                           
2000d20d  TimerValueGet                         
2000d229  UARTCharGetNonBlocking                
2000d245  _SlDrvStartMeasureTimeout             
2000d261  memccpy                               
2000d27d  uDMAChannelEnable                     
2000d299  GPIOIntEnable                         
2000d2b3  PinTypeUART                           
2000d2cd  SPIDmaDisable                         
2000d2e7  SPIDmaEnable                          
2000d301  SPIFIFODisable                        
2000d31b  SPIFIFOEnable                         
2000d335  SPIIntUnregister                      
2000d34f  GPIOPinRead                           
2000d367  SPICSDisable                          
2000d37f  SPICSEnable                           
2000d397  SPIDisable                            
2000d3af  SPIEnable                             
2000d3c7  TimerIntDisable                       
2000d3df  TimerIntEnable                        
2000d3f7  UARTCharsAvail                        
2000d40f  _SlNonOsSemSet                        
2000d459  PRCMHIBRegRead                        
2000d46f  PRCMHIBRegWrite                       
2000d485  _SlDrvMemZero                         
2000d49b  strchr                                
2000d4b1  CPUcpsie                              
2000d4c5  GPIOIntClear                          
2000d4d9  IntVTableBaseSet                      
2000d4ed  copysign                              
2000d4ed  copysignl                             
2000d501  strcpy                                
2000d515  strlen                                
2000d529  TimerIntClear                         
2000d53b  wcslen                                
2000d54d  _SlDrvDispatchHttpServerEvents        
2000d55d  _SlDrvResetCmdExt                     
2000d56b  __TI_decompress_none                  
2000d579  ResetISR                              
2000d589  NwpMaskInterrupt                      
2000d595  NwpUnMaskInterrupt                    
2000d5a1  __TI_zero_init                        
2000d5ad  IntMasterEnable                       
2000d5b9  __aeabi_errno_addr                    
2000d5c1  UtilsDelay                            
2000d5c7  _system_pre_init                      
2000d5cb  C$$EXIT                               
2000d5cb  abort                                 
2000d5d0  _ctypes_                              
2000d9d0  OpcodeTranslateTable                  
2000da0c  _SlActionLookupTable                  
2000dbda  _SlNetAppSendTokenValueCmdCtrl        
2000dc18  __TI_static_base__                    
2000dc68  __TI_Handler_Table_Base               
2000dc74  __TI_Handler_Table_Limit              
2000dc80  __TI_CINIT_Base                       
2000dc90  __TI_CINIT_Limit                      
20017000  _sys_memory                           
2001f000  DataBuff                              
2001f968  g_ucDinDout                           
2001f9b8  g_time                                
2001f9e4  g_ucConnectionSSID                    
2001fa08  g_ucConnectionBSSID                   
2001fa14  RxIrqCnt                              
2001fa15  g_bDeviceRestartIsRequired            
2001fa16  g_cDummy                              
2001fa17  g_ucLED1Pin                           
2001fa18  g_ucLED2Pin                           
2001fa19  g_ucLED3Pin                           
2001fa1c  g_ulStatus                            
2001fa20  g_ulPingPacketsRecv                   
2001fa24  g_ulGatewayIP                         
2001fa28  g_Host                                
2001fa2c  current_ID                            
2001fa30  previous_ID                           
2001fa34  id                                    
2001fa38  counterHRZT                           
2001fa3c  servoLimitHRZT                        
2001fa40  counterVTC                            
2001fa44  servoLimitVTC                         
2001fa48  counterGRIP                           
2001fa4c  servoLimitGRIP                        
2001fa50  UpDown                                
2001fa54  LeftRight                             
2001fa58  Grip                                  
2001fa5c  weight                                
2001fa60  g__SlNonOsCB                          
2001fab0  g_SlDeviceStatus                      
2001fab4  g_pCB                                 
2001fab8  pPingCallBackFunc                     
2001facc  g_uiLED1Port                          
2001fad0  g_uiLED2Port                          
2001fad4  g_uiLED3Port                          
2001fad8  g_SpiFd                               
2001fadc  g_pHostIntHdl                         
2001fae0  g_ucDMAEnabled                        
2001fae4  _lock                                 
2001fae8  _unlock                               
2001faec  errno                                 
2002f000  __stack                               
20030000  __STACK_END                           
ffffffff  __TI_pprof_out_hndl                   
ffffffff  __TI_prof_data_size                   
ffffffff  __TI_prof_data_start                  
ffffffff  __binit__                             
ffffffff  __c_args__                            
ffffffff  binit                                 
UNDEFED   __mpu_init                            
UNDEFED   _system_post_cinit                    

[303 symbols]
