<?xml version="1.0" encoding="ISO-8859-1" ?>
<link_info>
   <banner>TI ARM Linker PC v18.1.3.LTS</banner>
   <copyright>Copyright (c) 1996-2017 Texas Instruments Incorporated</copyright>
   <link_time>0x5c8b3ebe</link_time>
   <link_errors>0x0</link_errors>
   <output_file>withMessageWorking.out</output_file>
   <entry_point>
      <name>_c_int00_noargs</name>
      <address>0x20007b11</address>
   </entry_point>
   <input_file_list>
      <input_file id="fl-2">
         <path>.\</path>
         <kind>object</kind>
         <file>gpio_if.obj</file>
         <name>gpio_if.obj</name>
      </input_file>
      <input_file id="fl-3">
         <path>.\</path>
         <kind>object</kind>
         <file>main.obj</file>
         <name>main.obj</name>
      </input_file>
      <input_file id="fl-4">
         <path>.\</path>
         <kind>object</kind>
         <file>pinmux.obj</file>
         <name>pinmux.obj</name>
      </input_file>
      <input_file id="fl-5">
         <path>.\</path>
         <kind>object</kind>
         <file>startup_ccs.obj</file>
         <name>startup_ccs.obj</name>
      </input_file>
      <input_file id="fl-6">
         <path>.\</path>
         <kind>object</kind>
         <file>timer_if.obj</file>
         <name>timer_if.obj</name>
      </input_file>
      <input_file id="fl-b">
         <kind>object</kind>
         <file>&lt;internal&gt;</file>
         <name>&lt;internal&gt;</name>
      </input_file>
      <input_file id="fl-c1">
         <path>C:\ti\ccsv8\tools\compiler\ti-cgt-arm_18.1.3.LTS\lib\</path>
         <kind>archive</kind>
         <file>rtsv7M4_T_le_v4SPD16_eabi.lib</file>
         <name>copy_zero_init.c.obj</name>
      </input_file>
      <input_file id="fl-c2">
         <path>C:\ti\ccsv8\tools\compiler\ti-cgt-arm_18.1.3.LTS\lib\</path>
         <kind>archive</kind>
         <file>rtsv7M4_T_le_v4SPD16_eabi.lib</file>
         <name>copy_decompress_none.c.obj</name>
      </input_file>
      <input_file id="fl-c3">
         <path>C:\ti\ccsv8\tools\compiler\ti-cgt-arm_18.1.3.LTS\lib\</path>
         <kind>archive</kind>
         <file>rtsv7M4_T_le_v4SPD16_eabi.lib</file>
         <name>copy_decompress_lzss.c.obj</name>
      </input_file>
      <input_file id="fl-c4">
         <path>C:\ti\ccsv8\tools\compiler\ti-cgt-arm_18.1.3.LTS\lib\</path>
         <kind>archive</kind>
         <file>rtsv7M4_T_le_v4SPD16_eabi.lib</file>
         <name>printf.c.obj</name>
      </input_file>
      <input_file id="fl-c5">
         <path>C:\ti\ccsv8\tools\compiler\ti-cgt-arm_18.1.3.LTS\lib\</path>
         <kind>archive</kind>
         <file>rtsv7M4_T_le_v4SPD16_eabi.lib</file>
         <name>boot_cortex_m.c.obj</name>
      </input_file>
      <input_file id="fl-c6">
         <path>C:\ti\ccsv8\tools\compiler\ti-cgt-arm_18.1.3.LTS\lib\</path>
         <kind>archive</kind>
         <file>rtsv7M4_T_le_v4SPD16_eabi.lib</file>
         <name>memset_t2.asm.obj</name>
      </input_file>
      <input_file id="fl-c7">
         <path>C:\ti\ccsv8\tools\compiler\ti-cgt-arm_18.1.3.LTS\lib\</path>
         <kind>archive</kind>
         <file>rtsv7M4_T_le_v4SPD16_eabi.lib</file>
         <name>memcpy_t2.asm.obj</name>
      </input_file>
      <input_file id="fl-c8">
         <path>C:\ti\ccsv8\tools\compiler\ti-cgt-arm_18.1.3.LTS\lib\</path>
         <kind>archive</kind>
         <file>rtsv7M4_T_le_v4SPD16_eabi.lib</file>
         <name>autoinit.c.obj</name>
      </input_file>
      <input_file id="fl-c9">
         <path>C:\ti\ccsv8\tools\compiler\ti-cgt-arm_18.1.3.LTS\lib\</path>
         <kind>archive</kind>
         <file>rtsv7M4_T_le_v4SPD16_eabi.lib</file>
         <name>pre_init.c.obj</name>
      </input_file>
      <input_file id="fl-ca">
         <path>C:\ti\ccsv8\tools\compiler\ti-cgt-arm_18.1.3.LTS\lib\</path>
         <kind>archive</kind>
         <file>rtsv7M4_T_le_v4SPD16_eabi.lib</file>
         <name>cpy_tbl.c.obj</name>
      </input_file>
      <input_file id="fl-cb">
         <path>C:\ti\ccsv8\tools\compiler\ti-cgt-arm_18.1.3.LTS\lib\</path>
         <kind>archive</kind>
         <file>rtsv7M4_T_le_v4SPD16_eabi.lib</file>
         <name>exit.c.obj</name>
      </input_file>
      <input_file id="fl-cc">
         <path>C:\ti\ccsv8\tools\compiler\ti-cgt-arm_18.1.3.LTS\lib\</path>
         <kind>archive</kind>
         <file>rtsv7M4_T_le_v4SPD16_eabi.lib</file>
         <name>_lock.c.obj</name>
      </input_file>
      <input_file id="fl-cd">
         <path>C:\ti\ccsv8\tools\compiler\ti-cgt-arm_18.1.3.LTS\lib\</path>
         <kind>archive</kind>
         <file>rtsv7M4_T_le_v4SPD16_eabi.lib</file>
         <name>_printfi.c.obj</name>
      </input_file>
      <input_file id="fl-ce">
         <path>C:\ti\ccsv8\tools\compiler\ti-cgt-arm_18.1.3.LTS\lib\</path>
         <kind>archive</kind>
         <file>rtsv7M4_T_le_v4SPD16_eabi.lib</file>
         <name>args_main.c.obj</name>
      </input_file>
      <input_file id="fl-cf">
         <path>C:\ti\ccsv8\tools\compiler\ti-cgt-arm_18.1.3.LTS\lib\</path>
         <kind>archive</kind>
         <file>rtsv7M4_T_le_v4SPD16_eabi.lib</file>
         <name>atoi.c.obj</name>
      </input_file>
      <input_file id="fl-d0">
         <path>C:\ti\ccsv8\tools\compiler\ti-cgt-arm_18.1.3.LTS\lib\</path>
         <kind>archive</kind>
         <file>rtsv7M4_T_le_v4SPD16_eabi.lib</file>
         <name>ctype.c.obj</name>
      </input_file>
      <input_file id="fl-d1">
         <path>C:\ti\ccsv8\tools\compiler\ti-cgt-arm_18.1.3.LTS\lib\</path>
         <kind>archive</kind>
         <file>rtsv7M4_T_le_v4SPD16_eabi.lib</file>
         <name>defs.c.obj</name>
      </input_file>
      <input_file id="fl-d2">
         <path>C:\ti\ccsv8\tools\compiler\ti-cgt-arm_18.1.3.LTS\lib\</path>
         <kind>archive</kind>
         <file>rtsv7M4_T_le_v4SPD16_eabi.lib</file>
         <name>fputc.c.obj</name>
      </input_file>
      <input_file id="fl-d3">
         <path>C:\ti\ccsv8\tools\compiler\ti-cgt-arm_18.1.3.LTS\lib\</path>
         <kind>archive</kind>
         <file>rtsv7M4_T_le_v4SPD16_eabi.lib</file>
         <name>fputs.c.obj</name>
      </input_file>
      <input_file id="fl-d4">
         <path>C:\ti\ccsv8\tools\compiler\ti-cgt-arm_18.1.3.LTS\lib\</path>
         <kind>archive</kind>
         <file>rtsv7M4_T_le_v4SPD16_eabi.lib</file>
         <name>ltoa.c.obj</name>
      </input_file>
      <input_file id="fl-d5">
         <path>C:\ti\ccsv8\tools\compiler\ti-cgt-arm_18.1.3.LTS\lib\</path>
         <kind>archive</kind>
         <file>rtsv7M4_T_le_v4SPD16_eabi.lib</file>
         <name>memccpy.c.obj</name>
      </input_file>
      <input_file id="fl-d6">
         <path>C:\ti\ccsv8\tools\compiler\ti-cgt-arm_18.1.3.LTS\lib\</path>
         <kind>archive</kind>
         <file>rtsv7M4_T_le_v4SPD16_eabi.lib</file>
         <name>memchr.c.obj</name>
      </input_file>
      <input_file id="fl-d7">
         <path>C:\ti\ccsv8\tools\compiler\ti-cgt-arm_18.1.3.LTS\lib\</path>
         <kind>archive</kind>
         <file>rtsv7M4_T_le_v4SPD16_eabi.lib</file>
         <name>strchr.c.obj</name>
      </input_file>
      <input_file id="fl-d8">
         <path>C:\ti\ccsv8\tools\compiler\ti-cgt-arm_18.1.3.LTS\lib\</path>
         <kind>archive</kind>
         <file>rtsv7M4_T_le_v4SPD16_eabi.lib</file>
         <name>strlen.c.obj</name>
      </input_file>
      <input_file id="fl-d9">
         <path>C:\ti\ccsv8\tools\compiler\ti-cgt-arm_18.1.3.LTS\lib\</path>
         <kind>archive</kind>
         <file>rtsv7M4_T_le_v4SPD16_eabi.lib</file>
         <name>write.c.obj</name>
      </input_file>
      <input_file id="fl-da">
         <path>C:\ti\ccsv8\tools\compiler\ti-cgt-arm_18.1.3.LTS\lib\</path>
         <kind>archive</kind>
         <file>rtsv7M4_T_le_v4SPD16_eabi.lib</file>
         <name>errno.c.obj</name>
      </input_file>
      <input_file id="fl-db">
         <path>C:\ti\ccsv8\tools\compiler\ti-cgt-arm_18.1.3.LTS\lib\</path>
         <kind>archive</kind>
         <file>rtsv7M4_T_le_v4SPD16_eabi.lib</file>
         <name>s_frexp.c.obj</name>
      </input_file>
      <input_file id="fl-dc">
         <path>C:\ti\ccsv8\tools\compiler\ti-cgt-arm_18.1.3.LTS\lib\</path>
         <kind>archive</kind>
         <file>rtsv7M4_T_le_v4SPD16_eabi.lib</file>
         <name>s_scalbn.c.obj</name>
      </input_file>
      <input_file id="fl-dd">
         <path>C:\ti\ccsv8\tools\compiler\ti-cgt-arm_18.1.3.LTS\lib\</path>
         <kind>archive</kind>
         <file>rtsv7M4_T_le_v4SPD16_eabi.lib</file>
         <name>wcslen.c.obj</name>
      </input_file>
      <input_file id="fl-de">
         <path>C:\ti\ccsv8\tools\compiler\ti-cgt-arm_18.1.3.LTS\lib\</path>
         <kind>archive</kind>
         <file>rtsv7M4_T_le_v4SPD16_eabi.lib</file>
         <name>s_copysign.c.obj</name>
      </input_file>
      <input_file id="fl-df">
         <path>C:\ti\ccsv8\tools\compiler\ti-cgt-arm_18.1.3.LTS\lib\</path>
         <kind>archive</kind>
         <file>rtsv7M4_T_le_v4SPD16_eabi.lib</file>
         <name>ull_div_t2.asm.obj</name>
      </input_file>
      <input_file id="fl-e0">
         <path>C:\ti\ccsv8\tools\compiler\ti-cgt-arm_18.1.3.LTS\lib\</path>
         <kind>archive</kind>
         <file>rtsv7M4_T_le_v4SPD16_eabi.lib</file>
         <name>fd_add_t2.asm.obj</name>
      </input_file>
      <input_file id="fl-e1">
         <path>C:\ti\ccsv8\tools\compiler\ti-cgt-arm_18.1.3.LTS\lib\</path>
         <kind>archive</kind>
         <file>rtsv7M4_T_le_v4SPD16_eabi.lib</file>
         <name>fd_cmp_t2.asm.obj</name>
      </input_file>
      <input_file id="fl-e2">
         <path>C:\ti\ccsv8\tools\compiler\ti-cgt-arm_18.1.3.LTS\lib\</path>
         <kind>archive</kind>
         <file>rtsv7M4_T_le_v4SPD16_eabi.lib</file>
         <name>fd_div_t2.asm.obj</name>
      </input_file>
      <input_file id="fl-e3">
         <path>C:\ti\ccsv8\tools\compiler\ti-cgt-arm_18.1.3.LTS\lib\</path>
         <kind>archive</kind>
         <file>rtsv7M4_T_le_v4SPD16_eabi.lib</file>
         <name>fd_mul_t2.asm.obj</name>
      </input_file>
      <input_file id="fl-e4">
         <path>C:\ti\ccsv8\tools\compiler\ti-cgt-arm_18.1.3.LTS\lib\</path>
         <kind>archive</kind>
         <file>rtsv7M4_T_le_v4SPD16_eabi.lib</file>
         <name>fd_toi_t2.asm.obj</name>
      </input_file>
      <input_file id="fl-e5">
         <path>C:\ti\ccsv8\tools\compiler\ti-cgt-arm_18.1.3.LTS\lib\</path>
         <kind>archive</kind>
         <file>rtsv7M4_T_le_v4SPD16_eabi.lib</file>
         <name>i_tofd_t2.asm.obj</name>
      </input_file>
      <input_file id="fl-e6">
         <path>C:\ti\ccsv8\tools\compiler\ti-cgt-arm_18.1.3.LTS\lib\</path>
         <kind>archive</kind>
         <file>rtsv7M4_T_le_v4SPD16_eabi.lib</file>
         <name>_io_perm.c.obj</name>
      </input_file>
      <input_file id="fl-e7">
         <path>C:\ti\ccsv8\tools\compiler\ti-cgt-arm_18.1.3.LTS\lib\</path>
         <kind>archive</kind>
         <file>rtsv7M4_T_le_v4SPD16_eabi.lib</file>
         <name>fflush.c.obj</name>
      </input_file>
      <input_file id="fl-e8">
         <path>C:\ti\ccsv8\tools\compiler\ti-cgt-arm_18.1.3.LTS\lib\</path>
         <kind>archive</kind>
         <file>rtsv7M4_T_le_v4SPD16_eabi.lib</file>
         <name>fseek.c.obj</name>
      </input_file>
      <input_file id="fl-e9">
         <path>C:\ti\ccsv8\tools\compiler\ti-cgt-arm_18.1.3.LTS\lib\</path>
         <kind>archive</kind>
         <file>rtsv7M4_T_le_v4SPD16_eabi.lib</file>
         <name>lseek.c.obj</name>
      </input_file>
      <input_file id="fl-ea">
         <path>C:\ti\ccsv8\tools\compiler\ti-cgt-arm_18.1.3.LTS\lib\</path>
         <kind>archive</kind>
         <file>rtsv7M4_T_le_v4SPD16_eabi.lib</file>
         <name>setvbuf.c.obj</name>
      </input_file>
      <input_file id="fl-eb">
         <path>C:\ti\ccsv8\tools\compiler\ti-cgt-arm_18.1.3.LTS\lib\</path>
         <kind>archive</kind>
         <file>rtsv7M4_T_le_v4SPD16_eabi.lib</file>
         <name>hostclose.c.obj</name>
      </input_file>
      <input_file id="fl-ec">
         <path>C:\ti\ccsv8\tools\compiler\ti-cgt-arm_18.1.3.LTS\lib\</path>
         <kind>archive</kind>
         <file>rtsv7M4_T_le_v4SPD16_eabi.lib</file>
         <name>hostlseek.c.obj</name>
      </input_file>
      <input_file id="fl-ed">
         <path>C:\ti\ccsv8\tools\compiler\ti-cgt-arm_18.1.3.LTS\lib\</path>
         <kind>archive</kind>
         <file>rtsv7M4_T_le_v4SPD16_eabi.lib</file>
         <name>hostopen.c.obj</name>
      </input_file>
      <input_file id="fl-ee">
         <path>C:\ti\ccsv8\tools\compiler\ti-cgt-arm_18.1.3.LTS\lib\</path>
         <kind>archive</kind>
         <file>rtsv7M4_T_le_v4SPD16_eabi.lib</file>
         <name>hostread.c.obj</name>
      </input_file>
      <input_file id="fl-ef">
         <path>C:\ti\ccsv8\tools\compiler\ti-cgt-arm_18.1.3.LTS\lib\</path>
         <kind>archive</kind>
         <file>rtsv7M4_T_le_v4SPD16_eabi.lib</file>
         <name>hostrename.c.obj</name>
      </input_file>
      <input_file id="fl-f0">
         <path>C:\ti\ccsv8\tools\compiler\ti-cgt-arm_18.1.3.LTS\lib\</path>
         <kind>archive</kind>
         <file>rtsv7M4_T_le_v4SPD16_eabi.lib</file>
         <name>hostunlink.c.obj</name>
      </input_file>
      <input_file id="fl-f1">
         <path>C:\ti\ccsv8\tools\compiler\ti-cgt-arm_18.1.3.LTS\lib\</path>
         <kind>archive</kind>
         <file>rtsv7M4_T_le_v4SPD16_eabi.lib</file>
         <name>hostwrite.c.obj</name>
      </input_file>
      <input_file id="fl-f2">
         <path>C:\ti\ccsv8\tools\compiler\ti-cgt-arm_18.1.3.LTS\lib\</path>
         <kind>archive</kind>
         <file>rtsv7M4_T_le_v4SPD16_eabi.lib</file>
         <name>trgmsg.c.obj</name>
      </input_file>
      <input_file id="fl-f3">
         <path>C:\ti\ccsv8\tools\compiler\ti-cgt-arm_18.1.3.LTS\lib\</path>
         <kind>archive</kind>
         <file>rtsv7M4_T_le_v4SPD16_eabi.lib</file>
         <name>div0.asm.obj</name>
      </input_file>
      <input_file id="fl-f4">
         <path>C:\ti\ccsv8\tools\compiler\ti-cgt-arm_18.1.3.LTS\lib\</path>
         <kind>archive</kind>
         <file>rtsv7M4_T_le_v4SPD16_eabi.lib</file>
         <name>memory.c.obj</name>
      </input_file>
      <input_file id="fl-f5">
         <path>C:\ti\ccsv8\tools\compiler\ti-cgt-arm_18.1.3.LTS\lib\</path>
         <kind>archive</kind>
         <file>rtsv7M4_T_le_v4SPD16_eabi.lib</file>
         <name>fopen.c.obj</name>
      </input_file>
      <input_file id="fl-f6">
         <path>C:\ti\ccsv8\tools\compiler\ti-cgt-arm_18.1.3.LTS\lib\</path>
         <kind>archive</kind>
         <file>rtsv7M4_T_le_v4SPD16_eabi.lib</file>
         <name>open.c.obj</name>
      </input_file>
      <input_file id="fl-f7">
         <path>C:\ti\ccsv8\tools\compiler\ti-cgt-arm_18.1.3.LTS\lib\</path>
         <kind>archive</kind>
         <file>rtsv7M4_T_le_v4SPD16_eabi.lib</file>
         <name>strcpy.c.obj</name>
      </input_file>
      <input_file id="fl-f8">
         <path>C:\ti\ccsv8\tools\compiler\ti-cgt-arm_18.1.3.LTS\lib\</path>
         <kind>archive</kind>
         <file>rtsv7M4_T_le_v4SPD16_eabi.lib</file>
         <name>fclose.c.obj</name>
      </input_file>
      <input_file id="fl-f9">
         <path>C:\ti\ccsv8\tools\compiler\ti-cgt-arm_18.1.3.LTS\lib\</path>
         <kind>archive</kind>
         <file>rtsv7M4_T_le_v4SPD16_eabi.lib</file>
         <name>getdevice.c.obj</name>
      </input_file>
      <input_file id="fl-fa">
         <path>C:\ti\ccsv8\tools\compiler\ti-cgt-arm_18.1.3.LTS\lib\</path>
         <kind>archive</kind>
         <file>rtsv7M4_T_le_v4SPD16_eabi.lib</file>
         <name>remove.c.obj</name>
      </input_file>
      <input_file id="fl-fb">
         <path>C:\ti\ccsv8\tools\compiler\ti-cgt-arm_18.1.3.LTS\lib\</path>
         <kind>archive</kind>
         <file>rtsv7M4_T_le_v4SPD16_eabi.lib</file>
         <name>strcmp.c.obj</name>
      </input_file>
      <input_file id="fl-fc">
         <path>C:\ti\ccsv8\tools\compiler\ti-cgt-arm_18.1.3.LTS\lib\</path>
         <kind>archive</kind>
         <file>rtsv7M4_T_le_v4SPD16_eabi.lib</file>
         <name>strncpy.c.obj</name>
      </input_file>
      <input_file id="fl-fd">
         <path>C:\ti\ccsv8\tools\compiler\ti-cgt-arm_18.1.3.LTS\lib\</path>
         <kind>archive</kind>
         <file>rtsv7M4_T_le_v4SPD16_eabi.lib</file>
         <name>unlink.c.obj</name>
      </input_file>
      <input_file id="fl-fe">
         <path>C:\ti\ccsv8\tools\compiler\ti-cgt-arm_18.1.3.LTS\lib\</path>
         <kind>archive</kind>
         <file>rtsv7M4_T_le_v4SPD16_eabi.lib</file>
         <name>close.c.obj</name>
      </input_file>
      <input_file id="fl-ff">
         <path>C:\ti\CC3200SDK_1.3.0\cc3200-sdk\driverlib\ccs\Release\</path>
         <kind>archive</kind>
         <file>driverlib.a</file>
         <name>adc.obj</name>
      </input_file>
      <input_file id="fl-100">
         <path>C:\ti\CC3200SDK_1.3.0\cc3200-sdk\driverlib\ccs\Release\</path>
         <kind>archive</kind>
         <file>driverlib.a</file>
         <name>gpio.obj</name>
      </input_file>
      <input_file id="fl-101">
         <path>C:\ti\CC3200SDK_1.3.0\cc3200-sdk\driverlib\ccs\Release\</path>
         <kind>archive</kind>
         <file>driverlib.a</file>
         <name>interrupt.obj</name>
      </input_file>
      <input_file id="fl-102">
         <path>C:\ti\CC3200SDK_1.3.0\cc3200-sdk\driverlib\ccs\Release\</path>
         <kind>archive</kind>
         <file>driverlib.a</file>
         <name>pin.obj</name>
      </input_file>
      <input_file id="fl-103">
         <path>C:\ti\CC3200SDK_1.3.0\cc3200-sdk\driverlib\ccs\Release\</path>
         <kind>archive</kind>
         <file>driverlib.a</file>
         <name>prcm.obj</name>
      </input_file>
      <input_file id="fl-104">
         <path>C:\ti\CC3200SDK_1.3.0\cc3200-sdk\driverlib\ccs\Release\</path>
         <kind>archive</kind>
         <file>driverlib.a</file>
         <name>timer.obj</name>
      </input_file>
      <input_file id="fl-105">
         <path>C:\ti\CC3200SDK_1.3.0\cc3200-sdk\driverlib\ccs\Release\</path>
         <kind>archive</kind>
         <file>driverlib.a</file>
         <name>utils.obj</name>
      </input_file>
      <input_file id="fl-106">
         <path>C:\ti\CC3200SDK_1.3.0\cc3200-sdk\driverlib\ccs\Release\</path>
         <kind>archive</kind>
         <file>driverlib.a</file>
         <name>cpu.obj</name>
      </input_file>
      <input_file id="fl-107">
         <path>C:\ti\CC3200SDK_1.3.0\cc3200-sdk\driverlib\ccs\Release\</path>
         <kind>archive</kind>
         <file>driverlib.a</file>
         <name>flash.obj</name>
      </input_file>
   </input_file_list>
   <object_component_list>
      <object_component id="oc-f">
         <name>.intvecs</name>
         <load_address>0x20004000</load_address>
         <run_address>0x20004000</run_address>
         <size>0x400</size>
         <input_file_ref idref="fl-5"/>
      </object_component>
      <object_component id="oc-1b0">
         <name>.text:__TI_printfi</name>
         <load_address>0x20004400</load_address>
         <run_address>0x20004400</run_address>
         <size>0xa5e</size>
         <input_file_ref idref="fl-cd"/>
      </object_component>
      <object_component id="oc-34e">
         <name>.text:IntDefaultHandler</name>
         <load_address>0x20004e5e</load_address>
         <run_address>0x20004e5e</run_address>
         <size>0x2</size>
         <input_file_ref idref="fl-101"/>
      </object_component>
      <object_component id="oc-94">
         <name>.text</name>
         <load_address>0x20004e60</load_address>
         <run_address>0x20004e60</run_address>
         <size>0x478</size>
         <input_file_ref idref="fl-3"/>
      </object_component>
      <object_component id="oc-e0">
         <name>.text</name>
         <load_address>0x200052d8</load_address>
         <run_address>0x200052d8</run_address>
         <size>0x398</size>
         <input_file_ref idref="fl-2"/>
      </object_component>
      <object_component id="oc-2b3">
         <name>.text:_pconv_a</name>
         <load_address>0x20005670</load_address>
         <run_address>0x20005670</run_address>
         <size>0x270</size>
         <input_file_ref idref="fl-cd"/>
      </object_component>
      <object_component id="oc-2a1">
         <name>.text:_pconv_g</name>
         <load_address>0x200058e0</load_address>
         <run_address>0x200058e0</run_address>
         <size>0x1d0</size>
         <input_file_ref idref="fl-cd"/>
      </object_component>
      <object_component id="oc-382">
         <name>.text</name>
         <load_address>0x20005ab0</load_address>
         <run_address>0x20005ab0</run_address>
         <size>0x1b6</size>
         <input_file_ref idref="fl-e0"/>
      </object_component>
      <object_component id="oc-2d7">
         <name>.text:_nop</name>
         <load_address>0x20005c66</load_address>
         <run_address>0x20005c66</run_address>
         <size>0x2</size>
         <input_file_ref idref="fl-cc"/>
      </object_component>
      <object_component id="oc-c2">
         <name>.text</name>
         <load_address>0x20005c68</load_address>
         <run_address>0x20005c68</run_address>
         <size>0x198</size>
         <input_file_ref idref="fl-6"/>
      </object_component>
      <object_component id="oc-13e">
         <name>.text:PRCMCC3200MCUInit</name>
         <load_address>0x20005e00</load_address>
         <run_address>0x20005e00</run_address>
         <size>0x178</size>
         <input_file_ref idref="fl-103"/>
      </object_component>
      <object_component id="oc-2ad">
         <name>.text:_pconv_e</name>
         <load_address>0x20005f78</load_address>
         <run_address>0x20005f78</run_address>
         <size>0x13c</size>
         <input_file_ref idref="fl-cd"/>
      </object_component>
      <object_component id="oc-368">
         <name>.text</name>
         <load_address>0x200060b4</load_address>
         <run_address>0x200060b4</run_address>
         <size>0x136</size>
         <input_file_ref idref="fl-e2"/>
      </object_component>
      <object_component id="oc-413">
         <name>.text</name>
         <load_address>0x200061ea</load_address>
         <run_address>0x200061ea</run_address>
         <size>0x2</size>
         <input_file_ref idref="fl-f3"/>
      </object_component>
      <object_component id="oc-394">
         <name>.text:fcvt</name>
         <load_address>0x200061ec</load_address>
         <run_address>0x200061ec</run_address>
         <size>0x120</size>
         <input_file_ref idref="fl-cd"/>
      </object_component>
      <object_component id="oc-2e5">
         <name>.text:fputs</name>
         <load_address>0x2000630c</load_address>
         <run_address>0x2000630c</run_address>
         <size>0x114</size>
         <input_file_ref idref="fl-d3"/>
      </object_component>
      <object_component id="oc-3a8">
         <name>.text:scalbn</name>
         <load_address>0x20006420</load_address>
         <run_address>0x20006420</run_address>
         <size>0x110</size>
         <input_file_ref idref="fl-dc"/>
      </object_component>
      <object_component id="oc-363">
         <name>.text</name>
         <load_address>0x20006530</load_address>
         <run_address>0x20006530</run_address>
         <size>0xfc</size>
         <input_file_ref idref="fl-e3"/>
      </object_component>
      <object_component id="oc-44e">
         <name>.text:setvbuf</name>
         <load_address>0x2000662c</load_address>
         <run_address>0x2000662c</run_address>
         <size>0xdc</size>
         <input_file_ref idref="fl-ea"/>
      </object_component>
      <object_component id="oc-47f">
         <name>.text:free</name>
         <load_address>0x20006708</load_address>
         <run_address>0x20006708</run_address>
         <size>0xd8</size>
         <input_file_ref idref="fl-f4"/>
      </object_component>
      <object_component id="oc-296">
         <name>.text:_ltostr</name>
         <load_address>0x200067e0</load_address>
         <run_address>0x200067e0</run_address>
         <size>0xb1</size>
         <input_file_ref idref="fl-cd"/>
      </object_component>
      <object_component id="oc-27a">
         <name>.text:IntDisable</name>
         <load_address>0x20006894</load_address>
         <run_address>0x20006894</run_address>
         <size>0xa8</size>
         <input_file_ref idref="fl-101"/>
      </object_component>
      <object_component id="oc-138">
         <name>.text:IntEnable</name>
         <load_address>0x2000693c</load_address>
         <run_address>0x2000693c</run_address>
         <size>0xa8</size>
         <input_file_ref idref="fl-101"/>
      </object_component>
      <object_component id="oc-3a">
         <name>.text</name>
         <load_address>0x200069e4</load_address>
         <run_address>0x200069e4</run_address>
         <size>0x9c</size>
         <input_file_ref idref="fl-c7"/>
      </object_component>
      <object_component id="oc-147">
         <name>.text</name>
         <load_address>0x20006a80</load_address>
         <run_address>0x20006a80</run_address>
         <size>0x98</size>
         <input_file_ref idref="fl-4"/>
      </object_component>
      <object_component id="oc-35c">
         <name>.text</name>
         <load_address>0x20006b18</load_address>
         <run_address>0x20006b18</run_address>
         <size>0x96</size>
         <input_file_ref idref="fl-df"/>
      </object_component>
      <object_component id="oc-2ec">
         <name>.text:fputc</name>
         <load_address>0x20006bb0</load_address>
         <run_address>0x20006bb0</run_address>
         <size>0x8c</size>
         <input_file_ref idref="fl-d2"/>
      </object_component>
      <object_component id="oc-325">
         <name>.text:PinConfigSet</name>
         <load_address>0x20006c3c</load_address>
         <run_address>0x20006c3c</run_address>
         <size>0x88</size>
         <input_file_ref idref="fl-102"/>
      </object_component>
      <object_component id="oc-29c">
         <name>.text:__aeabi_cdcmple</name>
         <load_address>0x20006cc4</load_address>
         <run_address>0x20006cc4</run_address>
         <size>0x86</size>
         <input_file_ref idref="fl-e1"/>
      </object_component>
      <object_component id="oc-36d">
         <name>.text:__aeabi_cdrcmple</name>
         <load_address>0x20006d4a</load_address>
         <run_address>0x20006d4a</run_address>
         <size>0x86</size>
         <input_file_ref idref="fl-e1"/>
      </object_component>
      <object_component id="oc-1d1">
         <name>.text:GPIOIntTypeSet</name>
         <load_address>0x20006dd0</load_address>
         <run_address>0x20006dd0</run_address>
         <size>0x82</size>
         <input_file_ref idref="fl-100"/>
      </object_component>
      <object_component id="oc-88">
         <name>.text</name>
         <load_address>0x20006e52</load_address>
         <run_address>0x20006e52</run_address>
         <size>0x7a</size>
         <input_file_ref idref="fl-c6"/>
      </object_component>
      <object_component id="oc-485">
         <name>.text:malloc</name>
         <load_address>0x20006ecc</load_address>
         <run_address>0x20006ecc</run_address>
         <size>0x78</size>
         <input_file_ref idref="fl-f4"/>
      </object_component>
      <object_component id="oc-4cc">
         <name>.text:__TI_closefile</name>
         <load_address>0x20006f44</load_address>
         <run_address>0x20006f44</run_address>
         <size>0x74</size>
         <input_file_ref idref="fl-f8"/>
      </object_component>
      <object_component id="oc-10e">
         <name>.text:TimerIntRegister</name>
         <load_address>0x20006fb8</load_address>
         <run_address>0x20006fb8</run_address>
         <size>0x70</size>
         <input_file_ref idref="fl-104"/>
      </object_component>
      <object_component id="oc-38d">
         <name>.text:_mcpy</name>
         <load_address>0x20007028</load_address>
         <run_address>0x20007028</run_address>
         <size>0x6e</size>
         <input_file_ref idref="fl-cd"/>
      </object_component>
      <object_component id="oc-4f0">
         <name>.text:HOSTlseek</name>
         <load_address>0x20007098</load_address>
         <run_address>0x20007098</run_address>
         <size>0x68</size>
         <input_file_ref idref="fl-ec"/>
      </object_component>
      <object_component id="oc-4fc">
         <name>.text:HOSTrename</name>
         <load_address>0x20007100</load_address>
         <run_address>0x20007100</run_address>
         <size>0x68</size>
         <input_file_ref idref="fl-ef"/>
      </object_component>
      <object_component id="oc-1a1">
         <name>.text:TimerIntUnregister</name>
         <load_address>0x20007168</load_address>
         <run_address>0x20007168</run_address>
         <size>0x68</size>
         <input_file_ref idref="fl-104"/>
      </object_component>
      <object_component id="oc-12">
         <name>.text:decompress:lzss:__TI_decompress_lzss</name>
         <load_address>0x200071d0</load_address>
         <run_address>0x200071d0</run_address>
         <size>0x68</size>
         <input_file_ref idref="fl-c3"/>
      </object_component>
      <object_component id="oc-ce">
         <name>.text:printf</name>
         <load_address>0x20007238</load_address>
         <run_address>0x20007238</run_address>
         <size>0x68</size>
         <input_file_ref idref="fl-c4"/>
      </object_component>
      <object_component id="oc-3a2">
         <name>.text:frexp</name>
         <load_address>0x200072a0</load_address>
         <run_address>0x200072a0</run_address>
         <size>0x64</size>
         <input_file_ref idref="fl-db"/>
      </object_component>
      <object_component id="oc-448">
         <name>.text:fseek</name>
         <load_address>0x20007304</load_address>
         <run_address>0x20007304</run_address>
         <size>0x64</size>
         <input_file_ref idref="fl-e8"/>
      </object_component>
      <object_component id="oc-3d9">
         <name>.text:__TI_wrt_ok</name>
         <load_address>0x20007368</load_address>
         <run_address>0x20007368</run_address>
         <size>0x62</size>
         <input_file_ref idref="fl-e6"/>
      </object_component>
      <object_component id="oc-4d8">
         <name>.text:HOSTopen</name>
         <load_address>0x200073cc</load_address>
         <run_address>0x200073cc</run_address>
         <size>0x60</size>
         <input_file_ref idref="fl-ed"/>
      </object_component>
      <object_component id="oc-50b">
         <name>.text:close</name>
         <load_address>0x2000742c</load_address>
         <run_address>0x2000742c</run_address>
         <size>0x5c</size>
         <input_file_ref idref="fl-fe"/>
      </object_component>
      <object_component id="oc-4e4">
         <name>.text:HOSTread</name>
         <load_address>0x20007488</load_address>
         <run_address>0x20007488</run_address>
         <size>0x58</size>
         <input_file_ref idref="fl-ee"/>
      </object_component>
      <object_component id="oc-4ea">
         <name>.text:HOSTwrite</name>
         <load_address>0x200074e0</load_address>
         <run_address>0x200074e0</run_address>
         <size>0x58</size>
         <input_file_ref idref="fl-f1"/>
      </object_component>
      <object_component id="oc-108">
         <name>.text:PRCMPeripheralReset</name>
         <load_address>0x20007538</load_address>
         <run_address>0x20007538</run_address>
         <size>0x58</size>
         <input_file_ref idref="fl-103"/>
      </object_component>
      <object_component id="oc-2a7">
         <name>.text:_pconv_f</name>
         <load_address>0x20007590</load_address>
         <run_address>0x20007590</run_address>
         <size>0x56</size>
         <input_file_ref idref="fl-cd"/>
      </object_component>
      <object_component id="oc-195">
         <name>.text:IntPrioritySet</name>
         <load_address>0x200075e8</load_address>
         <run_address>0x200075e8</run_address>
         <size>0x54</size>
         <input_file_ref idref="fl-101"/>
      </object_component>
      <object_component id="oc-377">
         <name>.text:ltoa</name>
         <load_address>0x2000763c</load_address>
         <run_address>0x2000763c</run_address>
         <size>0x54</size>
         <input_file_ref idref="fl-d4"/>
      </object_component>
      <object_component id="oc-387">
         <name>.text:_ecpy</name>
         <load_address>0x20007690</load_address>
         <run_address>0x20007690</run_address>
         <size>0x52</size>
         <input_file_ref idref="fl-cd"/>
      </object_component>
      <object_component id="oc-3e5">
         <name>.text:__TI_doflush</name>
         <load_address>0x200076e2</load_address>
         <run_address>0x200076e2</run_address>
         <size>0x4c</size>
         <input_file_ref idref="fl-e7"/>
      </object_component>
      <object_component id="oc-290">
         <name>.text:atoi</name>
         <load_address>0x20007730</load_address>
         <run_address>0x20007730</run_address>
         <size>0x4c</size>
         <input_file_ref idref="fl-cf"/>
      </object_component>
      <object_component id="oc-300">
         <name>.text:GPIOGetIntNumber</name>
         <load_address>0x2000777c</load_address>
         <run_address>0x2000777c</run_address>
         <size>0x48</size>
         <input_file_ref idref="fl-100"/>
      </object_component>
      <object_component id="oc-157">
         <name>.text:exit</name>
         <load_address>0x200077c4</load_address>
         <run_address>0x200077c4</run_address>
         <size>0x48</size>
         <input_file_ref idref="fl-cb"/>
      </object_component>
      <object_component id="oc-372">
         <name>.text</name>
         <load_address>0x2000780c</load_address>
         <run_address>0x2000780c</run_address>
         <size>0x48</size>
         <input_file_ref idref="fl-e4"/>
      </object_component>
      <object_component id="oc-4de">
         <name>.text:HOSTclose</name>
         <load_address>0x20007854</load_address>
         <run_address>0x20007854</run_address>
         <size>0x44</size>
         <input_file_ref idref="fl-eb"/>
      </object_component>
      <object_component id="oc-4f6">
         <name>.text:HOSTunlink</name>
         <load_address>0x20007898</load_address>
         <run_address>0x20007898</run_address>
         <size>0x44</size>
         <input_file_ref idref="fl-f0"/>
      </object_component>
      <object_component id="oc-114">
         <name>.text:TimerConfigure</name>
         <load_address>0x200078dc</load_address>
         <run_address>0x200078dc</run_address>
         <size>0x44</size>
         <input_file_ref idref="fl-104"/>
      </object_component>
      <object_component id="oc-15d">
         <name>.text:__TI_auto_init_nobinit_nopinit:__TI_auto_init_nobinit_nopinit</name>
         <load_address>0x20007920</load_address>
         <run_address>0x20007920</run_address>
         <size>0x44</size>
         <input_file_ref idref="fl-c8"/>
      </object_component>
      <object_component id="oc-540">
         <name>.text:getdevice</name>
         <load_address>0x20007964</load_address>
         <run_address>0x20007964</run_address>
         <size>0x44</size>
         <input_file_ref idref="fl-f9"/>
      </object_component>
      <object_component id="oc-32c">
         <name>.text:PinModeSet</name>
         <load_address>0x200079a8</load_address>
         <run_address>0x200079a8</run_address>
         <size>0x40</size>
         <input_file_ref idref="fl-102"/>
      </object_component>
      <object_component id="oc-39a">
         <name>.text:_fcpy</name>
         <load_address>0x200079e8</load_address>
         <run_address>0x200079e8</run_address>
         <size>0x3e</size>
         <input_file_ref idref="fl-cd"/>
      </object_component>
      <object_component id="oc-102">
         <name>.text:PRCMPeripheralClkEnable</name>
         <load_address>0x20007a28</load_address>
         <run_address>0x20007a28</run_address>
         <size>0x3c</size>
         <input_file_ref idref="fl-103"/>
      </object_component>
      <object_component id="oc-4c1">
         <name>.text:minsert</name>
         <load_address>0x20007a64</load_address>
         <run_address>0x20007a64</run_address>
         <size>0x3c</size>
         <input_file_ref idref="fl-f4"/>
      </object_component>
      <object_component id="oc-f8">
         <name>.text:ADCChannelEnable</name>
         <load_address>0x20007aa0</load_address>
         <run_address>0x20007aa0</run_address>
         <size>0x38</size>
         <input_file_ref idref="fl-ff"/>
      </object_component>
      <object_component id="oc-51c">
         <name>.text:__TI_writemsg</name>
         <load_address>0x20007ad8</load_address>
         <run_address>0x20007ad8</run_address>
         <size>0x38</size>
         <input_file_ref idref="fl-f2"/>
      </object_component>
      <object_component id="oc-58">
         <name>.text:_c_int00_noargs:_c_int00_noargs</name>
         <load_address>0x20007b10</load_address>
         <run_address>0x20007b10</run_address>
         <size>0x38</size>
         <input_file_ref idref="fl-c5"/>
      </object_component>
      <object_component id="oc-4b5">
         <name>.text:minit</name>
         <load_address>0x20007b48</load_address>
         <run_address>0x20007b48</run_address>
         <size>0x38</size>
         <input_file_ref idref="fl-f4"/>
      </object_component>
      <object_component id="oc-250">
         <name>.text:GPIODirModeSet</name>
         <load_address>0x20007b80</load_address>
         <run_address>0x20007b80</run_address>
         <size>0x36</size>
         <input_file_ref idref="fl-100"/>
      </object_component>
      <object_component id="oc-562">
         <name>.text:strncpy</name>
         <load_address>0x20007bb6</load_address>
         <run_address>0x20007bb6</run_address>
         <size>0x36</size>
         <input_file_ref idref="fl-fc"/>
      </object_component>
      <object_component id="oc-48b">
         <name>.text:__TI_cleanup</name>
         <load_address>0x20007bec</load_address>
         <run_address>0x20007bec</run_address>
         <size>0x34</size>
         <input_file_ref idref="fl-f5"/>
      </object_component>
      <object_component id="oc-522">
         <name>.text:__TI_readmsg</name>
         <load_address>0x20007c20</load_address>
         <run_address>0x20007c20</run_address>
         <size>0x34</size>
         <input_file_ref idref="fl-f2"/>
      </object_component>
      <object_component id="oc-24a">
         <name>.text:PinTypeGPIO</name>
         <load_address>0x20007c54</load_address>
         <run_address>0x20007c54</run_address>
         <size>0x30</size>
         <input_file_ref idref="fl-102"/>
      </object_component>
      <object_component id="oc-568">
         <name>.text:finddevice</name>
         <load_address>0x20007c84</load_address>
         <run_address>0x20007c84</run_address>
         <size>0x30</size>
         <input_file_ref idref="fl-f9"/>
      </object_component>
      <object_component id="oc-37d">
         <name>.text</name>
         <load_address>0x20007cb4</load_address>
         <run_address>0x20007cb4</run_address>
         <size>0x2e</size>
         <input_file_ref idref="fl-e5"/>
      </object_component>
      <object_component id="oc-229">
         <name>.text:PRCMSysResetCauseGet</name>
         <load_address>0x20007ce4</load_address>
         <run_address>0x20007ce4</run_address>
         <size>0x2c</size>
         <input_file_ref idref="fl-103"/>
      </object_component>
      <object_component id="oc-511">
         <name>.text:unlink</name>
         <load_address>0x20007d10</load_address>
         <run_address>0x20007d10</run_address>
         <size>0x2c</size>
         <input_file_ref idref="fl-fd"/>
      </object_component>
      <object_component id="oc-11a">
         <name>.text:TimerLoadSet</name>
         <load_address>0x20007d3c</load_address>
         <run_address>0x20007d3c</run_address>
         <size>0x2a</size>
         <input_file_ref idref="fl-104"/>
      </object_component>
      <object_component id="oc-18f">
         <name>.text:TimerPrescaleSet</name>
         <load_address>0x20007d66</load_address>
         <run_address>0x20007d66</run_address>
         <size>0x2a</size>
         <input_file_ref idref="fl-104"/>
      </object_component>
      <object_component id="oc-23b">
         <name>.text:PRCMPeripheralClkDisable</name>
         <load_address>0x20007d90</load_address>
         <run_address>0x20007d90</run_address>
         <size>0x28</size>
         <input_file_ref idref="fl-103"/>
      </object_component>
      <object_component id="oc-477">
         <name>.text:lseek</name>
         <load_address>0x20007db8</load_address>
         <run_address>0x20007db8</run_address>
         <size>0x28</size>
         <input_file_ref idref="fl-e9"/>
      </object_component>
      <object_component id="oc-4bb">
         <name>.text:mremove</name>
         <load_address>0x20007de0</load_address>
         <run_address>0x20007de0</run_address>
         <size>0x28</size>
         <input_file_ref idref="fl-f4"/>
      </object_component>
      <object_component id="oc-3eb">
         <name>.text:write</name>
         <load_address>0x20007e08</load_address>
         <run_address>0x20007e08</run_address>
         <size>0x28</size>
         <input_file_ref idref="fl-d9"/>
      </object_component>
      <object_component id="oc-280">
         <name>.text:IntUnregister</name>
         <load_address>0x20007e30</load_address>
         <run_address>0x20007e30</run_address>
         <size>0x24</size>
         <input_file_ref idref="fl-101"/>
      </object_component>
      <object_component id="oc-1e9">
         <name>.text:GPIOPinWrite</name>
         <load_address>0x20007e54</load_address>
         <run_address>0x20007e54</run_address>
         <size>0x20</size>
         <input_file_ref idref="fl-100"/>
      </object_component>
      <object_component id="oc-211">
         <name>.text:IntRegister</name>
         <load_address>0x20007e74</load_address>
         <run_address>0x20007e74</run_address>
         <size>0x20</size>
         <input_file_ref idref="fl-101"/>
      </object_component>
      <object_component id="oc-3df">
         <name>.text:memchr</name>
         <load_address>0x20007e94</load_address>
         <run_address>0x20007e94</run_address>
         <size>0x20</size>
         <input_file_ref idref="fl-d6"/>
      </object_component>
      <object_component id="oc-1d7">
         <name>.text:GPIOIntRegister</name>
         <load_address>0x20007eb4</load_address>
         <run_address>0x20007eb4</run_address>
         <size>0x1e</size>
         <input_file_ref idref="fl-100"/>
      </object_component>
      <object_component id="oc-da">
         <name>.text:TimerDisable</name>
         <load_address>0x20007ed2</load_address>
         <run_address>0x20007ed2</run_address>
         <size>0x1e</size>
         <input_file_ref idref="fl-104"/>
      </object_component>
      <object_component id="oc-ec">
         <name>.text:TimerEnable</name>
         <load_address>0x20007ef0</load_address>
         <run_address>0x20007ef0</run_address>
         <size>0x1e</size>
         <input_file_ref idref="fl-104"/>
      </object_component>
      <object_component id="oc-120">
         <name>.text:TimerIntStatus</name>
         <load_address>0x20007f0e</load_address>
         <run_address>0x20007f0e</run_address>
         <size>0x1e</size>
         <input_file_ref idref="fl-104"/>
      </object_component>
      <object_component id="oc-1a7">
         <name>.text:TimerValueGet</name>
         <load_address>0x20007f2c</load_address>
         <run_address>0x20007f2c</run_address>
         <size>0x1c</size>
         <input_file_ref idref="fl-104"/>
      </object_component>
      <object_component id="oc-2b9">
         <name>.text:memccpy</name>
         <load_address>0x20007f48</load_address>
         <run_address>0x20007f48</run_address>
         <size>0x1c</size>
         <input_file_ref idref="fl-d5"/>
      </object_component>
      <object_component id="oc-1e3">
         <name>.text:GPIOIntEnable</name>
         <load_address>0x20007f64</load_address>
         <run_address>0x20007f64</run_address>
         <size>0x1a</size>
         <input_file_ref idref="fl-100"/>
      </object_component>
      <object_component id="oc-c8">
         <name>.text:ADCFIFORead</name>
         <load_address>0x20007f7e</load_address>
         <run_address>0x20007f7e</run_address>
         <size>0x18</size>
         <input_file_ref idref="fl-ff"/>
      </object_component>
      <object_component id="oc-d4">
         <name>.text:GPIOPinRead</name>
         <load_address>0x20007f96</load_address>
         <run_address>0x20007f96</run_address>
         <size>0x18</size>
         <input_file_ref idref="fl-100"/>
      </object_component>
      <object_component id="oc-19b">
         <name>.text:TimerIntDisable</name>
         <load_address>0x20007fae</load_address>
         <run_address>0x20007fae</run_address>
         <size>0x18</size>
         <input_file_ref idref="fl-104"/>
      </object_component>
      <object_component id="oc-e6">
         <name>.text:TimerIntEnable</name>
         <load_address>0x20007fc6</load_address>
         <run_address>0x20007fc6</run_address>
         <size>0x18</size>
         <input_file_ref idref="fl-104"/>
      </object_component>
      <object_component id="oc-57f">
         <name>.text:strcmp</name>
         <load_address>0x20007fde</load_address>
         <run_address>0x20007fde</run_address>
         <size>0x18</size>
         <input_file_ref idref="fl-fb"/>
      </object_component>
      <object_component id="oc-22f">
         <name>.text:PRCMHIBRegRead</name>
         <load_address>0x20007ff6</load_address>
         <run_address>0x20007ff6</run_address>
         <size>0x16</size>
         <input_file_ref idref="fl-103"/>
      </object_component>
      <object_component id="oc-235">
         <name>.text:PRCMHIBRegWrite</name>
         <load_address>0x2000800c</load_address>
         <run_address>0x2000800c</run_address>
         <size>0x16</size>
         <input_file_ref idref="fl-103"/>
      </object_component>
      <object_component id="oc-3ae">
         <name>.text:strchr</name>
         <load_address>0x20008022</load_address>
         <run_address>0x20008022</run_address>
         <size>0x16</size>
         <input_file_ref idref="fl-d7"/>
      </object_component>
      <object_component id="oc-f2">
         <name>.text:ADCEnable</name>
         <load_address>0x20008038</load_address>
         <run_address>0x20008038</run_address>
         <size>0x14</size>
         <input_file_ref idref="fl-ff"/>
      </object_component>
      <object_component id="oc-21e">
         <name>.text:CPUcpsie</name>
         <load_address>0x2000804c</load_address>
         <run_address>0x2000804c</run_address>
         <size>0x14</size>
         <input_file_ref idref="fl-106"/>
      </object_component>
      <object_component id="oc-1dd">
         <name>.text:GPIOIntClear</name>
         <load_address>0x20008060</load_address>
         <run_address>0x20008060</run_address>
         <size>0x14</size>
         <input_file_ref idref="fl-100"/>
      </object_component>
      <object_component id="oc-12c">
         <name>.text:IntVTableBaseSet</name>
         <load_address>0x20008074</load_address>
         <run_address>0x20008074</run_address>
         <size>0x14</size>
         <input_file_ref idref="fl-101"/>
      </object_component>
      <object_component id="oc-244">
         <name>.text:PinTypeADC</name>
         <load_address>0x20008088</load_address>
         <run_address>0x20008088</run_address>
         <size>0x14</size>
         <input_file_ref idref="fl-102"/>
      </object_component>
      <object_component id="oc-42c">
         <name>.text:copysign</name>
         <load_address>0x2000809c</load_address>
         <run_address>0x2000809c</run_address>
         <size>0x14</size>
         <input_file_ref idref="fl-de"/>
      </object_component>
      <object_component id="oc-536">
         <name>.text:strcpy</name>
         <load_address>0x200080b0</load_address>
         <run_address>0x200080b0</run_address>
         <size>0x14</size>
         <input_file_ref idref="fl-f7"/>
      </object_component>
      <object_component id="oc-28a">
         <name>.text:strlen</name>
         <load_address>0x200080c4</load_address>
         <run_address>0x200080c4</run_address>
         <size>0x14</size>
         <input_file_ref idref="fl-d8"/>
      </object_component>
      <object_component id="oc-126">
         <name>.text:TimerIntClear</name>
         <load_address>0x200080d8</load_address>
         <run_address>0x200080d8</run_address>
         <size>0x12</size>
         <input_file_ref idref="fl-104"/>
      </object_component>
      <object_component id="oc-46">
         <name>.text:decompress:ZI:__TI_zero_init_nomemset:__TI_zero_init_nomemset</name>
         <load_address>0x200080ea</load_address>
         <run_address>0x200080ea</run_address>
         <size>0x12</size>
         <input_file_ref idref="fl-c1"/>
      </object_component>
      <object_component id="oc-2bf">
         <name>.text:wcslen</name>
         <load_address>0x200080fc</load_address>
         <run_address>0x200080fc</run_address>
         <size>0x12</size>
         <input_file_ref idref="fl-dd"/>
      </object_component>
      <object_component id="oc-18">
         <name>.text:decompress:none:__TI_decompress_none</name>
         <load_address>0x2000810e</load_address>
         <run_address>0x2000810e</run_address>
         <size>0xe</size>
         <input_file_ref idref="fl-c2"/>
      </object_component>
      <object_component id="oc-26">
         <name>.text</name>
         <load_address>0x2000811c</load_address>
         <run_address>0x2000811c</run_address>
         <size>0xe</size>
         <input_file_ref idref="fl-5"/>
      </object_component>
      <object_component id="oc-132">
         <name>.text:IntMasterEnable</name>
         <load_address>0x2000812a</load_address>
         <run_address>0x2000812a</run_address>
         <size>0xa</size>
         <input_file_ref idref="fl-101"/>
      </object_component>
      <object_component id="oc-2c5">
         <name>.text:__aeabi_errno_addr</name>
         <load_address>0x20008134</load_address>
         <run_address>0x20008134</run_address>
         <size>0x8</size>
         <input_file_ref idref="fl-da"/>
      </object_component>
      <object_component id="oc-14d">
         <name>.text:UtilsDelay</name>
         <load_address>0x2000813c</load_address>
         <run_address>0x2000813c</run_address>
         <size>0x6</size>
         <input_file_ref idref="fl-105"/>
      </object_component>
      <object_component id="oc-1c2">
         <name>.text:_outc</name>
         <load_address>0x20008142</load_address>
         <run_address>0x20008142</run_address>
         <size>0x4</size>
         <input_file_ref idref="fl-c4"/>
      </object_component>
      <object_component id="oc-1bc">
         <name>.text:_outs</name>
         <load_address>0x20008146</load_address>
         <run_address>0x20008146</run_address>
         <size>0x4</size>
         <input_file_ref idref="fl-c4"/>
      </object_component>
      <object_component id="oc-8e">
         <name>.text:_system_pre_init</name>
         <load_address>0x2000814a</load_address>
         <run_address>0x2000814a</run_address>
         <size>0x4</size>
         <input_file_ref idref="fl-c9"/>
      </object_component>
      <object_component id="oc-151">
         <name>.text:abort:abort</name>
         <load_address>0x2000814e</load_address>
         <run_address>0x2000814e</run_address>
         <size>0x4</size>
         <input_file_ref idref="fl-cb"/>
      </object_component>
      <object_component id="oc-357">
         <name>.const:.string:_ctypes_</name>
         <load_address>0x20008154</load_address>
         <run_address>0x20008154</run_address>
         <size>0x101</size>
         <input_file_ref idref="fl-d0"/>
      </object_component>
      <object_component id="oc-3fa">
         <name>.const:g_ulPinToPadMap</name>
         <load_address>0x20008258</load_address>
         <run_address>0x20008258</run_address>
         <size>0x100</size>
         <input_file_ref idref="fl-102"/>
      </object_component>
      <object_component id="oc-275">
         <name>.const:g_pulRegs</name>
         <load_address>0x20008358</load_address>
         <run_address>0x20008358</run_address>
         <size>0xd4</size>
         <input_file_ref idref="fl-101"/>
      </object_component>
      <object_component id="oc-20b">
         <name>.const:PRCM_PeriphRegsList</name>
         <load_address>0x2000842c</load_address>
         <run_address>0x2000842c</run_address>
         <size>0xa8</size>
         <input_file_ref idref="fl-103"/>
      </object_component>
      <object_component id="oc-225">
         <name>.const</name>
         <load_address>0x200084d4</load_address>
         <run_address>0x200084d4</run_address>
         <size>0x80</size>
         <input_file_ref idref="fl-101"/>
      </object_component>
      <object_component id="oc-5b7">
         <name>.cinit..data.load</name>
         <load_address>0x20008558</load_address>
         <run_address>0x20008558</run_address>
         <size>0x90</size>
      </object_component>
      <object_component id="oc-5b5">
         <name>__TI_handler_table</name>
         <load_address>0x200085e8</load_address>
         <run_address>0x200085e8</run_address>
         <size>0xc</size>
      </object_component>
      <object_component id="oc-5b8">
         <name>.cinit..bss.load</name>
         <load_address>0x200085f8</load_address>
         <run_address>0x200085f8</run_address>
         <size>0x8</size>
      </object_component>
      <object_component id="oc-5b6">
         <name>__TI_cinit_table</name>
         <load_address>0x20008600</load_address>
         <run_address>0x20008600</run_address>
         <size>0x10</size>
      </object_component>
      <object_component id="oc-1f7">
         <name>.data:ulReg</name>
         <load_address>0x200179dc</load_address>
         <run_address>0x200179dc</run_address>
         <size>0x14</size>
         <input_file_ref idref="fl-2"/>
      </object_component>
      <object_component id="oc-1ef">
         <name>.data</name>
         <load_address>0x20017a18</load_address>
         <run_address>0x20017a18</run_address>
         <size>0xc</size>
         <input_file_ref idref="fl-2"/>
      </object_component>
      <object_component id="oc-144">
         <name>.data</name>
         <load_address>0x200179b8</load_address>
         <run_address>0x200179b8</run_address>
         <size>0x24</size>
         <input_file_ref idref="fl-3"/>
      </object_component>
      <object_component id="oc-258">
         <name>.data:$O1$$</name>
         <load_address>0x20017a00</load_address>
         <run_address>0x20017a00</run_address>
         <size>0xc</size>
         <input_file_ref idref="fl-cb"/>
      </object_component>
      <object_component id="oc-1b6">
         <name>.data:$O1$$</name>
         <load_address>0x20017a24</load_address>
         <run_address>0x20017a24</run_address>
         <size>0x8</size>
         <input_file_ref idref="fl-cc"/>
      </object_component>
      <object_component id="oc-1b9">
         <name>.data:_ftable</name>
         <load_address>0x20017800</load_address>
         <run_address>0x20017800</run_address>
         <size>0xf0</size>
         <input_file_ref idref="fl-d1"/>
      </object_component>
      <object_component id="oc-4d2">
         <name>.data</name>
         <load_address>0x200179f0</load_address>
         <run_address>0x200179f0</run_address>
         <size>0x10</size>
         <input_file_ref idref="fl-d1"/>
      </object_component>
      <object_component id="oc-49e">
         <name>.data:_device</name>
         <load_address>0x200178f0</load_address>
         <run_address>0x200178f0</run_address>
         <size>0x78</size>
         <input_file_ref idref="fl-d9"/>
      </object_component>
      <object_component id="oc-45a">
         <name>.data:_stream</name>
         <load_address>0x20017968</load_address>
         <run_address>0x20017968</run_address>
         <size>0x50</size>
         <input_file_ref idref="fl-d9"/>
      </object_component>
      <object_component id="oc-3be">
         <name>.data</name>
         <load_address>0x20017a2c</load_address>
         <run_address>0x20017a2c</run_address>
         <size>0x4</size>
         <input_file_ref idref="fl-da"/>
      </object_component>
      <object_component id="oc-4c7">
         <name>.data:$O1$$</name>
         <load_address>0x20017a0c</load_address>
         <run_address>0x20017a0c</run_address>
         <size>0xc</size>
         <input_file_ref idref="fl-f4"/>
      </object_component>
      <object_component id="oc-54a">
         <name>.bss:_CIOBUF_</name>
         <uninitialized>true</uninitialized>
         <run_address>0x20017a30</run_address>
         <size>0x120</size>
         <input_file_ref idref="fl-f2"/>
      </object_component>
      <object_component id="oc-1f2">
         <name>.common:g_ucLED1Pin</name>
         <uninitialized>true</uninitialized>
         <run_address>0x20017c08</run_address>
         <size>0x1</size>
      </object_component>
      <object_component id="oc-1f5">
         <name>.common:g_ucLED2Pin</name>
         <uninitialized>true</uninitialized>
         <run_address>0x20017c09</run_address>
         <size>0x1</size>
      </object_component>
      <object_component id="oc-1f6">
         <name>.common:g_ucLED3Pin</name>
         <uninitialized>true</uninitialized>
         <run_address>0x20017c0a</run_address>
         <size>0x1</size>
      </object_component>
      <object_component id="oc-fe">
         <name>.common:x</name>
         <uninitialized>true</uninitialized>
         <run_address>0x20017c00</run_address>
         <size>0x4</size>
      </object_component>
      <object_component id="oc-101">
         <name>.common:y</name>
         <uninitialized>true</uninitialized>
         <run_address>0x20017c04</run_address>
         <size>0x4</size>
      </object_component>
      <object_component id="oc-14e">
         <name>.common:SW2</name>
         <uninitialized>true</uninitialized>
         <run_address>0x20017bf8</run_address>
         <size>0x4</size>
      </object_component>
      <object_component id="oc-14f">
         <name>.common:SW3</name>
         <uninitialized>true</uninitialized>
         <run_address>0x20017bfc</run_address>
         <size>0x4</size>
      </object_component>
      <object_component id="oc-517">
         <name>.common:__TI_tmpnams</name>
         <uninitialized>true</uninitialized>
         <run_address>0x20017b50</run_address>
         <size>0xa0</size>
      </object_component>
      <object_component id="oc-528">
         <name>.common:parmbuf</name>
         <uninitialized>true</uninitialized>
         <run_address>0x20017bf0</run_address>
         <size>0x8</size>
      </object_component>
      <object_component id="oc-23">
         <name>.sysmem</name>
         <uninitialized>true</uninitialized>
         <run_address>0x20017000</run_address>
         <size>0x8</size>
         <input_file_ref idref="fl-f4"/>
      </object_component>
      <object_component id="oc-5ba">
         <name>.sysmem</name>
         <uninitialized>true</uninitialized>
         <run_address>0x20017000</run_address>
         <size>0x0</size>
      </object_component>
      <object_component id="oc-20">
         <name>.stack</name>
         <uninitialized>true</uninitialized>
         <run_address>0x2002f800</run_address>
         <size>0x4</size>
         <input_file_ref idref="fl-c5"/>
      </object_component>
      <object_component id="oc-5b9">
         <name>.stack</name>
         <uninitialized>true</uninitialized>
         <run_address>0x2002f800</run_address>
         <size>0x0</size>
      </object_component>
      <object_component id="oc-1f3">
         <name>.debug_info</name>
         <load_address>0x0</load_address>
         <run_address>0x0</run_address>
         <size>0x48f</size>
         <input_file_ref idref="fl-2"/>
      </object_component>
      <object_component id="oc-1f8">
         <name>.debug_info</name>
         <load_address>0x48f</load_address>
         <run_address>0x48f</run_address>
         <size>0x101</size>
         <input_file_ref idref="fl-2"/>
      </object_component>
      <object_component id="oc-1f0">
         <name>.debug_info</name>
         <load_address>0x590</load_address>
         <run_address>0x590</run_address>
         <size>0x162</size>
         <input_file_ref idref="fl-2"/>
      </object_component>
      <object_component id="oc-e1">
         <name>.debug_info</name>
         <load_address>0x6f2</load_address>
         <run_address>0x6f2</run_address>
         <size>0xf06</size>
         <input_file_ref idref="fl-2"/>
      </object_component>
      <object_component id="oc-201">
         <name>.debug_info</name>
         <load_address>0x15f8</load_address>
         <run_address>0x15f8</run_address>
         <size>0x26b</size>
         <input_file_ref idref="fl-2"/>
      </object_component>
      <object_component id="oc-315">
         <name>.debug_info</name>
         <load_address>0x1863</load_address>
         <run_address>0x1863</run_address>
         <size>0x62</size>
         <input_file_ref idref="fl-2"/>
      </object_component>
      <object_component id="oc-35">
         <name>.debug_info</name>
         <load_address>0x18c5</load_address>
         <run_address>0x18c5</run_address>
         <size>0x84</size>
         <input_file_ref idref="fl-2"/>
      </object_component>
      <object_component id="oc-2fa">
         <name>.debug_info</name>
         <load_address>0x1949</load_address>
         <run_address>0x1949</run_address>
         <size>0x297</size>
         <input_file_ref idref="fl-2"/>
      </object_component>
      <object_component id="oc-206">
         <name>.debug_info</name>
         <load_address>0x1be0</load_address>
         <run_address>0x1be0</run_address>
         <size>0x2c</size>
         <input_file_ref idref="fl-2"/>
      </object_component>
      <object_component id="oc-1ca">
         <name>.debug_info</name>
         <load_address>0x1c0c</load_address>
         <run_address>0x1c0c</run_address>
         <size>0x2c</size>
         <input_file_ref idref="fl-2"/>
      </object_component>
      <object_component id="oc-ff">
         <name>.debug_info</name>
         <load_address>0x1c38</load_address>
         <run_address>0x1c38</run_address>
         <size>0x830</size>
         <input_file_ref idref="fl-3"/>
      </object_component>
      <object_component id="oc-145">
         <name>.debug_info</name>
         <load_address>0x2468</load_address>
         <run_address>0x2468</run_address>
         <size>0x208</size>
         <input_file_ref idref="fl-3"/>
      </object_component>
      <object_component id="oc-95">
         <name>.debug_info</name>
         <load_address>0x2670</load_address>
         <run_address>0x2670</run_address>
         <size>0x6a4</size>
         <input_file_ref idref="fl-3"/>
      </object_component>
      <object_component id="oc-148">
         <name>.debug_info</name>
         <load_address>0x2d14</load_address>
         <run_address>0x2d14</run_address>
         <size>0x24f</size>
         <input_file_ref idref="fl-4"/>
      </object_component>
      <object_component id="oc-2e">
         <name>.debug_info</name>
         <load_address>0x2f63</load_address>
         <run_address>0x2f63</run_address>
         <size>0x2c3</size>
         <input_file_ref idref="fl-5"/>
      </object_component>
      <object_component id="oc-10">
         <name>.debug_info</name>
         <load_address>0x3226</load_address>
         <run_address>0x3226</run_address>
         <size>0x114</size>
         <input_file_ref idref="fl-5"/>
      </object_component>
      <object_component id="oc-27">
         <name>.debug_info</name>
         <load_address>0x333a</load_address>
         <run_address>0x333a</run_address>
         <size>0x435</size>
         <input_file_ref idref="fl-5"/>
      </object_component>
      <object_component id="oc-1ae">
         <name>.debug_info</name>
         <load_address>0x376f</load_address>
         <run_address>0x376f</run_address>
         <size>0x5b5</size>
         <input_file_ref idref="fl-6"/>
      </object_component>
      <object_component id="oc-c3">
         <name>.debug_info</name>
         <load_address>0x3d24</load_address>
         <run_address>0x3d24</run_address>
         <size>0xd61</size>
         <input_file_ref idref="fl-6"/>
      </object_component>
      <object_component id="oc-87">
         <name>.debug_info</name>
         <load_address>0x4a85</load_address>
         <run_address>0x4a85</run_address>
         <size>0x313</size>
         <input_file_ref idref="fl-c1"/>
      </object_component>
      <object_component id="oc-4a">
         <name>.debug_info</name>
         <load_address>0x4d98</load_address>
         <run_address>0x4d98</run_address>
         <size>0x1b4</size>
         <input_file_ref idref="fl-c1"/>
      </object_component>
      <object_component id="oc-82">
         <name>.debug_info</name>
         <load_address>0x4f4c</load_address>
         <run_address>0x4f4c</run_address>
         <size>0x46</size>
         <input_file_ref idref="fl-c1"/>
      </object_component>
      <object_component id="oc-b9">
         <name>.debug_info</name>
         <load_address>0x4f92</load_address>
         <run_address>0x4f92</run_address>
         <size>0x2c</size>
         <input_file_ref idref="fl-c1"/>
      </object_component>
      <object_component id="oc-45">
         <name>.debug_info</name>
         <load_address>0x4fbe</load_address>
         <run_address>0x4fbe</run_address>
         <size>0x29d</size>
         <input_file_ref idref="fl-c2"/>
      </object_component>
      <object_component id="oc-1c">
         <name>.debug_info</name>
         <load_address>0x525b</load_address>
         <run_address>0x525b</run_address>
         <size>0x1df</size>
         <input_file_ref idref="fl-c2"/>
      </object_component>
      <object_component id="oc-40">
         <name>.debug_info</name>
         <load_address>0x543a</load_address>
         <run_address>0x543a</run_address>
         <size>0x46</size>
         <input_file_ref idref="fl-c2"/>
      </object_component>
      <object_component id="oc-7a">
         <name>.debug_info</name>
         <load_address>0x5480</load_address>
         <run_address>0x5480</run_address>
         <size>0x2c</size>
         <input_file_ref idref="fl-c2"/>
      </object_component>
      <object_component id="oc-78">
         <name>.debug_info</name>
         <load_address>0x54ac</load_address>
         <run_address>0x54ac</run_address>
         <size>0x293</size>
         <input_file_ref idref="fl-c3"/>
      </object_component>
      <object_component id="oc-16">
         <name>.debug_info</name>
         <load_address>0x573f</load_address>
         <run_address>0x573f</run_address>
         <size>0x245</size>
         <input_file_ref idref="fl-c3"/>
      </object_component>
      <object_component id="oc-30">
         <name>.debug_info</name>
         <load_address>0x5984</load_address>
         <run_address>0x5984</run_address>
         <size>0x60</size>
         <input_file_ref idref="fl-c3"/>
      </object_component>
      <object_component id="oc-b2">
         <name>.debug_info</name>
         <load_address>0x59e4</load_address>
         <run_address>0x59e4</run_address>
         <size>0x46</size>
         <input_file_ref idref="fl-c3"/>
      </object_component>
      <object_component id="oc-73">
         <name>.debug_info</name>
         <load_address>0x5a2a</load_address>
         <run_address>0x5a2a</run_address>
         <size>0x39</size>
         <input_file_ref idref="fl-c3"/>
      </object_component>
      <object_component id="oc-1c9">
         <name>.debug_info</name>
         <load_address>0x5a63</load_address>
         <run_address>0x5a63</run_address>
         <size>0x3da</size>
         <input_file_ref idref="fl-c4"/>
      </object_component>
      <object_component id="oc-1c3">
         <name>.debug_info</name>
         <load_address>0x5e3d</load_address>
         <run_address>0x5e3d</run_address>
         <size>0x14c</size>
         <input_file_ref idref="fl-c4"/>
      </object_component>
      <object_component id="oc-1bf">
         <name>.debug_info</name>
         <load_address>0x5f89</load_address>
         <run_address>0x5f89</run_address>
         <size>0x15b</size>
         <input_file_ref idref="fl-c4"/>
      </object_component>
      <object_component id="oc-d2">
         <name>.debug_info</name>
         <load_address>0x60e4</load_address>
         <run_address>0x60e4</run_address>
         <size>0x1a1</size>
         <input_file_ref idref="fl-c4"/>
      </object_component>
      <object_component id="oc-2f5">
         <name>.debug_info</name>
         <load_address>0x6285</load_address>
         <run_address>0x6285</run_address>
         <size>0xb2</size>
         <input_file_ref idref="fl-c4"/>
      </object_component>
      <object_component id="oc-21">
         <name>.debug_info</name>
         <load_address>0x6337</load_address>
         <run_address>0x6337</run_address>
         <size>0x100</size>
         <input_file_ref idref="fl-c5"/>
      </object_component>
      <object_component id="oc-5a">
         <name>.debug_info</name>
         <load_address>0x6437</load_address>
         <run_address>0x6437</run_address>
         <size>0x1a4</size>
         <input_file_ref idref="fl-c5"/>
      </object_component>
      <object_component id="oc-8b">
         <name>.debug_info</name>
         <load_address>0x65db</load_address>
         <run_address>0x65db</run_address>
         <size>0x13f</size>
         <input_file_ref idref="fl-c6"/>
      </object_component>
      <object_component id="oc-3b">
         <name>.debug_info</name>
         <load_address>0x671a</load_address>
         <run_address>0x671a</run_address>
         <size>0x111</size>
         <input_file_ref idref="fl-c7"/>
      </object_component>
      <object_component id="oc-25f">
         <name>.debug_info</name>
         <load_address>0x682b</load_address>
         <run_address>0x682b</run_address>
         <size>0x547</size>
         <input_file_ref idref="fl-c8"/>
      </object_component>
      <object_component id="oc-160">
         <name>.debug_info</name>
         <load_address>0x6d72</load_address>
         <run_address>0x6d72</run_address>
         <size>0x19b</size>
         <input_file_ref idref="fl-c8"/>
      </object_component>
      <object_component id="oc-33a">
         <name>.debug_info</name>
         <load_address>0x6f0d</load_address>
         <run_address>0x6f0d</run_address>
         <size>0x39</size>
         <input_file_ref idref="fl-c8"/>
      </object_component>
      <object_component id="oc-3ff">
         <name>.debug_info</name>
         <load_address>0x6f46</load_address>
         <run_address>0x6f46</run_address>
         <size>0x39</size>
         <input_file_ref idref="fl-c8"/>
      </object_component>
      <object_component id="oc-33f">
         <name>.debug_info</name>
         <load_address>0x6f7f</load_address>
         <run_address>0x6f7f</run_address>
         <size>0x39</size>
         <input_file_ref idref="fl-c8"/>
      </object_component>
      <object_component id="oc-344">
         <name>.debug_info</name>
         <load_address>0x6fb8</load_address>
         <run_address>0x6fb8</run_address>
         <size>0xcd</size>
         <input_file_ref idref="fl-c8"/>
      </object_component>
      <object_component id="oc-8f">
         <name>.debug_info</name>
         <load_address>0x7085</load_address>
         <run_address>0x7085</run_address>
         <size>0x148</size>
         <input_file_ref idref="fl-c9"/>
      </object_component>
      <object_component id="oc-25c">
         <name>.debug_info</name>
         <load_address>0x71cd</load_address>
         <run_address>0x71cd</run_address>
         <size>0x3a2</size>
         <input_file_ref idref="fl-cb"/>
      </object_component>
      <object_component id="oc-259">
         <name>.debug_info</name>
         <load_address>0x756f</load_address>
         <run_address>0x756f</run_address>
         <size>0x185</size>
         <input_file_ref idref="fl-cb"/>
      </object_component>
      <object_component id="oc-153">
         <name>.debug_info</name>
         <load_address>0x76f4</load_address>
         <run_address>0x76f4</run_address>
         <size>0x117</size>
         <input_file_ref idref="fl-cb"/>
      </object_component>
      <object_component id="oc-158">
         <name>.debug_info</name>
         <load_address>0x780b</load_address>
         <run_address>0x780b</run_address>
         <size>0x179</size>
         <input_file_ref idref="fl-cb"/>
      </object_component>
      <object_component id="oc-2df">
         <name>.debug_info</name>
         <load_address>0x7984</load_address>
         <run_address>0x7984</run_address>
         <size>0x2be</size>
         <input_file_ref idref="fl-cc"/>
      </object_component>
      <object_component id="oc-1b7">
         <name>.debug_info</name>
         <load_address>0x7c42</load_address>
         <run_address>0x7c42</run_address>
         <size>0x113</size>
         <input_file_ref idref="fl-cc"/>
      </object_component>
      <object_component id="oc-2da">
         <name>.debug_info</name>
         <load_address>0x7d55</load_address>
         <run_address>0x7d55</run_address>
         <size>0x123</size>
         <input_file_ref idref="fl-cc"/>
      </object_component>
      <object_component id="oc-2cc">
         <name>.debug_info</name>
         <load_address>0x7e78</load_address>
         <run_address>0x7e78</run_address>
         <size>0x8a6</size>
         <input_file_ref idref="fl-cd"/>
      </object_component>
      <object_component id="oc-297">
         <name>.debug_info</name>
         <load_address>0x871e</load_address>
         <run_address>0x871e</run_address>
         <size>0x213</size>
         <input_file_ref idref="fl-cd"/>
      </object_component>
      <object_component id="oc-388">
         <name>.debug_info</name>
         <load_address>0x8931</load_address>
         <run_address>0x8931</run_address>
         <size>0x1a8</size>
         <input_file_ref idref="fl-cd"/>
      </object_component>
      <object_component id="oc-38e">
         <name>.debug_info</name>
         <load_address>0x8ad9</load_address>
         <run_address>0x8ad9</run_address>
         <size>0x210</size>
         <input_file_ref idref="fl-cd"/>
      </object_component>
      <object_component id="oc-2a2">
         <name>.debug_info</name>
         <load_address>0x8ce9</load_address>
         <run_address>0x8ce9</run_address>
         <size>0x3b0</size>
         <input_file_ref idref="fl-cd"/>
      </object_component>
      <object_component id="oc-396">
         <name>.debug_info</name>
         <load_address>0x9099</load_address>
         <run_address>0x9099</run_address>
         <size>0x2fa</size>
         <input_file_ref idref="fl-cd"/>
      </object_component>
      <object_component id="oc-39c">
         <name>.debug_info</name>
         <load_address>0x9393</load_address>
         <run_address>0x9393</run_address>
         <size>0x20a</size>
         <input_file_ref idref="fl-cd"/>
      </object_component>
      <object_component id="oc-2a9">
         <name>.debug_info</name>
         <load_address>0x959d</load_address>
         <run_address>0x959d</run_address>
         <size>0x20a</size>
         <input_file_ref idref="fl-cd"/>
      </object_component>
      <object_component id="oc-2af">
         <name>.debug_info</name>
         <load_address>0x97a7</load_address>
         <run_address>0x97a7</run_address>
         <size>0x2f9</size>
         <input_file_ref idref="fl-cd"/>
      </object_component>
      <object_component id="oc-2b5">
         <name>.debug_info</name>
         <load_address>0x9aa0</load_address>
         <run_address>0x9aa0</run_address>
         <size>0x4a5</size>
         <input_file_ref idref="fl-cd"/>
      </object_component>
      <object_component id="oc-1b2">
         <name>.debug_info</name>
         <load_address>0x9f45</load_address>
         <run_address>0x9f45</run_address>
         <size>0x5cd</size>
         <input_file_ref idref="fl-cd"/>
      </object_component>
      <object_component id="oc-2cd">
         <name>.debug_info</name>
         <load_address>0xa512</load_address>
         <run_address>0xa512</run_address>
         <size>0x86</size>
         <input_file_ref idref="fl-cd"/>
      </object_component>
      <object_component id="oc-3ca">
         <name>.debug_info</name>
         <load_address>0xa598</load_address>
         <run_address>0xa598</run_address>
         <size>0x39</size>
         <input_file_ref idref="fl-cd"/>
      </object_component>
      <object_component id="oc-443">
         <name>.debug_info</name>
         <load_address>0xa5d1</load_address>
         <run_address>0xa5d1</run_address>
         <size>0xb6</size>
         <input_file_ref idref="fl-cd"/>
      </object_component>
      <object_component id="oc-3cf">
         <name>.debug_info</name>
         <load_address>0xa687</load_address>
         <run_address>0xa687</run_address>
         <size>0x46</size>
         <input_file_ref idref="fl-cd"/>
      </object_component>
      <object_component id="oc-2d2">
         <name>.debug_info</name>
         <load_address>0xa6cd</load_address>
         <run_address>0xa6cd</run_address>
         <size>0x46</size>
         <input_file_ref idref="fl-cd"/>
      </object_component>
      <object_component id="oc-3c5">
         <name>.debug_info</name>
         <load_address>0xa713</load_address>
         <run_address>0xa713</run_address>
         <size>0x2c</size>
         <input_file_ref idref="fl-cd"/>
      </object_component>
      <object_component id="oc-35b">
         <name>.debug_info</name>
         <load_address>0xa73f</load_address>
         <run_address>0xa73f</run_address>
         <size>0x2ae</size>
         <input_file_ref idref="fl-cf"/>
      </object_component>
      <object_component id="oc-292">
         <name>.debug_info</name>
         <load_address>0xa9ed</load_address>
         <run_address>0xa9ed</run_address>
         <size>0x171</size>
         <input_file_ref idref="fl-cf"/>
      </object_component>
      <object_component id="oc-410">
         <name>.debug_info</name>
         <load_address>0xab5e</load_address>
         <run_address>0xab5e</run_address>
         <size>0xee</size>
         <input_file_ref idref="fl-d0"/>
      </object_component>
      <object_component id="oc-358">
         <name>.debug_info</name>
         <load_address>0xac4c</load_address>
         <run_address>0xac4c</run_address>
         <size>0xfa</size>
         <input_file_ref idref="fl-d0"/>
      </object_component>
      <object_component id="oc-2e3">
         <name>.debug_info</name>
         <load_address>0xad46</load_address>
         <run_address>0xad46</run_address>
         <size>0x139</size>
         <input_file_ref idref="fl-d1"/>
      </object_component>
      <object_component id="oc-1ba">
         <name>.debug_info</name>
         <load_address>0xae7f</load_address>
         <run_address>0xae7f</run_address>
         <size>0xf7</size>
         <input_file_ref idref="fl-d1"/>
      </object_component>
[...]
         <value>0x2000814f</value>
         <object_component_ref idref="oc-151"/>
      </symbol>
      <symbol id="sm-297">
         <name>__TI_dtors_ptr</name>
         <value>0x20017a04</value>
         <object_component_ref idref="oc-258"/>
      </symbol>
      <symbol id="sm-298">
         <name>__TI_cleanup_ptr</name>
         <value>0x20017a00</value>
         <object_component_ref idref="oc-258"/>
      </symbol>
      <symbol id="sm-299">
         <name>__TI_enable_exit_profile_output</name>
         <value>0x20017a08</value>
         <object_component_ref idref="oc-258"/>
      </symbol>
      <symbol id="sm-29a">
         <name>exit</name>
         <value>0x200077c5</value>
         <object_component_ref idref="oc-157"/>
      </symbol>
      <symbol id="sm-2af">
         <name>_nop</name>
         <value>0x20005c67</value>
         <object_component_ref idref="oc-2d7"/>
      </symbol>
      <symbol id="sm-2b0">
         <name>_lock</name>
         <value>0x20017a24</value>
         <object_component_ref idref="oc-1b6"/>
      </symbol>
      <symbol id="sm-2b1">
         <name>_unlock</name>
         <value>0x20017a28</value>
         <object_component_ref idref="oc-1b6"/>
      </symbol>
      <symbol id="sm-41b">
         <name>__TI_printfi</name>
         <value>0x20004401</value>
         <object_component_ref idref="oc-1b0"/>
      </symbol>
      <symbol id="sm-432">
         <name>atoi</name>
         <value>0x20007731</value>
         <object_component_ref idref="oc-290"/>
      </symbol>
      <symbol id="sm-43d">
         <name>_ctypes_</name>
         <value>0x20008154</value>
         <object_component_ref idref="oc-357"/>
      </symbol>
      <symbol id="sm-452">
         <name>__TI_tmpnams</name>
         <value>0x20017b50</value>
      </symbol>
      <symbol id="sm-453">
         <name>__aeabi_stdout</name>
         <value>0x200179f8</value>
         <object_component_ref idref="oc-4d2"/>
      </symbol>
      <symbol id="sm-454">
         <name>__aeabi_stderr</name>
         <value>0x200179fc</value>
         <object_component_ref idref="oc-4d2"/>
      </symbol>
      <symbol id="sm-455">
         <name>__aeabi_stdin</name>
         <value>0x200179f4</value>
         <object_component_ref idref="oc-4d2"/>
      </symbol>
      <symbol id="sm-456">
         <name>_ftable</name>
         <value>0x20017800</value>
         <object_component_ref idref="oc-1b9"/>
      </symbol>
      <symbol id="sm-457">
         <name>__TI_ft_end</name>
         <value>0x200179f0</value>
         <object_component_ref idref="oc-4d2"/>
      </symbol>
      <symbol id="sm-46c">
         <name>putc</name>
         <value>0x20006bb1</value>
         <object_component_ref idref="oc-2ec"/>
      </symbol>
      <symbol id="sm-46d">
         <name>fputc</name>
         <value>0x20006bb1</value>
         <object_component_ref idref="oc-2ec"/>
      </symbol>
      <symbol id="sm-48b">
         <name>fputs</name>
         <value>0x2000630d</value>
         <object_component_ref idref="oc-2e5"/>
      </symbol>
      <symbol id="sm-49a">
         <name>ltoa</name>
         <value>0x2000763d</value>
         <object_component_ref idref="oc-377"/>
      </symbol>
      <symbol id="sm-4aa">
         <name>memccpy</name>
         <value>0x20007f49</value>
         <object_component_ref idref="oc-2b9"/>
      </symbol>
      <symbol id="sm-4ba">
         <name>memchr</name>
         <value>0x20007e95</value>
         <object_component_ref idref="oc-3df"/>
      </symbol>
      <symbol id="sm-4ca">
         <name>strchr</name>
         <value>0x20008023</value>
         <object_component_ref idref="oc-3ae"/>
      </symbol>
      <symbol id="sm-4d8">
         <name>strlen</name>
         <value>0x200080c5</value>
         <object_component_ref idref="oc-28a"/>
      </symbol>
      <symbol id="sm-4fe">
         <name>_stream</name>
         <value>0x20017968</value>
         <object_component_ref idref="oc-45a"/>
      </symbol>
      <symbol id="sm-4ff">
         <name>_device</name>
         <value>0x200178f0</value>
         <object_component_ref idref="oc-49e"/>
      </symbol>
      <symbol id="sm-500">
         <name>write</name>
         <value>0x20007e09</value>
         <object_component_ref idref="oc-3eb"/>
      </symbol>
      <symbol id="sm-516">
         <name>__aeabi_errno_addr</name>
         <value>0x20008135</value>
         <object_component_ref idref="oc-2c5"/>
      </symbol>
      <symbol id="sm-517">
         <name>errno</name>
         <value>0x20017a2c</value>
         <object_component_ref idref="oc-3be"/>
      </symbol>
      <symbol id="sm-537">
         <name>frexpl</name>
         <value>0x200072a1</value>
         <object_component_ref idref="oc-3a2"/>
      </symbol>
      <symbol id="sm-538">
         <name>frexp</name>
         <value>0x200072a1</value>
         <object_component_ref idref="oc-3a2"/>
      </symbol>
      <symbol id="sm-555">
         <name>scalbn</name>
         <value>0x20006421</value>
         <object_component_ref idref="oc-3a8"/>
      </symbol>
      <symbol id="sm-556">
         <name>scalbnl</name>
         <value>0x20006421</value>
         <object_component_ref idref="oc-3a8"/>
      </symbol>
      <symbol id="sm-557">
         <name>ldexpl</name>
         <value>0x20006421</value>
         <object_component_ref idref="oc-3a8"/>
      </symbol>
      <symbol id="sm-558">
         <name>ldexp</name>
         <value>0x20006421</value>
         <object_component_ref idref="oc-3a8"/>
      </symbol>
      <symbol id="sm-571">
         <name>wcslen</name>
         <value>0x200080fd</value>
         <object_component_ref idref="oc-2bf"/>
      </symbol>
      <symbol id="sm-57b">
         <name>copysign</name>
         <value>0x2000809d</value>
         <object_component_ref idref="oc-42c"/>
      </symbol>
      <symbol id="sm-57c">
         <name>copysignl</name>
         <value>0x2000809d</value>
         <object_component_ref idref="oc-42c"/>
      </symbol>
      <symbol id="sm-589">
         <name>__aeabi_uldivmod</name>
         <value>0x20006b19</value>
         <object_component_ref idref="oc-35c"/>
      </symbol>
      <symbol id="sm-5a0">
         <name>__aeabi_dsub</name>
         <value>0x20005ab1</value>
         <object_component_ref idref="oc-382"/>
      </symbol>
      <symbol id="sm-5a1">
         <name>__aeabi_dadd</name>
         <value>0x20005abb</value>
         <object_component_ref idref="oc-382"/>
      </symbol>
      <symbol id="sm-5c3">
         <name>__aeabi_cdcmpeq</name>
         <value>0x20006cc5</value>
         <object_component_ref idref="oc-29c"/>
      </symbol>
      <symbol id="sm-5c4">
         <name>__aeabi_cdcmple</name>
         <value>0x20006cc5</value>
         <object_component_ref idref="oc-29c"/>
      </symbol>
      <symbol id="sm-5c5">
         <name>__aeabi_cdrcmple</name>
         <value>0x20006d4b</value>
         <object_component_ref idref="oc-36d"/>
      </symbol>
      <symbol id="sm-5d9">
         <name>__aeabi_ddiv</name>
         <value>0x200060b5</value>
         <object_component_ref idref="oc-368"/>
      </symbol>
      <symbol id="sm-5e4">
         <name>__aeabi_dmul</name>
         <value>0x20006531</value>
         <object_component_ref idref="oc-363"/>
      </symbol>
      <symbol id="sm-5ee">
         <name>__aeabi_d2iz</name>
         <value>0x2000780d</value>
         <object_component_ref idref="oc-372"/>
      </symbol>
      <symbol id="sm-5f8">
         <name>__aeabi_i2d</name>
         <value>0x20007cb5</value>
         <object_component_ref idref="oc-37d"/>
      </symbol>
      <symbol id="sm-610">
         <name>__TI_wrt_ok</name>
         <value>0x20007369</value>
         <object_component_ref idref="oc-3d9"/>
      </symbol>
      <symbol id="sm-620">
         <name>__TI_doflush</name>
         <value>0x200076e3</value>
         <object_component_ref idref="oc-3e5"/>
      </symbol>
      <symbol id="sm-632">
         <name>fseek</name>
         <value>0x20007305</value>
         <object_component_ref idref="oc-448"/>
      </symbol>
      <symbol id="sm-642">
         <name>lseek</name>
         <value>0x20007db9</value>
         <object_component_ref idref="oc-477"/>
      </symbol>
      <symbol id="sm-65e">
         <name>setvbuf</name>
         <value>0x2000662d</value>
         <object_component_ref idref="oc-44e"/>
      </symbol>
      <symbol id="sm-66f">
         <name>HOSTclose</name>
         <value>0x20007855</value>
         <object_component_ref idref="oc-4de"/>
      </symbol>
      <symbol id="sm-680">
         <name>HOSTlseek</name>
         <value>0x20007099</value>
         <object_component_ref idref="oc-4f0"/>
      </symbol>
      <symbol id="sm-692">
         <name>parmbuf</name>
         <value>0x20017bf0</value>
      </symbol>
      <symbol id="sm-693">
         <name>HOSTopen</name>
         <value>0x200073cd</value>
         <object_component_ref idref="oc-4d8"/>
      </symbol>
      <symbol id="sm-6a4">
         <name>HOSTread</name>
         <value>0x20007489</value>
         <object_component_ref idref="oc-4e4"/>
      </symbol>
      <symbol id="sm-6b5">
         <name>HOSTrename</name>
         <value>0x20007101</value>
         <object_component_ref idref="oc-4fc"/>
      </symbol>
      <symbol id="sm-6c6">
         <name>HOSTunlink</name>
         <value>0x20007899</value>
         <object_component_ref idref="oc-4f6"/>
      </symbol>
      <symbol id="sm-6d7">
         <name>HOSTwrite</name>
         <value>0x200074e1</value>
         <object_component_ref idref="oc-4ea"/>
      </symbol>
      <symbol id="sm-6fb">
         <name>__TI_readmsg</name>
         <value>0x20007c21</value>
         <object_component_ref idref="oc-522"/>
      </symbol>
      <symbol id="sm-6fc">
         <name>C$$IO$$</name>
         <value>0x20007b07</value>
         <object_component_ref idref="oc-51c"/>
      </symbol>
      <symbol id="sm-6fd">
         <name>__CIOBUF_</name>
         <value>0x20017a30</value>
         <object_component_ref idref="oc-54a"/>
      </symbol>
      <symbol id="sm-6fe">
         <name>__TI_writemsg</name>
         <value>0x20007ad9</value>
         <object_component_ref idref="oc-51c"/>
      </symbol>
      <symbol id="sm-708">
         <name>__aeabi_idiv0</name>
         <value>0x200061eb</value>
         <object_component_ref idref="oc-413"/>
      </symbol>
      <symbol id="sm-709">
         <name>__aeabi_ldiv0</name>
         <value>0x200061eb</value>
         <object_component_ref idref="oc-413"/>
      </symbol>
      <symbol id="sm-784">
         <name>_sys_memory</name>
         <value>0x20017000</value>
         <object_component_ref idref="oc-23"/>
      </symbol>
      <symbol id="sm-785">
         <name>free</name>
         <value>0x20006709</value>
         <object_component_ref idref="oc-47f"/>
      </symbol>
      <symbol id="sm-786">
         <name>malloc</name>
         <value>0x20006ecd</value>
         <object_component_ref idref="oc-485"/>
      </symbol>
      <symbol id="sm-787">
         <name>minit</name>
         <value>0x20007b49</value>
         <object_component_ref idref="oc-4b5"/>
      </symbol>
      <symbol id="sm-797">
         <name>__TI_cleanup</name>
         <value>0x20007bed</value>
         <object_component_ref idref="oc-48b"/>
      </symbol>
      <symbol id="sm-7a6">
         <name>strcpy</name>
         <value>0x200080b1</value>
         <object_component_ref idref="oc-536"/>
      </symbol>
      <symbol id="sm-7bb">
         <name>__TI_closefile</name>
         <value>0x20006f45</value>
         <object_component_ref idref="oc-4cc"/>
      </symbol>
      <symbol id="sm-7de">
         <name>finddevice</name>
         <value>0x20007c85</value>
         <object_component_ref idref="oc-568"/>
      </symbol>
      <symbol id="sm-7df">
         <name>getdevice</name>
         <value>0x20007965</value>
         <object_component_ref idref="oc-540"/>
      </symbol>
      <symbol id="sm-7ef">
         <name>strcmp</name>
         <value>0x20007fdf</value>
         <object_component_ref idref="oc-57f"/>
      </symbol>
      <symbol id="sm-7ff">
         <name>strncpy</name>
         <value>0x20007bb7</value>
         <object_component_ref idref="oc-562"/>
      </symbol>
      <symbol id="sm-80f">
         <name>unlink</name>
         <value>0x20007d11</value>
         <object_component_ref idref="oc-511"/>
      </symbol>
      <symbol id="sm-823">
         <name>close</name>
         <value>0x2000742d</value>
         <object_component_ref idref="oc-50b"/>
      </symbol>
      <symbol id="sm-841">
         <name>ADCChannelEnable</name>
         <value>0x20007aa1</value>
         <object_component_ref idref="oc-f8"/>
      </symbol>
      <symbol id="sm-842">
         <name>ADCEnable</name>
         <value>0x20008039</value>
         <object_component_ref idref="oc-f2"/>
      </symbol>
      <symbol id="sm-843">
         <name>ADCFIFORead</name>
         <value>0x20007f7f</value>
         <object_component_ref idref="oc-c8"/>
      </symbol>
      <symbol id="sm-899">
         <name>GPIOIntRegister</name>
         <value>0x20007eb5</value>
         <object_component_ref idref="oc-1d7"/>
      </symbol>
      <symbol id="sm-89a">
         <name>GPIOIntEnable</name>
         <value>0x20007f65</value>
         <object_component_ref idref="oc-1e3"/>
      </symbol>
      <symbol id="sm-89b">
         <name>GPIOIntTypeSet</name>
         <value>0x20006dd1</value>
         <object_component_ref idref="oc-1d1"/>
      </symbol>
      <symbol id="sm-89c">
         <name>GPIOIntClear</name>
         <value>0x20008061</value>
         <object_component_ref idref="oc-1dd"/>
      </symbol>
      <symbol id="sm-89d">
         <name>GPIOPinRead</name>
         <value>0x20007f97</value>
         <object_component_ref idref="oc-d4"/>
      </symbol>
      <symbol id="sm-89e">
         <name>GPIODirModeSet</name>
         <value>0x20007b81</value>
         <object_component_ref idref="oc-250"/>
      </symbol>
      <symbol id="sm-89f">
         <name>GPIOPinWrite</name>
         <value>0x20007e55</value>
         <object_component_ref idref="oc-1e9"/>
      </symbol>
      <symbol id="sm-917">
         <name>IntPrioritySet</name>
         <value>0x200075e9</value>
         <object_component_ref idref="oc-195"/>
      </symbol>
      <symbol id="sm-918">
         <name>IntVTableBaseSet</name>
         <value>0x20008075</value>
         <object_component_ref idref="oc-12c"/>
      </symbol>
      <symbol id="sm-919">
         <name>IntEnable</name>
         <value>0x2000693d</value>
         <object_component_ref idref="oc-138"/>
      </symbol>
      <symbol id="sm-91a">
         <name>IntDisable</name>
         <value>0x20006895</value>
         <object_component_ref idref="oc-27a"/>
      </symbol>
      <symbol id="sm-91b">
         <name>IntRegister</name>
         <value>0x20007e75</value>
         <object_component_ref idref="oc-211"/>
      </symbol>
      <symbol id="sm-91c">
         <name>IntUnregister</name>
         <value>0x20007e31</value>
         <object_component_ref idref="oc-280"/>
      </symbol>
      <symbol id="sm-91d">
         <name>IntMasterEnable</name>
         <value>0x2000812b</value>
         <object_component_ref idref="oc-132"/>
      </symbol>
      <symbol id="sm-954">
         <name>PinTypeADC</name>
         <value>0x20008089</value>
         <object_component_ref idref="oc-244"/>
      </symbol>
      <symbol id="sm-955">
         <name>PinTypeGPIO</name>
         <value>0x20007c55</value>
         <object_component_ref idref="oc-24a"/>
      </symbol>
      <symbol id="sm-956">
         <name>PinConfigSet</name>
         <value>0x20006c3d</value>
         <object_component_ref idref="oc-325"/>
      </symbol>
      <symbol id="sm-957">
         <name>PinModeSet</name>
         <value>0x200079a9</value>
         <object_component_ref idref="oc-32c"/>
      </symbol>
      <symbol id="sm-9c7">
         <name>PRCMPeripheralReset</name>
         <value>0x20007539</value>
         <object_component_ref idref="oc-108"/>
      </symbol>
      <symbol id="sm-9c8">
         <name>PRCMPeripheralClkEnable</name>
         <value>0x20007a29</value>
         <object_component_ref idref="oc-102"/>
      </symbol>
      <symbol id="sm-9c9">
         <name>PRCMCC3200MCUInit</name>
         <value>0x20005e01</value>
         <object_component_ref idref="oc-13e"/>
      </symbol>
      <symbol id="sm-9ca">
         <name>PRCMHIBRegWrite</name>
         <value>0x2000800d</value>
         <object_component_ref idref="oc-235"/>
      </symbol>
      <symbol id="sm-9cb">
         <name>PRCMSysResetCauseGet</name>
         <value>0x20007ce5</value>
         <object_component_ref idref="oc-229"/>
      </symbol>
      <symbol id="sm-9cc">
         <name>PRCMPeripheralClkDisable</name>
         <value>0x20007d91</value>
         <object_component_ref idref="oc-23b"/>
      </symbol>
      <symbol id="sm-9cd">
         <name>PRCMHIBRegRead</name>
         <value>0x20007ff7</value>
         <object_component_ref idref="oc-22f"/>
      </symbol>
      <symbol id="sm-a51">
         <name>TimerLoadSet</name>
         <value>0x20007d3d</value>
         <object_component_ref idref="oc-11a"/>
      </symbol>
      <symbol id="sm-a52">
         <name>TimerDisable</name>
         <value>0x20007ed3</value>
         <object_component_ref idref="oc-da"/>
      </symbol>
      <symbol id="sm-a53">
         <name>TimerIntRegister</name>
         <value>0x20006fb9</value>
         <object_component_ref idref="oc-10e"/>
      </symbol>
      <symbol id="sm-a54">
         <name>TimerEnable</name>
         <value>0x20007ef1</value>
         <object_component_ref idref="oc-ec"/>
      </symbol>
      <symbol id="sm-a55">
         <name>TimerIntUnregister</name>
         <value>0x20007169</value>
         <object_component_ref idref="oc-1a1"/>
      </symbol>
      <symbol id="sm-a56">
         <name>TimerIntStatus</name>
         <value>0x20007f0f</value>
         <object_component_ref idref="oc-120"/>
      </symbol>
      <symbol id="sm-a57">
         <name>TimerIntDisable</name>
         <value>0x20007faf</value>
         <object_component_ref idref="oc-19b"/>
      </symbol>
      <symbol id="sm-a58">
         <name>TimerValueGet</name>
         <value>0x20007f2d</value>
         <object_component_ref idref="oc-1a7"/>
      </symbol>
      <symbol id="sm-a59">
         <name>TimerPrescaleSet</name>
         <value>0x20007d67</value>
         <object_component_ref idref="oc-18f"/>
      </symbol>
      <symbol id="sm-a5a">
         <name>TimerIntEnable</name>
         <value>0x20007fc7</value>
         <object_component_ref idref="oc-e6"/>
      </symbol>
      <symbol id="sm-a5b">
         <name>TimerConfigure</name>
         <value>0x200078dd</value>
         <object_component_ref idref="oc-114"/>
      </symbol>
      <symbol id="sm-a5c">
         <name>TimerIntClear</name>
         <value>0x200080d9</value>
         <object_component_ref idref="oc-126"/>
      </symbol>
      <symbol id="sm-a60">
         <name>UtilsDelay</name>
         <value>0x2000813d</value>
         <object_component_ref idref="oc-14d"/>
      </symbol>
      <symbol id="sm-a6a">
         <name>CPUcpsie</name>
         <value>0x2000804d</value>
         <object_component_ref idref="oc-21e"/>
      </symbol>
      <symbol id="sm-a6c">
         <name>__TI_static_base__</name>
         <value>0x20008558</value>
      </symbol>
      <symbol id="sm-a6f">
         <name>__mpu_init</name>
         <value>0x0</value>
      </symbol>
      <symbol id="sm-a70">
         <name>_system_post_cinit</name>
         <value>0x0</value>
      </symbol>
      <symbol id="sm-a71">
         <name>remove</name>
         <value>0x20007d11</value>
      </symbol>
   </symbol_table>
   <title>Link successful</title>
</link_info>
